64.0 APEX_CODE,FINEST;APEX_PROFILING,FINEST;CALLOUT,FINEST;DATA_ACCESS,INFO;DB,FINEST;NBA,FINE;SYSTEM,FINE;VALIDATION,INFO;VISUALFORCE,FINER;WAVE,FINEST;WORKFLOW,FINER
12:22:22.0 (702631)|USER_INFO|[EXTERNAL]|005WC00000MgTN2|liam.jeong.c@fortra.com.uat|(GMT-07:00) Pacific Daylight Time (America/Los_Angeles)|GMT-07:00
12:22:24.271 (2271768163)|FLOW_CREATE_INTERVIEW_BEGIN|00DWC000006eUFF|300WC00000N6tXd|
12:22:24.271 (2272694218)|FLOW_CREATE_INTERVIEW_END|755732f13ae14b370f287fb01fee19f4854327-5bd9|Fortra Quote Reprice
12:22:24.274 (2274134370)|USER_INFO|[EXTERNAL]|005WC00000MgTN2|liam.jeong.c@fortra.com.uat|(GMT-07:00) Pacific Daylight Time (America/Los_Angeles)|GMT-07:00
12:22:24.274 (2274183948)|FLOW_START_INTERVIEWS_BEGIN|1
12:22:24.274 (2274236977)|FLOW_START_INTERVIEW_BEGIN|755732f13ae14b370f287fb01fee19f4854327-5bd9|Fortra Quote Reprice
12:22:24.274 (2274282087)|FLOW_START_INTERVIEW_LIMIT_USAGE|SOQL queries: 0 out of 100
12:22:24.274 (2274334701)|FLOW_START_INTERVIEW_LIMIT_USAGE|SOQL query rows: 0 out of 50000
12:22:24.274 (2274339540)|FLOW_START_INTERVIEW_LIMIT_USAGE|SOSL queries: 0 out of 20
12:22:24.274 (2274344411)|FLOW_START_INTERVIEW_LIMIT_USAGE|DML statements: 0 out of 150
12:22:24.274 (2274348624)|FLOW_START_INTERVIEW_LIMIT_USAGE|DML rows: 0 out of 10000
12:22:24.274 (2274353299)|FLOW_START_INTERVIEW_LIMIT_USAGE|CPU time in ms: 2 out of 15000
12:22:24.274 (2274379400)|FLOW_START_INTERVIEW_LIMIT_USAGE|Heap size in bytes: 0 out of 6000000
12:22:24.274 (2274384600)|FLOW_START_INTERVIEW_LIMIT_USAGE|Callouts: 0 out of 100
12:22:24.274 (2274389405)|FLOW_START_INTERVIEW_LIMIT_USAGE|Email invocations: 0 out of 10
12:22:24.274 (2274393999)|FLOW_START_INTERVIEW_LIMIT_USAGE|Future calls: 0 out of 50
12:22:24.274 (2274398441)|FLOW_START_INTERVIEW_LIMIT_USAGE|Jobs in queue: 0 out of 50
12:22:24.274 (2274402786)|FLOW_START_INTERVIEW_LIMIT_USAGE|Push notifications: 0 out of 10
12:22:24.274 (2274508168)|FLOW_VALUE_ASSIGNMENT|755732f13ae14b370f287fb01fee19f4854327-5bd9|QuoteId|0Q0WC000003JaVt0AK
12:22:24.274 (2274650168)|FLOW_ELEMENT_BEGIN|755732f13ae14b370f287fb01fee19f4854327-5bd9|FlowActionCall|Build_Context
12:22:24.274 (2274679410)|FLOW_ELEMENT_DEFERRED|FlowActionCall|Build_Context
12:22:24.274 (2274721126)|FLOW_ELEMENT_END|755732f13ae14b370f287fb01fee19f4854327-5bd9|FlowActionCall|Build_Context
12:22:24.274 (2288723939)|FLOW_START_INTERVIEW_END|755732f13ae14b370f287fb01fee19f4854327-5bd9|Fortra Quote Reprice
12:22:24.274 (2288786060)|FLOW_BULK_ELEMENT_BEGIN|FlowActionCall|Build_Context
12:22:24.274 (2320364071)|LIMIT_USAGE|[EXTERNAL]|CALLOUT|1|100
12:22:24.274 (2321468848)|FLOW_ACTIONCALL_DETAIL|755732f13ae14b370f287fb01fee19f4854327-5bd9|Build_Context|Build Context|buildContext|true|
12:22:24.274 (2321569054)|FLOW_VALUE_ASSIGNMENT|755732f13ae14b370f287fb01fee19f4854327-5bd9|Build_Context|true
12:22:24.274 (2321574116)|FLOW_VALUE_ASSIGNMENT|755732f13ae14b370f287fb01fee19f4854327-5bd9|ContextInstanceId|0000000s272q18g002517836249447701df46132ea3f42fca04951619c1fe79b
12:22:24.274 (2321654670)|FLOW_ACTIONCALL_DETAIL|755732f13ae14b370f287fb01fee19f4854327-5bd9|Build_Context|Build Context|buildContext|true|
12:22:24.274 (2321878664)|FLOW_BULK_ELEMENT_LIMIT_USAGE|30 ms CPU time, total 32 out of 15000
12:22:24.274 (2321893849)|FLOW_BULK_ELEMENT_LIMIT_USAGE|1 callouts, total 1 out of 100
12:22:24.274 (2321906832)|FLOW_BULK_ELEMENT_END|FlowActionCall|Build_Context|0|32
12:22:24.274 (2321998973)|FLOW_ELEMENT_BEGIN|755732f13ae14b370f287fb01fee19f4854327-5bd9|FlowActionCall|Apply_Renewal_Maintenance_Net
12:22:24.274 (2322016322)|FLOW_ELEMENT_DEFERRED|FlowActionCall|Apply_Renewal_Maintenance_Net
12:22:24.274 (2322035532)|FLOW_ELEMENT_LIMIT_USAGE|1 ms CPU time, total 33 out of 15000
12:22:24.274 (2322041654)|FLOW_ELEMENT_END|755732f13ae14b370f287fb01fee19f4854327-5bd9|FlowActionCall|Apply_Renewal_Maintenance_Net
12:22:24.274 (2322072242)|FLOW_BULK_ELEMENT_BEGIN|FlowActionCall|Apply_Renewal_Maintenance_Net
12:22:24.475 (2475748163)|CODE_UNIT_STARTED|[EXTERNAL]|01pWC000002WYBt|RenewalMaintenancePricingService.applyRenewalMaintenanceNetPrices(List<RenewalMaintenancePricingService.RepriceRequest>)
12:22:24.475 (2476176535)|HEAP_ALLOCATE|[95]|Bytes:3
12:22:24.475 (2476252995)|HEAP_ALLOCATE|[100]|Bytes:152
12:22:24.475 (2476274930)|HEAP_ALLOCATE|[417]|Bytes:408
12:22:24.475 (2476285577)|HEAP_ALLOCATE|[430]|Bytes:408
12:22:24.475 (2476318439)|HEAP_ALLOCATE|[317]|Bytes:6
12:22:24.475 (2476351069)|HEAP_ALLOCATE|[EXTERNAL]|Bytes:16
12:22:24.475 (2476385530)|VARIABLE_SCOPE_BEGIN|[22]|this|RenewalMaintenancePricingService.RepriceRequest|true|false
12:22:24.475 (2476535037)|VARIABLE_ASSIGNMENT|[22]|this|{}|0x6fe70056
12:22:24.475 (2476566980)|HEAP_ALLOCATE|[68]|Bytes:5
12:22:24.475 (2476594725)|HEAP_ALLOCATE|[74]|Bytes:5
12:22:24.475 (2476600403)|HEAP_ALLOCATE|[82]|Bytes:7
12:22:24.475 (2478224085)|SYSTEM_MODE_ENTER|false
12:22:24.475 (2478268747)|HEAP_ALLOCATE|[EXTERNAL]|Bytes:5
12:22:24.475 (2478297890)|HEAP_ALLOCATE|[EXTERNAL]|Bytes:6
12:22:24.475 (2478368560)|SYSTEM_MODE_EXIT|false
12:22:24.475 (2478383982)|STATEMENT_EXECUTE|[22]
12:22:24.475 (2478394954)|SYSTEM_MODE_ENTER|false
12:22:24.475 (2478398520)|HEAP_ALLOCATE|[EXTERNAL]|Bytes:5
12:22:24.475 (2478405899)|STATEMENT_EXECUTE|[24]
12:22:24.475 (2478407520)|STATEMENT_EXECUTE|[27]
12:22:24.475 (2478408652)|STATEMENT_EXECUTE|[30]
12:22:24.475 (2478410616)|SYSTEM_MODE_EXIT|false
12:22:24.475 (2478496479)|HEAP_ALLOCATE|[EXTERNAL]|Bytes:18
12:22:24.475 (2478500289)|HEAP_ALLOCATE|[EXTERNAL]|Bytes:16
12:22:24.475 (2478527664)|VARIABLE_ASSIGNMENT|[EXTERNAL]|this.quoteId|"0Q0WC000003JaVt0AK"|0x6fe70056
12:22:24.475 (2478538338)|HEAP_ALLOCATE|[EXTERNAL]|Bytes:64
12:22:24.475 (2478540620)|HEAP_ALLOCATE|[EXTERNAL]|Bytes:16
12:22:24.475 (2478546941)|VARIABLE_ASSIGNMENT|[EXTERNAL]|this.contextInstanceId|"0000000s272q18g00251 (44 more) ..."|0x6fe70056
12:22:24.475 (2478555380)|HEAP_ALLOCATE|[EXTERNAL]|Bytes:8
12:22:24.475 (2478639260)|VARIABLE_SCOPE_BEGIN|[7]|RenewalMaintenancePricingService.CONTEXT_DEFINITION_NAME|String|false|true
12:22:24.475 (2478646059)|VARIABLE_SCOPE_BEGIN|[20]|RenewalMaintenancePricingService.testContextIdOverride|String|false|true
12:22:24.475 (2478658784)|VARIABLE_SCOPE_BEGIN|[18]|RenewalMaintenancePricingService.testQueryTagsResponse|Map<String,ANY>|true|true
12:22:24.475 (2478693186)|HEAP_ALLOCATE|[EXTERNAL]|Bytes:28
12:22:24.475 (2478697985)|HEAP_ALLOCATE|[EXTERNAL]|Bytes:65
12:22:24.475 (2478701101)|HEAP_ALLOCATE|[EXTERNAL]|Bytes:23
12:22:24.475 (2478703846)|HEAP_ALLOCATE|[EXTERNAL]|Bytes:29
12:22:24.475 (2478721236)|VARIABLE_ASSIGNMENT|[EXTERNAL]|RenewalMaintenancePricingService.CONTEXT_DEFINITION_NAME|"SalesTransactionCont (9 more) ..."
12:22:24.475 (2478736202)|METHOD_ENTRY|[5]|01pWC000002WYBt|RenewalMaintenancePricingService.RenewalMaintenancePricingService()
12:22:24.475 (2478740879)|STATEMENT_EXECUTE|[5]
12:22:24.475 (2478744220)|STATEMENT_EXECUTE|[5]
12:22:24.475 (2478747857)|SYSTEM_MODE_ENTER|false
12:22:24.475 (2478751460)|HEAP_ALLOCATE|[EXTERNAL]|Bytes:5
12:22:24.475 (2478754156)|STATEMENT_EXECUTE|[22]
12:22:24.475 (2478755438)|STATEMENT_EXECUTE|[33]
12:22:24.475 (2478757680)|SYSTEM_MODE_EXIT|false
12:22:24.475 (2478767445)|METHOD_EXIT|[5]|RenewalMaintenancePricingService
12:22:24.475 (2478821184)|HEAP_ALLOCATE|[EXTERNAL]|Bytes:8
12:22:24.475 (2478827014)|VARIABLE_SCOPE_BEGIN|[103]|requests|List<RenewalMaintenancePricingService.RepriceRequest>|true|false
12:22:24.475 (2478865926)|VARIABLE_ASSIGNMENT|[103]|requests|[{"contextInstanceId":"0000000s272q18g00251 (44 more) ...","quoteId":"0Q0WC000003JaVt0AK"}]|0x7be22344
12:22:24.475 (2478876956)|SYSTEM_MODE_ENTER|false
12:22:24.475 (2478880315)|HEAP_ALLOCATE|[104]|Bytes:5
12:22:24.475 (2478884145)|STATEMENT_EXECUTE|[103]
12:22:24.475 (2478885476)|STATEMENT_EXECUTE|[104]
12:22:24.475 (2478896700)|HEAP_ALLOCATE|[104]|Bytes:4
12:22:24.475 (2478973255)|SYSTEM_CONSTRUCTOR_ENTRY|[104]|<init>()
12:22:24.475 (2479023511)|SYSTEM_CONSTRUCTOR_EXIT|[104]|<init>()
12:22:24.475 (2479027909)|VARIABLE_SCOPE_BEGIN|[104]|results|List<RenewalMaintenancePricingService.RepriceResult>|true|false
12:22:24.475 (2479046180)|HEAP_ALLOCATE|[EXTERNAL]|Bytes:4
12:22:24.475 (2479050719)|VARIABLE_ASSIGNMENT|[104]|results|[]|0x7b5204c2
12:22:24.475 (2479086755)|SYSTEM_METHOD_ENTRY|[105]|List<RenewalMaintenancePricingService.RepriceRequest>.isEmpty()
12:22:24.475 (2479106400)|SYSTEM_METHOD_EXIT|[105]|List<RenewalMaintenancePricingService.RepriceRequest>.isEmpty()
12:22:24.475 (2479118708)|STATEMENT_EXECUTE|[105]
12:22:24.475 (2479123749)|SYSTEM_METHOD_ENTRY|[109]|List<RenewalMaintenancePricingService.RepriceRequest>.iterator()
12:22:24.475 (2479272640)|SYSTEM_METHOD_EXIT|[109]|List<RenewalMaintenancePricingService.RepriceRequest>.iterator()
12:22:24.475 (2479291937)|SYSTEM_METHOD_ENTRY|[109]|system.ListIterator.hasNext()
12:22:24.475 (2479298907)|HEAP_ALLOCATE|[109]|Bytes:5
12:22:24.475 (2479306486)|SYSTEM_METHOD_EXIT|[109]|system.ListIterator.hasNext()
12:22:24.475 (2479317325)|HEAP_ALLOCATE|[109]|Bytes:16
12:22:24.475 (2479324326)|VARIABLE_SCOPE_BEGIN|[109]|request|RenewalMaintenancePricingService.RepriceRequest|true|false
12:22:24.475 (2479344866)|VARIABLE_ASSIGNMENT|[109]|request|{"contextInstanceId":"0000000s272q18g00251 (44 more) ...","quoteId":"0Q0WC000003JaVt0AK"}|0x6fe70056
12:22:24.475 (2479350347)|STATEMENT_EXECUTE|[109]
12:22:24.475 (2479351514)|STATEMENT_EXECUTE|[110]
12:22:24.475 (2479367535)|HEAP_ALLOCATE|[110]|Bytes:8
12:22:24.475 (2479383045)|CONSTRUCTOR_ENTRY|[110]|01pWC000002WYBt|<init>()|RenewalMaintenancePricingService.RepriceResult
12:22:24.475 (2479398532)|VARIABLE_SCOPE_BEGIN|[33]|this|RenewalMaintenancePricingService.RepriceResult|true|false
12:22:24.475 (2479411903)|VARIABLE_ASSIGNMENT|[33]|this|{}|0x3a4ecf4
12:22:24.475 (2479419059)|HEAP_ALLOCATE|[EXTERNAL]|Bytes:5
12:22:24.475 (2479434417)|STATEMENT_EXECUTE|[33]
12:22:24.475 (2479436912)|HEAP_ALLOCATE|[EXTERNAL]|Bytes:5
12:22:24.475 (2479439502)|STATEMENT_EXECUTE|[35]
12:22:24.475 (2479442789)|CONSTRUCTOR_EXIT|[110]|01pWC000002WYBt|<init>()|RenewalMaintenancePricingService.RepriceResult
12:22:24.475 (2479447208)|VARIABLE_SCOPE_BEGIN|[110]|result|RenewalMaintenancePricingService.RepriceResult|true|false
12:22:24.475 (2479456394)|VARIABLE_ASSIGNMENT|[110]|result|{}|0x3a4ecf4
12:22:24.475 (2479460120)|STATEMENT_EXECUTE|[111]
12:22:24.475 (2479465584)|HEAP_ALLOCATE|[111]|Bytes:5
12:22:24.475 (2479473994)|VARIABLE_ASSIGNMENT|[111]|this.colaOnlyPersistComplete|false|0x3a4ecf4
12:22:24.475 (2479523577)|SYSTEM_METHOD_ENTRY|[113]|String.isBlank(String)
12:22:24.475 (2479546035)|SYSTEM_METHOD_EXIT|[113]|String.isBlank(String)
12:22:24.475 (2479549975)|STATEMENT_EXECUTE|[113]
12:22:24.475 (2479551294)|STATEMENT_EXECUTE|[118]
12:22:24.475 (2479561674)|SYSTEM_METHOD_ENTRY|[118]|Id.valueOf(String)
12:22:24.475 (2479576192)|HEAP_ALLOCATE|[118]|Bytes:4
12:22:24.475 (2479581150)|SYSTEM_METHOD_EXIT|[118]|Id.valueOf(String)
12:22:24.475 (2479584113)|VARIABLE_SCOPE_BEGIN|[118]|quoteId|Id|false|false
12:22:24.475 (2479852092)|VARIABLE_ASSIGNMENT|[118]|quoteId|"0Q0WC000003JaVt0AK"
12:22:24.475 (2479857875)|STATEMENT_EXECUTE|[119]
12:22:24.475 (2479858946)|STATEMENT_EXECUTE|[119]
12:22:24.475 (2479873676)|SYSTEM_METHOD_ENTRY|[120]|String.isNotBlank(String)
12:22:24.475 (2479887852)|SYSTEM_METHOD_EXIT|[120]|String.isNotBlank(String)
12:22:24.475 (2479891109)|STATEMENT_EXECUTE|[120]
12:22:24.475 (2479895474)|STATEMENT_EXECUTE|[123]
12:22:24.475 (2479896718)|STATEMENT_EXECUTE|[124]
12:22:24.475 (2479911013)|METHOD_ENTRY|[124]|01pWC000002WYBt|RenewalMaintenancePricingService.applyToContext(Id, String)
12:22:24.475 (2479926378)|VARIABLE_SCOPE_BEGIN|[178]|quoteId|Id|false|false
12:22:24.475 (2479972973)|VARIABLE_ASSIGNMENT|[178]|quoteId|"0Q0WC000003JaVt0AK"
12:22:24.475 (2479976988)|VARIABLE_SCOPE_BEGIN|[178]|contextInstanceId|String|false|false
12:22:24.475 (2479984625)|VARIABLE_ASSIGNMENT|[178]|contextInstanceId|"0000000s272q18g00251 (44 more) ..."
12:22:24.475 (2479996385)|HEAP_ALLOCATE|[179]|Bytes:5
12:22:24.475 (2479999858)|STATEMENT_EXECUTE|[178]
12:22:24.475 (2480001018)|STATEMENT_EXECUTE|[179]
12:22:24.475 (2480009622)|METHOD_ENTRY|[179]|01pWC000002WYBt|RenewalMaintenancePricingService.queryRenewalMaintenanceCandidates(Id)
12:22:24.475 (2480120671)|VARIABLE_SCOPE_BEGIN|[334]|quoteId|Id|false|false
12:22:24.475 (2480151288)|VARIABLE_ASSIGNMENT|[334]|quoteId|"0Q0WC000003JaVt0AK"
12:22:24.475 (2480158310)|HEAP_ALLOCATE|[335]|Bytes:5
12:22:24.475 (2480161237)|STATEMENT_EXECUTE|[334]
12:22:24.475 (2480162624)|STATEMENT_EXECUTE|[335]
12:22:24.475 (2480166635)|HEAP_ALLOCATE|[335]|Bytes:294
12:22:24.475 (2480187261)|HEAP_ALLOCATE|[335]|Bytes:4
12:22:24.475 (2480199039)|HEAP_ALLOCATE|[335]|Bytes:7
12:22:24.475 (2488893938)|SOQL_EXECUTE_BEGIN|[335]|Aggregations:0|SELECT Id, QuoteId, Base_Price__c, Prior_Partner_Discount__c, Prior_Discretionary_Discount__c, PartnerDiscountPercent, Discount, COLA_Uplift_Percent__c, Quantity, NetUnitPrice FROM QuoteLineItem WHERE (QuoteId = :tmpVar1 AND Fortra_Product_Type__c = 'Renewal Maintenance' AND Base_Price__c > 0)
12:22:24.475 (2488928655)|LIMIT_USAGE|[335]|SOQL|1|100
12:22:24.475 (2488934370)|LIMIT_USAGE|[335]|AGGS|0|300
12:22:24.475 (2508009532)|SOQL_EXECUTE_EXPLAIN|[335]|Index on QuoteLineItem : [QuoteId], cardinality: 0, sobjectCardinality: 1224134, relativeCost 0
12:22:24.475 (2508033877)|SOQL_EXECUTE_END|[335]|Rows:0
12:22:24.475 (2508058104)|LIMIT_USAGE|[335]|SOQL_ROWS|0|50000
12:22:24.475 (2508074773)|HEAP_ALLOCATE|[335]|Bytes:4
12:22:24.475 (2508091076)|HEAP_ALLOCATE|[335]|Bytes:0
12:22:24.475 (2508174825)|HEAP_ALLOCATE|[335]|Bytes:4
12:22:24.475 (2508214641)|METHOD_EXIT|[179]|01pWC000002WYBt|RenewalMaintenancePricingService.queryRenewalMaintenanceCandidates(Id)
12:22:24.475 (2508246998)|METHOD_ENTRY|[179]|01pWC000002WYBt|RenewalMaintenancePricingService.filterLinesNeedingColaNet(List<QuoteLineItem>)
12:22:24.475 (2508258291)|VARIABLE_SCOPE_BEGIN|[346]|lines|List<QuoteLineItem>|true|false
12:22:24.475 (2508278008)|VARIABLE_ASSIGNMENT|[346]|lines|[]|0xfbfd158
12:22:24.475 (2508299235)|HEAP_ALLOCATE|[347]|Bytes:5
12:22:24.475 (2508303593)|STATEMENT_EXECUTE|[346]
12:22:24.475 (2508304670)|STATEMENT_EXECUTE|[347]
12:22:24.475 (2508314999)|HEAP_ALLOCATE|[347]|Bytes:4
12:22:24.475 (2508367489)|SYSTEM_CONSTRUCTOR_ENTRY|[347]|<init>()
12:22:24.475 (2508394846)|SYSTEM_CONSTRUCTOR_EXIT|[347]|<init>()
12:22:24.475 (2508399399)|VARIABLE_SCOPE_BEGIN|[347]|results|List<QuoteLineItem>|true|false
12:22:24.475 (2508409075)|HEAP_ALLOCATE|[EXTERNAL]|Bytes:4
12:22:24.475 (2508414597)|VARIABLE_ASSIGNMENT|[347]|results|[]|0x61499dc9
12:22:24.475 (2508426582)|SYSTEM_METHOD_ENTRY|[348]|List<QuoteLineItem>.isEmpty()
12:22:24.475 (2508443691)|SYSTEM_METHOD_EXIT|[348]|List<QuoteLineItem>.isEmpty()
12:22:24.475 (2508450913)|STATEMENT_EXECUTE|[348]
12:22:24.475 (2508451624)|STATEMENT_EXECUTE|[349]
12:22:24.475 (2508456118)|METHOD_EXIT|[179]|01pWC000002WYBt|RenewalMaintenancePricingService.filterLinesNeedingColaNet(List<QuoteLineItem>)
12:22:24.475 (2508458686)|VARIABLE_SCOPE_BEGIN|[179]|candidates|List<QuoteLineItem>|true|false
12:22:24.475 (2508463551)|VARIABLE_ASSIGNMENT|[179]|candidates|[]|0x61499dc9
12:22:24.475 (2508467452)|SYSTEM_METHOD_ENTRY|[181]|List<QuoteLineItem>.isEmpty()
12:22:24.475 (2508471384)|SYSTEM_METHOD_EXIT|[181]|List<QuoteLineItem>.isEmpty()
12:22:24.475 (2508473897)|STATEMENT_EXECUTE|[181]
12:22:24.475 (2508474591)|STATEMENT_EXECUTE|[182]
12:22:24.475 (2508480647)|METHOD_EXIT|[124]|01pWC000002WYBt|RenewalMaintenancePricingService.applyToContext(Id, String)
12:22:24.475 (2508484960)|STATEMENT_EXECUTE|[133]
12:22:24.475 (2508509122)|SYSTEM_METHOD_ENTRY|[133]|List<RenewalMaintenancePricingService.RepriceResult>.add(Object)
12:22:24.475 (2508522453)|HEAP_ALLOCATE|[EXTERNAL]|Bytes:4
12:22:24.475 (2508526394)|SYSTEM_METHOD_EXIT|[133]|List<RenewalMaintenancePricingService.RepriceResult>.add(Object)
12:22:24.475 (2508535859)|SYSTEM_METHOD_ENTRY|[109]|system.ListIterator.hasNext()
12:22:24.475 (2508543324)|HEAP_ALLOCATE|[109]|Bytes:5
12:22:24.475 (2508548945)|SYSTEM_METHOD_EXIT|[109]|system.ListIterator.hasNext()
12:22:24.475 (2508557270)|VARIABLE_ASSIGNMENT|[109]|request|null|
12:22:24.475 (2508560208)|STATEMENT_EXECUTE|[136]
12:22:24.475 (2508563480)|SYSTEM_MODE_EXIT|false
12:22:24.508 (2508630937)|CUMULATIVE_LIMIT_USAGE
12:22:24.508 (2508630937)|LIMIT_USAGE_FOR_NS|(default)|
  Number of SOQL queries: 1 out of 100
  Number of query rows: 0 out of 50000
  Number of SOSL queries: 0 out of 20
  Number of DML statements: 0 out of 150
  Number of Publish Immediate DML: 0 out of 150
  Number of DML rows: 0 out of 10000
  Maximum CPU time: 33 out of 10000
  Maximum heap size: 0 out of 6000000
  Number of callouts: 1 out of 100
  Number of Email Invocations: 0 out of 10
  Number of future calls: 0 out of 50
  Number of queueable jobs added to the queue: 0 out of 50
  Number of Mobile Apex push calls: 0 out of 10

12:22:24.508 (2508630937)|TOTAL_EMAIL_RECIPIENTS_QUEUED|0
12:22:24.508 (2508630937)|STATIC_VARIABLE_LIST|
  int:BYTES:0
  int:BYTES:0
  byte[]:DigitOnes:0
  byte[]:DigitTens:0
  Boolean:FALSE:0
  int:MAX_EXPONENT:0
  double:MAX_VALUE:0
  int:MAX_VALUE:0
  int:MIN_EXPONENT:0
  double:MIN_NORMAL:0
  double:MIN_VALUE:0
  int:MIN_VALUE:0
  double:NEGATIVE_INFINITY:0
  double:NaN:0
  double:POSITIVE_INFINITY:0
  int:PRECISION:0
  int:SIZE:0
  int:SIZE:0
  Boolean:TRUE:0
  String:__sfdcInnerTypes:0
  String:_sfdcAdditionalCodeLocations:0
  String:_sfdcAdditionalCodeLocations:0
  String:_sfdcSuppressedCodeLocations:0
  String:_static_CONTEXT_DEFINITION_NAME:0
  char[]:digits:0
  long:serialVersionUID:0
  long:serialVersionUID:0
  long:serialVersionUID:0

12:22:24.508 (2508630937)|CUMULATIVE_LIMIT_USAGE_END

12:22:24.475 (2508758864)|CODE_UNIT_FINISHED|RenewalMaintenancePricingService.applyRenewalMaintenanceNetPrices(List<RenewalMaintenancePricingService.RepriceRequest>)
12:22:24.274 (2509398480)|FLOW_ACTIONCALL_DETAIL|755732f13ae14b370f287fb01fee19f4854327-5bd9|Apply_Renewal_Maintenance_Net|Apex|RenewalMaintenancePricingService|true|
12:22:24.274 (2509459317)|FLOW_VALUE_ASSIGNMENT|755732f13ae14b370f287fb01fee19f4854327-5bd9|ColaOnlyPersistComplete|false
12:22:24.274 (2509463848)|FLOW_VALUE_ASSIGNMENT|755732f13ae14b370f287fb01fee19f4854327-5bd9|Apply_Renewal_Maintenance_Net|true
12:22:24.274 (2509523323)|FLOW_ACTIONCALL_DETAIL|755732f13ae14b370f287fb01fee19f4854327-5bd9|Apply_Renewal_Maintenance_Net|Apex|RenewalMaintenancePricingService|true|
12:22:24.274 (2509712545)|FLOW_BULK_ELEMENT_LIMIT_USAGE|1 SOQL queries, total 1 out of 100
12:22:24.274 (2509721154)|FLOW_BULK_ELEMENT_LIMIT_USAGE|79 ms CPU time, total 112 out of 15000
12:22:24.274 (2509753089)|FLOW_BULK_ELEMENT_LIMIT_USAGE|1141 bytes heap size, total 1141 out of 6000000
12:22:24.274 (2509761108)|FLOW_BULK_ELEMENT_END|FlowActionCall|Apply_Renewal_Maintenance_Net|0|6
12:22:24.274 (2509842760)|FLOW_ELEMENT_BEGIN|755732f13ae14b370f287fb01fee19f4854327-5bd9|FlowDecision|Cola_Only_Persisted
12:22:24.274 (2509920470)|FLOW_RULE_DETAIL|755732f13ae14b370f287fb01fee19f4854327-5bd9|Cola_Only_Complete|false|false
12:22:24.274 (2509943249)|FLOW_VALUE_ASSIGNMENT|755732f13ae14b370f287fb01fee19f4854327-5bd9|Cola_Only_Complete|false
12:22:24.274 (2509972152)|FLOW_ELEMENT_END|755732f13ae14b370f287fb01fee19f4854327-5bd9|FlowDecision|Cola_Only_Persisted
12:22:24.274 (2509988273)|FLOW_ELEMENT_BEGIN|755732f13ae14b370f287fb01fee19f4854327-5bd9|FlowActionCall|Run_Pricing
12:22:24.274 (2509999126)|FLOW_ELEMENT_DEFERRED|FlowActionCall|Run_Pricing
12:22:24.274 (2510008625)|FLOW_ELEMENT_END|755732f13ae14b370f287fb01fee19f4854327-5bd9|FlowActionCall|Run_Pricing
12:22:24.274 (2510034783)|FLOW_BULK_ELEMENT_BEGIN|FlowActionCall|Run_Pricing
12:22:24.555 (2555475131)|CODE_UNIT_STARTED|[EXTERNAL]|industries.pricing.rulesengine.runtime.processtype.DefaultPricingProcessTypeHandler
12:22:24.555 (2785725122)|CODE_UNIT_FINISHED|industries.pricing.rulesengine.runtime.processtype.DefaultPricingProcessTypeHandler
12:22:24.274 (2796571440)|FLOW_ACTIONCALL_DETAIL|755732f13ae14b370f287fb01fee19f4854327-5bd9|Run_Pricing|Salesforce Pricing|runSalesforcePricing|true|
12:22:24.274 (2796620648)|FLOW_VALUE_ASSIGNMENT|755732f13ae14b370f287fb01fee19f4854327-5bd9|Run_Pricing|true
12:22:24.274 (2796661273)|FLOW_ACTIONCALL_DETAIL|755732f13ae14b370f287fb01fee19f4854327-5bd9|Run_Pricing|Salesforce Pricing|runSalesforcePricing|true|
12:22:24.274 (2796837385)|FLOW_BULK_ELEMENT_LIMIT_USAGE|270 ms CPU time, total 382 out of 15000
12:22:24.274 (2796871451)|FLOW_BULK_ELEMENT_END|FlowActionCall|Run_Pricing|0|286
12:22:24.274 (2796984075)|FLOW_ELEMENT_BEGIN|755732f13ae14b370f287fb01fee19f4854327-5bd9|FlowActionCall|Apply_Partner_Net_Posthook
12:22:24.274 (2796999407)|FLOW_ELEMENT_DEFERRED|FlowActionCall|Apply_Partner_Net_Posthook
12:22:24.274 (2797016317)|FLOW_ELEMENT_END|755732f13ae14b370f287fb01fee19f4854327-5bd9|FlowActionCall|Apply_Partner_Net_Posthook
12:22:24.274 (2797039782)|FLOW_BULK_ELEMENT_BEGIN|FlowActionCall|Apply_Partner_Net_Posthook
12:22:24.885 (2885620189)|CODE_UNIT_STARTED|[EXTERNAL]|01pWC000002VmiL|PartnerNetPricePosthook.applyPostPricingNetPrices(List<PartnerNetPricePosthook.PostPricingContextRequest>)
12:22:24.885 (2885793365)|HEAP_ALLOCATE|[EXTERNAL]|Bytes:12
12:22:24.885 (2885811609)|VARIABLE_SCOPE_BEGIN|[1940]|this|PartnerNetPricePosthook.PostPricingContextRequest|true|false
12:22:24.885 (2885936936)|VARIABLE_ASSIGNMENT|[1940]|this|{}|0x1dba6511
12:22:24.885 (2886002691)|STATEMENT_EXECUTE|[1940]
12:22:24.885 (2886005159)|STATEMENT_EXECUTE|[1942]
12:22:24.885 (2886007093)|STATEMENT_EXECUTE|[1948]
12:22:24.885 (2886064615)|HEAP_ALLOCATE|[EXTERNAL]|Bytes:18
12:22:24.885 (2886069785)|HEAP_ALLOCATE|[EXTERNAL]|Bytes:12
12:22:24.885 (2886085860)|VARIABLE_ASSIGNMENT|[EXTERNAL]|this.quoteId|"0Q0WC000003JaVt0AK"|0x1dba6511
12:22:24.885 (2886096558)|HEAP_ALLOCATE|[EXTERNAL]|Bytes:64
12:22:24.885 (2886098645)|HEAP_ALLOCATE|[EXTERNAL]|Bytes:12
12:22:24.885 (2886104916)|VARIABLE_ASSIGNMENT|[EXTERNAL]|this.contextInstanceId|"0000000s272q18g00251 (44 more) ..."|0x1dba6511
12:22:24.885 (2886113063)|HEAP_ALLOCATE|[EXTERNAL]|Bytes:8
12:22:24.885 (2886190464)|VARIABLE_SCOPE_BEGIN|[30]|PartnerNetPricePosthook.CONTEXT_DEFINITION_NAME|String|false|true
12:22:24.885 (2886197823)|VARIABLE_SCOPE_BEGIN|[29]|PartnerNetPricePosthook.MODEL_DISCOUNT|String|false|true
12:22:24.885 (2886202816)|VARIABLE_SCOPE_BEGIN|[28]|PartnerNetPricePosthook.MODEL_GUARANTEED_MARGIN|String|false|true
12:22:24.885 (2886207788)|VARIABLE_SCOPE_BEGIN|[26]|PartnerNetPricePosthook.PARTNER_SOURCE_PROCEDURE|String|false|true
12:22:24.885 (2886213654)|VARIABLE_SCOPE_BEGIN|[32]|PartnerNetPricePosthook.isProcessing|Boolean|false|true
12:22:24.885 (2886228264)|VARIABLE_SCOPE_BEGIN|[222]|PartnerNetPricePosthook.scheduledStampQuoteIds|Set<Id>|true|true
12:22:24.885 (2886341502)|HEAP_ALLOCATE|[EXTERNAL]|Bytes:107
12:22:24.885 (2886349166)|HEAP_ALLOCATE|[EXTERNAL]|Bytes:290
12:22:24.885 (2886352907)|HEAP_ALLOCATE|[EXTERNAL]|Bytes:64
12:22:24.885 (2886355492)|HEAP_ALLOCATE|[EXTERNAL]|Bytes:29
12:22:24.885 (2886366574)|VARIABLE_ASSIGNMENT|[EXTERNAL]|PartnerNetPricePosthook.CONTEXT_DEFINITION_NAME|"SalesTransactionCont (9 more) ..."
12:22:24.885 (2886370232)|HEAP_ALLOCATE|[EXTERNAL]|Bytes:8
12:22:24.885 (2886374390)|VARIABLE_ASSIGNMENT|[EXTERNAL]|PartnerNetPricePosthook.MODEL_DISCOUNT|"Discount"
12:22:24.885 (2886377094)|HEAP_ALLOCATE|[EXTERNAL]|Bytes:17
12:22:24.885 (2886381625)|VARIABLE_ASSIGNMENT|[EXTERNAL]|PartnerNetPricePosthook.MODEL_GUARANTEED_MARGIN|"Guaranteed Margin"
12:22:24.885 (2886384265)|HEAP_ALLOCATE|[EXTERNAL]|Bytes:29
12:22:24.885 (2886389437)|VARIABLE_ASSIGNMENT|[EXTERNAL]|PartnerNetPricePosthook.PARTNER_SOURCE_PROCEDURE|"System Calculated (P (9 more) ..."
12:22:24.885 (2886408021)|METHOD_ENTRY|[24]|01pWC000002VmiL|PartnerNetPricePosthook.PartnerNetPricePosthook()
12:22:24.885 (2886412915)|STATEMENT_EXECUTE|[24]
12:22:24.885 (2886418521)|STATEMENT_EXECUTE|[24]
12:22:24.885 (2886419459)|STATEMENT_EXECUTE|[32]
12:22:24.885 (2886438672)|HEAP_ALLOCATE|[32]|Bytes:5
12:22:24.885 (2886449045)|VARIABLE_ASSIGNMENT|[32]|PartnerNetPricePosthook.isProcessing|false
12:22:24.885 (2886451882)|STATEMENT_EXECUTE|[35]
12:22:24.885 (2886453099)|STATEMENT_EXECUTE|[49]
12:22:24.885 (2886454365)|STATEMENT_EXECUTE|[222]
12:22:24.885 (2886474975)|HEAP_ALLOCATE|[222]|Bytes:4
12:22:24.885 (2886510649)|SYSTEM_CONSTRUCTOR_ENTRY|[222]|<init>(Integer)
12:22:24.885 (2886543549)|SYSTEM_CONSTRUCTOR_EXIT|[222]|<init>(Integer)
12:22:24.885 (2886614621)|VARIABLE_ASSIGNMENT|[222]|PartnerNetPricePosthook.scheduledStampQuoteIds|[]|0x1aa1d543
12:22:24.885 (2886619477)|STATEMENT_EXECUTE|[1063]
12:22:24.885 (2886620504)|STATEMENT_EXECUTE|[1097]
12:22:24.885 (2886621502)|STATEMENT_EXECUTE|[1940]
12:22:24.885 (2886631052)|METHOD_EXIT|[24]|PartnerNetPricePosthook
12:22:24.885 (2886663467)|HEAP_ALLOCATE|[EXTERNAL]|Bytes:8
12:22:24.885 (2886671332)|VARIABLE_SCOPE_BEGIN|[1955]|requests|List<PartnerNetPricePosthook.PostPricingContextRequest>|true|false
12:22:24.885 (2886714904)|VARIABLE_ASSIGNMENT|[1955]|requests|[{"contextInstanceId":"0000000s272q18g00251 (44 more) ...","quoteId":"0Q0WC000003JaVt0AK"}]|0x191ef6ca
12:22:24.885 (2886726044)|STATEMENT_EXECUTE|[1955]
12:22:24.885 (2886727389)|STATEMENT_EXECUTE|[1956]
12:22:24.885 (2886739081)|HEAP_ALLOCATE|[1956]|Bytes:4
12:22:24.885 (2886751208)|SYSTEM_CONSTRUCTOR_ENTRY|[1956]|<init>()
12:22:24.885 (2886766937)|SYSTEM_CONSTRUCTOR_EXIT|[1956]|<init>()
12:22:24.885 (2886770851)|VARIABLE_SCOPE_BEGIN|[1956]|results|List<Integer>|true|false
12:22:24.885 (2886799382)|HEAP_ALLOCATE|[EXTERNAL]|Bytes:4
12:22:24.885 (2886805760)|VARIABLE_ASSIGNMENT|[1956]|results|[]|0x495ed63d
12:22:24.885 (2886877583)|SYSTEM_METHOD_ENTRY|[1957]|List<PartnerNetPricePosthook.PostPricingContextRequest>.isEmpty()
12:22:24.885 (2886996318)|SYSTEM_METHOD_EXIT|[1957]|List<PartnerNetPricePosthook.PostPricingContextRequest>.isEmpty()
12:22:24.885 (2887015773)|STATEMENT_EXECUTE|[1957]
12:22:24.885 (2887026993)|SYSTEM_METHOD_ENTRY|[1961]|List<PartnerNetPricePosthook.PostPricingContextRequest>.iterator()
12:22:24.885 (2887148394)|SYSTEM_METHOD_EXIT|[1961]|List<PartnerNetPricePosthook.PostPricingContextRequest>.iterator()
12:22:24.885 (2887175668)|SYSTEM_METHOD_ENTRY|[1961]|system.ListIterator.hasNext()
12:22:24.885 (2887195480)|HEAP_ALLOCATE|[1961]|Bytes:5
12:22:24.885 (2887205046)|SYSTEM_METHOD_EXIT|[1961]|system.ListIterator.hasNext()
12:22:24.885 (2887216540)|HEAP_ALLOCATE|[1961]|Bytes:12
12:22:24.885 (2887226694)|VARIABLE_SCOPE_BEGIN|[1961]|request|PartnerNetPricePosthook.PostPricingContextRequest|true|false
12:22:24.885 (2887267023)|VARIABLE_ASSIGNMENT|[1961]|request|{"contextInstanceId":"0000000s272q18g00251 (44 more) ...","quoteId":"0Q0WC000003JaVt0AK"}|0x1dba6511
12:22:24.885 (2887272683)|STATEMENT_EXECUTE|[1961]
12:22:24.885 (2887273939)|STATEMENT_EXECUTE|[1962]
12:22:24.885 (2887277823)|VARIABLE_SCOPE_BEGIN|[1962]|linesUpdated|Integer|false|false
12:22:24.885 (2887284538)|HEAP_ALLOCATE|[1962]|Bytes:4
12:22:24.885 (2887291833)|VARIABLE_ASSIGNMENT|[1962]|linesUpdated|0
12:22:24.885 (2887330515)|SYSTEM_METHOD_ENTRY|[1963]|String.isNotBlank(String)
12:22:24.885 (2887352750)|SYSTEM_METHOD_EXIT|[1963]|String.isNotBlank(String)
12:22:24.885 (2887357992)|STATEMENT_EXECUTE|[1963]
12:22:24.885 (2887358902)|STATEMENT_EXECUTE|[1964]
12:22:24.885 (2887365545)|HEAP_ALLOCATE|[1964]|Bytes:4
12:22:24.885 (2887381959)|CONSTRUCTOR_ENTRY|[1964]|01pWC000002VmiL|<init>()|PartnerNetPricePosthook
12:22:24.885 (2887406202)|VARIABLE_SCOPE_BEGIN|[24]|this|PartnerNetPricePosthook|true|false
12:22:24.885 (2887425835)|VARIABLE_ASSIGNMENT|[24]|this|{}|0x4f48ef2a
12:22:24.885 (2887447040)|STATEMENT_EXECUTE|[24]
12:22:24.885 (2887450798)|CONSTRUCTOR_EXIT|[1964]|01pWC000002VmiL|<init>()|PartnerNetPricePosthook
12:22:24.885 (2887470919)|METHOD_ENTRY|[1964]|01pWC000002VmiL|PartnerNetPricePosthook.applyPartnerNetPrices(String)
12:22:24.885 (2887475759)|VARIABLE_SCOPE_BEGIN|[139]|this|PartnerNetPricePosthook|true|false
12:22:24.885 (2887485915)|VARIABLE_ASSIGNMENT|[139]|this|{}|0x4f48ef2a
12:22:24.885 (2887490300)|VARIABLE_SCOPE_BEGIN|[139]|ctxInstanceId|String|false|false
12:22:24.885 (2887498736)|VARIABLE_ASSIGNMENT|[139]|ctxInstanceId|"0000000s272q18g00251 (44 more) ..."
12:22:24.885 (2887505780)|STATEMENT_EXECUTE|[139]
12:22:24.885 (2887506945)|STATEMENT_EXECUTE|[140]
12:22:24.885 (2887627385)|HEAP_ALLOCATE|[140]|Bytes:50
12:22:24.885 (2887642852)|SYSTEM_METHOD_ENTRY|[9]|IndustriesContext.IndustriesContext()
12:22:24.885 (2887645404)|STATEMENT_EXECUTE|[9]
12:22:24.885 (2887652295)|SYSTEM_METHOD_EXIT|[9]|IndustriesContext
12:22:24.885 (2887658427)|HEAP_ALLOCATE|[140]|Bytes:4
12:22:24.885 (2887668019)|SYSTEM_CONSTRUCTOR_ENTRY|[140]|<init>()
12:22:24.885 (2887695898)|SYSTEM_CONSTRUCTOR_EXIT|[140]|<init>()
12:22:24.885 (2887699920)|VARIABLE_SCOPE_BEGIN|[140]|ctx|Context.IndustriesContext|true|false
12:22:24.885 (2887738138)|VARIABLE_ASSIGNMENT|[140]|ctx|{}|0x44e531eb
12:22:24.885 (2887742223)|STATEMENT_EXECUTE|[141]
12:22:24.885 (2887758469)|METHOD_ENTRY|[141]|01pWC000002VmiL|PartnerNetPricePosthook.queryLineItems(Context.IndustriesContext, String)
12:22:24.885 (2887777322)|VARIABLE_SCOPE_BEGIN|[733]|this|PartnerNetPricePosthook|true|false
12:22:24.885 (2887788039)|VARIABLE_ASSIGNMENT|[733]|this|{}|0x4f48ef2a
12:22:24.885 (2887791726)|VARIABLE_SCOPE_BEGIN|[733]|ctx|Context.IndustriesContext|true|false
12:22:24.885 (2887799364)|VARIABLE_ASSIGNMENT|[733]|ctx|{}|0x44e531eb
12:22:24.885 (2887803933)|VARIABLE_SCOPE_BEGIN|[733]|ctxInstanceId|String|false|false
12:22:24.885 (2887813084)|VARIABLE_ASSIGNMENT|[733]|ctxInstanceId|"0000000s272q18g00251 (44 more) ..."
12:22:24.885 (2887818491)|STATEMENT_EXECUTE|[733]
12:22:24.885 (2887819621)|STATEMENT_EXECUTE|[734]
12:22:24.885 (2887820514)|STATEMENT_EXECUTE|[734]
12:22:24.885 (2887821838)|STATEMENT_EXECUTE|[735]
12:22:24.885 (2887840742)|HEAP_ALLOCATE|[735]|Bytes:4
12:22:24.885 (2887851675)|HEAP_ALLOCATE|[736]|Bytes:9
12:22:24.885 (2887879873)|SYSTEM_METHOD_ENTRY|[735]|Map<String,ANY>.put(Object, Object)
12:22:24.885 (2887902734)|SYSTEM_METHOD_EXIT|[735]|Map<String,ANY>.put(Object, Object)
12:22:24.885 (2887906720)|HEAP_ALLOCATE|[737]|Bytes:4
12:22:24.885 (2887919421)|HEAP_ALLOCATE|[737]|Bytes:4
12:22:24.885 (2887926697)|SYSTEM_CONSTRUCTOR_ENTRY|[737]|<init>()
12:22:24.885 (2887934977)|SYSTEM_CONSTRUCTOR_EXIT|[737]|<init>()
12:22:24.885 (2887938429)|HEAP_ALLOCATE|[737]|Bytes:20
12:22:24.885 (2887954275)|SYSTEM_METHOD_ENTRY|[735]|Map<String,ANY>.put(Object, Object)
12:22:24.885 (2887971579)|SYSTEM_METHOD_EXIT|[735]|Map<String,ANY>.put(Object, Object)
12:22:24.885 (2887976029)|VARIABLE_SCOPE_BEGIN|[735]|queryInput|Map<String,ANY>|true|false
12:22:24.885 (2888025317)|HEAP_ALLOCATE|[EXTERNAL]|Bytes:8
12:22:24.885 (2888097451)|VARIABLE_ASSIGNMENT|[735]|queryInput|{"contextId":"0000000s272q18g00251 (44 more) ...","tags":["SalesTransactionItem"]}|0x4825ed3f
12:22:24.885 (2888102836)|STATEMENT_EXECUTE|[739]
12:22:24.885 (2888123731)|METHOD_ENTRY|[739]||Context.IndustriesContext.queryTags(Map<String,ANY>)
12:22:24.885 (2898268718)|METHOD_EXIT|[739]||Context.IndustriesContext.queryTags(Map<String,ANY>)
12:22:24.885 (2898310475)|METHOD_ENTRY|[739]|01pWC000002VmiL|PartnerNetPricePosthook.parseLineItemApiResponse(Map<String,ANY>)
12:22:24.885 (2898321115)|VARIABLE_SCOPE_BEGIN|[747]|this|PartnerNetPricePosthook|true|false
12:22:24.885 (2898357173)|VARIABLE_ASSIGNMENT|[747]|this|{}|0x4f48ef2a
12:22:24.885 (2898360586)|VARIABLE_SCOPE_BEGIN|[747]|apiResponse|Map<String,ANY>|true|false
12:22:24.885 (2898382504)|VARIABLE_ASSIGNMENT|[747]|apiResponse|{"isDone":true,"isSuccess":true,"queryResult":{"SalesTransactionItem":[]}}|0x16208205
12:22:24.885 (2898389457)|STATEMENT_EXECUTE|[747]
12:22:24.885 (2898390533)|STATEMENT_EXECUTE|[748]
12:22:24.885 (2898404234)|HEAP_ALLOCATE|[748]|Bytes:4
12:22:24.885 (2898420008)|SYSTEM_CONSTRUCTOR_ENTRY|[748]|<init>()
12:22:24.885 (2898442547)|SYSTEM_CONSTRUCTOR_EXIT|[748]|<init>()
12:22:24.885 (2898445882)|VARIABLE_SCOPE_BEGIN|[748]|lineItems|List<Map<String,ANY>>|true|false
12:22:24.885 (2898463964)|HEAP_ALLOCATE|[EXTERNAL]|Bytes:4
12:22:24.885 (2898468100)|VARIABLE_ASSIGNMENT|[748]|lineItems|[]|0x5fbb35fe
12:22:24.885 (2898472651)|STATEMENT_EXECUTE|[750]
12:22:24.885 (2898473600)|STATEMENT_EXECUTE|[754]
12:22:24.885 (2898475627)|VARIABLE_SCOPE_BEGIN|[754]|queryResult|Map<String,ANY>|true|false
12:22:24.885 (2898480847)|VARIABLE_ASSIGNMENT|[754]|queryResult|null|
12:22:24.885 (2898487046)|HEAP_ALLOCATE|[755]|Bytes:11
12:22:24.885 (2898509462)|SYSTEM_METHOD_ENTRY|[755]|Map<String,ANY>.containsKey(Object)
12:22:24.885 (2898527483)|SYSTEM_METHOD_EXIT|[755]|Map<String,ANY>.containsKey(Object)
12:22:24.885 (2898533321)|STATEMENT_EXECUTE|[755]
12:22:24.885 (2898534017)|STATEMENT_EXECUTE|[756]
12:22:24.885 (2898537260)|SYSTEM_METHOD_ENTRY|[756]|Map<String,ANY>.get(Object)
12:22:24.885 (2898549143)|SYSTEM_METHOD_EXIT|[756]|Map<String,ANY>.get(Object)
12:22:24.885 (2898552117)|VARIABLE_SCOPE_BEGIN|[756]|qrObj|Object|false|false
12:22:24.885 (2898560473)|VARIABLE_ASSIGNMENT|[756]|qrObj|{"SalesTransactionItem":[]}
12:22:24.885 (2898563282)|HEAP_ALLOCATE|[757]|Bytes:68
12:22:24.885 (2898608283)|STATEMENT_EXECUTE|[757]
12:22:24.885 (2898609345)|STATEMENT_EXECUTE|[760]
12:22:24.885 (2898616657)|VARIABLE_ASSIGNMENT|[760]|queryResult|{"SalesTransactionItem":[]}|0x6227bb1c
12:22:24.885 (2898623688)|SYSTEM_METHOD_ENTRY|[767]|Map<String,ANY>.containsKey(Object)
12:22:24.885 (2898629359)|SYSTEM_METHOD_EXIT|[767]|Map<String,ANY>.containsKey(Object)
12:22:24.885 (2898631606)|STATEMENT_EXECUTE|[767]
12:22:24.885 (2898632405)|STATEMENT_EXECUTE|[771]
12:22:24.885 (2898636008)|SYSTEM_METHOD_ENTRY|[771]|Map<String,ANY>.get(Object)
12:22:24.885 (2898654817)|SYSTEM_METHOD_EXIT|[771]|Map<String,ANY>.get(Object)
12:22:24.885 (2898659074)|VARIABLE_SCOPE_BEGIN|[771]|itemsObj|Object|false|false
12:22:24.885 (2898668067)|VARIABLE_ASSIGNMENT|[771]|itemsObj|[]
12:22:24.885 (2898671447)|STATEMENT_EXECUTE|[772]
12:22:24.885 (2898672995)|HEAP_ALLOCATE|[772]|Bytes:50
12:22:24.885 (2898700913)|VARIABLE_SCOPE_BEGIN|[772]|rawLineItems|List<ANY>|true|false
12:22:24.885 (2898708433)|VARIABLE_ASSIGNMENT|[772]|rawLineItems|[]|0x70052df7
12:22:24.885 (2898722824)|SYSTEM_METHOD_ENTRY|[776]|List<String>.iterator()
12:22:24.885 (2898736764)|SYSTEM_METHOD_EXIT|[776]|List<String>.iterator()
12:22:24.885 (2898748530)|SYSTEM_METHOD_ENTRY|[776]|system.ListIterator.hasNext()
12:22:24.885 (2898764095)|HEAP_ALLOCATE|[776]|Bytes:5
12:22:24.885 (2898770172)|SYSTEM_METHOD_EXIT|[776]|system.ListIterator.hasNext()
12:22:24.885 (2898778845)|VARIABLE_ASSIGNMENT|[776]|rawItem|null
12:22:24.885 (2898783207)|STATEMENT_EXECUTE|[776]
12:22:24.885 (2898784312)|STATEMENT_EXECUTE|[811]
12:22:24.885 (2898789236)|METHOD_EXIT|[739]|01pWC000002VmiL|PartnerNetPricePosthook.parseLineItemApiResponse(Map<String,ANY>)
12:22:24.885 (2898796484)|METHOD_EXIT|[141]|01pWC000002VmiL|PartnerNetPricePosthook.queryLineItems(Context.IndustriesContext, String)
12:22:24.885 (2898841756)|VARIABLE_SCOPE_BEGIN|[141]|lineItems|List<Map<String,ANY>>|true|false
12:22:24.885 (2898847241)|VARIABLE_ASSIGNMENT|[141]|lineItems|[]|0x5fbb35fe
12:22:24.885 (2898852859)|SYSTEM_METHOD_ENTRY|[142]|List<Map<String,ANY>>.isEmpty()
12:22:24.885 (2898859246)|SYSTEM_METHOD_EXIT|[142]|List<Map<String,ANY>>.isEmpty()
12:22:24.885 (2898861761)|STATEMENT_EXECUTE|[142]
12:22:24.885 (2898862566)|STATEMENT_EXECUTE|[143]
12:22:24.885 (2898865444)|METHOD_EXIT|[1964]|01pWC000002VmiL|PartnerNetPricePosthook.applyPartnerNetPrices(String)
12:22:24.885 (2898868639)|HEAP_ALLOCATE|[1964]|Bytes:4
12:22:24.885 (2898873036)|VARIABLE_ASSIGNMENT|[1964]|linesUpdated|0
12:22:24.885 (2898894878)|SYSTEM_METHOD_ENTRY|[1971]|String.isNotBlank(String)
12:22:24.885 (2898906261)|SYSTEM_METHOD_EXIT|[1971]|String.isNotBlank(String)
12:22:24.885 (2898909776)|STATEMENT_EXECUTE|[1971]
12:22:24.885 (2898910512)|STATEMENT_EXECUTE|[1972]
12:22:24.885 (2898920614)|HEAP_ALLOCATE|[1972]|Bytes:4
12:22:24.885 (2898933604)|METHOD_ENTRY|[1972]|01pWC000002VmiL|PartnerNetPricePosthook.schedulePostPersistPriceStamp(Id)
12:22:24.885 (2898945894)|VARIABLE_SCOPE_BEGIN|[225]|quoteId|Id|false|false
12:22:24.885 (2899113460)|VARIABLE_ASSIGNMENT|[225]|quoteId|"0Q0WC000003JaVt0AK"
12:22:24.885 (2899119566)|STATEMENT_EXECUTE|[225]
12:22:24.885 (2899137923)|SYSTEM_METHOD_ENTRY|[226]|Set<Id>.contains(Object)
12:22:24.885 (2899149595)|SYSTEM_METHOD_EXIT|[226]|Set<Id>.contains(Object)
12:22:24.885 (2899152682)|STATEMENT_EXECUTE|[226]
12:22:24.885 (2899153643)|STATEMENT_EXECUTE|[229]
12:22:24.885 (2899157258)|SYSTEM_METHOD_ENTRY|[229]|Set<Id>.add(Object)
12:22:24.885 (2899167882)|HEAP_ALLOCATE|[EXTERNAL]|Bytes:4
12:22:24.885 (2899172801)|SYSTEM_METHOD_EXIT|[229]|Set<Id>.add(Object)
12:22:24.885 (2899174701)|STATEMENT_EXECUTE|[231]
12:22:24.885 (2899175391)|STATEMENT_EXECUTE|[231]
12:22:24.885 (2899191576)|SYSTEM_METHOD_ENTRY|[232]|System.isQueueable()
12:22:24.885 (2899204206)|SYSTEM_METHOD_EXIT|[232]|System.isQueueable()
12:22:24.885 (2899207798)|SYSTEM_METHOD_ENTRY|[232]|System.isBatch()
12:22:24.885 (2899213137)|SYSTEM_METHOD_EXIT|[232]|System.isBatch()
12:22:24.885 (2899216118)|SYSTEM_METHOD_ENTRY|[232]|System.isFuture()
12:22:24.885 (2899219372)|SYSTEM_METHOD_EXIT|[232]|System.isFuture()
12:22:24.885 (2899221116)|STATEMENT_EXECUTE|[232]
12:22:24.885 (2899222068)|STATEMENT_EXECUTE|[236]
12:22:24.885 (2900225532)|HEAP_ALLOCATE|[236]|Bytes:4
12:22:24.885 (2900250241)|METHOD_ENTRY|[5]|01pWC000002ZJd1|QuotePriceStampQueueable.QuotePriceStampQueueable()
12:22:24.885 (2900254246)|STATEMENT_EXECUTE|[5]
12:22:24.885 (2900257713)|STATEMENT_EXECUTE|[5]
12:22:24.885 (2900265216)|SYSTEM_MODE_ENTER|false
12:22:24.885 (2900275530)|HEAP_ALLOCATE|[236]|Bytes:5
12:22:24.885 (2900281726)|SYSTEM_MODE_EXIT|false
12:22:24.885 (2900289978)|METHOD_EXIT|[5]|QuotePriceStampQueueable
12:22:24.885 (2900297163)|HEAP_ALLOCATE|[236]|Bytes:8
12:22:24.885 (2900312223)|CONSTRUCTOR_ENTRY|[236]|01pWC000002ZJd1|<init>(Id)|QuotePriceStampQueueable
12:22:24.885 (2900338626)|VARIABLE_SCOPE_BEGIN|[8]|this|QuotePriceStampQueueable|true|false
12:22:24.885 (2900379725)|VARIABLE_ASSIGNMENT|[8]|this|{}|0x424ff028
12:22:24.885 (2900385230)|VARIABLE_SCOPE_BEGIN|[8]|quoteId|Id|false|false
12:22:24.885 (2900471441)|VARIABLE_ASSIGNMENT|[8]|quoteId|"0Q0WC000003JaVt0AK"
12:22:24.885 (2900480200)|SYSTEM_MODE_ENTER|false
12:22:24.885 (2900484415)|HEAP_ALLOCATE|[9]|Bytes:5
12:22:24.885 (2900486910)|STATEMENT_EXECUTE|[5]
12:22:24.885 (2900488628)|HEAP_ALLOCATE|[9]|Bytes:5
12:22:24.885 (2900490025)|STATEMENT_EXECUTE|[6]
12:22:24.885 (2900511270)|STATEMENT_EXECUTE|[8]
12:22:24.885 (2900512037)|STATEMENT_EXECUTE|[9]
12:22:24.885 (2900556121)|VARIABLE_ASSIGNMENT|[9]|this.quoteId|"0Q0WC000003JaVt0AK"|0x424ff028
12:22:24.885 (2900560260)|SYSTEM_MODE_EXIT|false
12:22:24.885 (2900567336)|CONSTRUCTOR_EXIT|[236]|01pWC000002ZJd1|<init>(Id)|QuotePriceStampQueueable
12:22:24.885 (2900578731)|SYSTEM_METHOD_ENTRY|[236]|System.enqueueJob(APEX_OBJECT)
12:22:24.885 (2901419027)|LIMIT_USAGE|[236]|QUEUEABLE|1|50
12:22:24.885 (2901431783)|LIMIT_USAGE|[236]|MAX_ASYNC|1|200
12:22:24.885 (2920475252)|SYSTEM_METHOD_EXIT|[236]|System.enqueueJob(APEX_OBJECT)
12:22:24.885 (2920505425)|METHOD_EXIT|[1972]|01pWC000002VmiL|PartnerNetPricePosthook.schedulePostPersistPriceStamp(Id)
12:22:24.885 (2920511986)|STATEMENT_EXECUTE|[1974]
12:22:24.885 (2920550627)|SYSTEM_METHOD_ENTRY|[1974]|List<Integer>.add(Object)
12:22:24.885 (2920581928)|HEAP_ALLOCATE|[1974]|Bytes:4
12:22:24.885 (2920590510)|HEAP_ALLOCATE|[EXTERNAL]|Bytes:4
12:22:24.885 (2920597119)|SYSTEM_METHOD_EXIT|[1974]|List<Integer>.add(Object)
12:22:24.885 (2920606954)|SYSTEM_METHOD_ENTRY|[1961]|system.ListIterator.hasNext()
12:22:24.885 (2920620540)|HEAP_ALLOCATE|[1961]|Bytes:5
12:22:24.885 (2920625335)|SYSTEM_METHOD_EXIT|[1961]|system.ListIterator.hasNext()
12:22:24.885 (2920644345)|VARIABLE_ASSIGNMENT|[1961]|request|null|
12:22:24.885 (2920647909)|STATEMENT_EXECUTE|[1976]
12:22:24.920 (2920686354)|CUMULATIVE_LIMIT_USAGE
12:22:24.920 (2920686354)|LIMIT_USAGE_FOR_NS|(default)|
  Number of SOQL queries: 1 out of 100
  Number of query rows: 0 out of 50000
  Number of SOSL queries: 0 out of 20
  Number of DML statements: 0 out of 150
  Number of Publish Immediate DML: 0 out of 150
  Number of DML rows: 0 out of 10000
  Maximum CPU time: 382 out of 10000
  Maximum heap size: 0 out of 6000000
  Number of callouts: 1 out of 100
  Number of Email Invocations: 0 out of 10
  Number of future calls: 0 out of 50
  Number of queueable jobs added to the queue: 1 out of 50
  Number of Mobile Apex push calls: 0 out of 10

12:22:24.920 (2920686354)|TOTAL_EMAIL_RECIPIENTS_QUEUED|0
12:22:24.920 (2920686354)|STATIC_VARIABLE_LIST|
  int:BYTES:0
  int:BYTES:0
  byte[]:DigitOnes:0
  byte[]:DigitTens:0
  Boolean:FALSE:0
  int:MAX_EXPONENT:0
  double:MAX_VALUE:0
  int:MAX_VALUE:0
  int:MIN_EXPONENT:0
  double:MIN_NORMAL:0
  double:MIN_VALUE:0
  int:MIN_VALUE:0
  double:NEGATIVE_INFINITY:0
  double:NaN:0
  double:POSITIVE_INFINITY:0
  int:PRECISION:0
  int:SIZE:0
  int:SIZE:0
  Boolean:TRUE:0
  String:__sfdcInnerTypes:0
  String:__sfdcInnerTypes:0
  String:_sfdcAdditionalCodeLocations:0
  String:_sfdcAdditionalCodeLocations:0
  String:_sfdcAdditionalCodeLocations:0
  String:_sfdcAdditionalCodeLocations:0
  String:_sfdcAdditionalCodeLocations:0
  String:_sfdcSuppressedCodeLocations:0
  String:_sfdcSuppressedCodeLocations:0
  String:_static_CONTEXT_DEFINITION_NAME:0
  String:_static_CONTEXT_DEFINITION_NAME:0
  String:_static_MODEL_DISCOUNT:0
  String:_static_MODEL_GUARANTEED_MARGIN:0
  String:_static_PARTNER_SOURCE_PROCEDURE:0
  Boolean:_static_isProcessing:0
  Set<Id>:_static_scheduledStampQuoteIds:0
  char[]:digits:0
  long:serialVersionUID:0
  long:serialVersionUID:0
  long:serialVersionUID:0

12:22:24.920 (2920686354)|CUMULATIVE_LIMIT_USAGE_END

12:22:24.885 (2920790463)|CODE_UNIT_FINISHED|PartnerNetPricePosthook.applyPostPricingNetPrices(List<PartnerNetPricePosthook.PostPricingContextRequest>)
12:22:24.274 (2921360464)|FLOW_ACTIONCALL_DETAIL|755732f13ae14b370f287fb01fee19f4854327-5bd9|Apply_Partner_Net_Posthook|Apex|PartnerNetPricePosthook|true|
12:22:24.274 (2921401385)|FLOW_VALUE_ASSIGNMENT|755732f13ae14b370f287fb01fee19f4854327-5bd9|Apply_Partner_Net_Posthook|true
12:22:24.274 (2921413888)|FLOW_ACTIONCALL_DETAIL|755732f13ae14b370f287fb01fee19f4854327-5bd9|Apply_Partner_Net_Posthook|Apex|PartnerNetPricePosthook|true|
12:22:24.274 (2921573645)|FLOW_BULK_ELEMENT_LIMIT_USAGE|64 ms CPU time, total 446 out of 15000
12:22:24.274 (2921608148)|FLOW_BULK_ELEMENT_LIMIT_USAGE|629 bytes heap size, total 1770 out of 6000000
12:22:24.274 (2921618055)|FLOW_BULK_ELEMENT_LIMIT_USAGE|1 jobs in queue, total 1 out of 50
12:22:24.274 (2921623975)|FLOW_BULK_ELEMENT_END|FlowActionCall|Apply_Partner_Net_Posthook|0|124
12:22:24.274 (2921702112)|FLOW_ELEMENT_BEGIN|755732f13ae14b370f287fb01fee19f4854327-5bd9|FlowActionCall|Finalize_Renewal_Maintenance_Net
12:22:24.274 (2921723572)|FLOW_ELEMENT_DEFERRED|FlowActionCall|Finalize_Renewal_Maintenance_Net
12:22:24.274 (2921744045)|FLOW_ELEMENT_END|755732f13ae14b370f287fb01fee19f4854327-5bd9|FlowActionCall|Finalize_Renewal_Maintenance_Net
12:22:24.274 (2921773798)|FLOW_BULK_ELEMENT_BEGIN|FlowActionCall|Finalize_Renewal_Maintenance_Net
12:22:25.5 (3005266556)|CODE_UNIT_STARTED|[EXTERNAL]|01pWC000002WYBt|RenewalMaintenancePricingService.applyRenewalMaintenanceNetPrices(List<RenewalMaintenancePricingService.RepriceRequest>)
12:22:25.5 (3005353900)|HEAP_ALLOCATE|[EXTERNAL]|Bytes:16
12:22:25.5 (3005368375)|VARIABLE_SCOPE_BEGIN|[22]|this|RenewalMaintenancePricingService.RepriceRequest|true|false
12:22:25.5 (3005444474)|VARIABLE_ASSIGNMENT|[22]|this|{}|0x38198811
12:22:25.5 (3006391466)|SYSTEM_MODE_ENTER|false
12:22:25.5 (3006414186)|HEAP_ALLOCATE|[EXTERNAL]|Bytes:5
12:22:25.5 (3006463744)|SYSTEM_MODE_EXIT|false
12:22:25.5 (3006471310)|STATEMENT_EXECUTE|[22]
12:22:25.5 (3006475721)|SYSTEM_MODE_ENTER|false
12:22:25.5 (3006477694)|HEAP_ALLOCATE|[EXTERNAL]|Bytes:5
12:22:25.5 (3006479444)|STATEMENT_EXECUTE|[24]
12:22:25.5 (3006480741)|STATEMENT_EXECUTE|[27]
12:22:25.5 (3006481486)|STATEMENT_EXECUTE|[30]
12:22:25.5 (3006482781)|SYSTEM_MODE_EXIT|false
12:22:25.5 (3006519552)|HEAP_ALLOCATE|[EXTERNAL]|Bytes:5
12:22:25.5 (3006521879)|HEAP_ALLOCATE|[EXTERNAL]|Bytes:16
12:22:25.5 (3006535641)|VARIABLE_ASSIGNMENT|[EXTERNAL]|this.finalizeAfterPricing|true|0x38198811
12:22:25.5 (3006550024)|HEAP_ALLOCATE|[EXTERNAL]|Bytes:18
12:22:25.5 (3006551568)|HEAP_ALLOCATE|[EXTERNAL]|Bytes:16
12:22:25.5 (3006559647)|VARIABLE_ASSIGNMENT|[EXTERNAL]|this.quoteId|"0Q0WC000003JaVt0AK"|0x38198811
12:22:25.5 (3006565167)|HEAP_ALLOCATE|[EXTERNAL]|Bytes:64
12:22:25.5 (3006566561)|HEAP_ALLOCATE|[EXTERNAL]|Bytes:16
12:22:25.5 (3006571252)|VARIABLE_ASSIGNMENT|[EXTERNAL]|this.contextInstanceId|"0000000s272q18g00251 (44 more) ..."|0x38198811
12:22:25.5 (3006576926)|HEAP_ALLOCATE|[EXTERNAL]|Bytes:8
12:22:25.5 (3006657637)|HEAP_ALLOCATE|[EXTERNAL]|Bytes:8
12:22:25.5 (3006661371)|VARIABLE_SCOPE_BEGIN|[103]|requests|List<RenewalMaintenancePricingService.RepriceRequest>|true|false
12:22:25.5 (3006690680)|VARIABLE_ASSIGNMENT|[103]|requests|[{"contextInstanceId":"0000000s272q18g00251 (44 more) ...","finalizeAfterPricing":true,"quoteId":"0Q0WC000003JaVt0AK"}]|0x32c319df
12:22:25.5 (3006699352)|SYSTEM_MODE_ENTER|false
12:22:25.5 (3006701479)|HEAP_ALLOCATE|[104]|Bytes:5
12:22:25.5 (3006703821)|STATEMENT_EXECUTE|[103]
12:22:25.5 (3006704752)|STATEMENT_EXECUTE|[104]
12:22:25.5 (3006713825)|HEAP_ALLOCATE|[104]|Bytes:4
12:22:25.5 (3006723869)|SYSTEM_CONSTRUCTOR_ENTRY|[104]|<init>()
12:22:25.5 (3006731367)|SYSTEM_CONSTRUCTOR_EXIT|[104]|<init>()
12:22:25.5 (3006733857)|VARIABLE_SCOPE_BEGIN|[104]|results|List<RenewalMaintenancePricingService.RepriceResult>|true|false
12:22:25.5 (3006744965)|HEAP_ALLOCATE|[EXTERNAL]|Bytes:4
12:22:25.5 (3006747925)|VARIABLE_ASSIGNMENT|[104]|results|[]|0x7bc5eb43
12:22:25.5 (3006759624)|SYSTEM_METHOD_ENTRY|[105]|List<RenewalMaintenancePricingService.RepriceRequest>.isEmpty()
12:22:25.5 (3006766008)|SYSTEM_METHOD_EXIT|[105]|List<RenewalMaintenancePricingService.RepriceRequest>.isEmpty()
12:22:25.5 (3006774122)|STATEMENT_EXECUTE|[105]
12:22:25.5 (3006777692)|SYSTEM_METHOD_ENTRY|[109]|List<RenewalMaintenancePricingService.RepriceRequest>.iterator()
12:22:25.5 (3006782663)|SYSTEM_METHOD_EXIT|[109]|List<RenewalMaintenancePricingService.RepriceRequest>.iterator()
12:22:25.5 (3006789749)|SYSTEM_METHOD_ENTRY|[109]|system.ListIterator.hasNext()
12:22:25.5 (3006793867)|HEAP_ALLOCATE|[109]|Bytes:5
12:22:25.5 (3006797969)|SYSTEM_METHOD_EXIT|[109]|system.ListIterator.hasNext()
12:22:25.5 (3006805614)|HEAP_ALLOCATE|[109]|Bytes:16
12:22:25.5 (3006810609)|VARIABLE_SCOPE_BEGIN|[109]|request|RenewalMaintenancePricingService.RepriceRequest|true|false
12:22:25.5 (3006820897)|VARIABLE_ASSIGNMENT|[109]|request|{"contextInstanceId":"0000000s272q18g00251 (44 more) ...","finalizeAfterPricing":true,"quoteId":"0Q0WC000003JaVt0AK"}|0x38198811
12:22:25.5 (3006824769)|STATEMENT_EXECUTE|[109]
12:22:25.5 (3006825594)|STATEMENT_EXECUTE|[110]
12:22:25.5 (3006829250)|HEAP_ALLOCATE|[110]|Bytes:8
12:22:25.5 (3006833376)|CONSTRUCTOR_ENTRY|[110]|01pWC000002WYBt|<init>()|RenewalMaintenancePricingService.RepriceResult
12:22:25.5 (3006837357)|VARIABLE_SCOPE_BEGIN|[33]|this|RenewalMaintenancePricingService.RepriceResult|true|false
12:22:25.5 (3006844588)|VARIABLE_ASSIGNMENT|[33]|this|{}|0xfe8ad2a
12:22:25.5 (3006848784)|HEAP_ALLOCATE|[EXTERNAL]|Bytes:5
12:22:25.5 (3006857127)|STATEMENT_EXECUTE|[33]
12:22:25.5 (3006858718)|HEAP_ALLOCATE|[EXTERNAL]|Bytes:5
12:22:25.5 (3006860365)|STATEMENT_EXECUTE|[35]
12:22:25.5 (3006863018)|CONSTRUCTOR_EXIT|[110]|01pWC000002WYBt|<init>()|RenewalMaintenancePricingService.RepriceResult
12:22:25.5 (3006865898)|VARIABLE_SCOPE_BEGIN|[110]|result|RenewalMaintenancePricingService.RepriceResult|true|false
12:22:25.5 (3006871946)|VARIABLE_ASSIGNMENT|[110]|result|{}|0xfe8ad2a
12:22:25.5 (3006875419)|STATEMENT_EXECUTE|[111]
12:22:25.5 (3006879847)|HEAP_ALLOCATE|[111]|Bytes:5
12:22:25.5 (3006885002)|VARIABLE_ASSIGNMENT|[111]|this.colaOnlyPersistComplete|false|0xfe8ad2a
12:22:25.5 (3006947845)|SYSTEM_METHOD_ENTRY|[113]|String.isBlank(String)
12:22:25.5 (3006955987)|SYSTEM_METHOD_EXIT|[113]|String.isBlank(String)
12:22:25.5 (3006963397)|STATEMENT_EXECUTE|[113]
12:22:25.5 (3006964384)|STATEMENT_EXECUTE|[118]
12:22:25.5 (3006970755)|SYSTEM_METHOD_ENTRY|[118]|Id.valueOf(String)
12:22:25.5 (3006979131)|HEAP_ALLOCATE|[118]|Bytes:4
12:22:25.5 (3006982418)|SYSTEM_METHOD_EXIT|[118]|Id.valueOf(String)
12:22:25.5 (3006985189)|VARIABLE_SCOPE_BEGIN|[118]|quoteId|Id|false|false
12:22:25.5 (3007160526)|VARIABLE_ASSIGNMENT|[118]|quoteId|"0Q0WC000003JaVt0AK"
12:22:25.5 (3007165144)|STATEMENT_EXECUTE|[119]
12:22:25.5 (3007165882)|STATEMENT_EXECUTE|[119]
12:22:25.5 (3007174909)|SYSTEM_METHOD_ENTRY|[120]|String.isNotBlank(String)
12:22:25.5 (3007180957)|SYSTEM_METHOD_EXIT|[120]|String.isNotBlank(String)
12:22:25.5 (3007183083)|STATEMENT_EXECUTE|[120]
12:22:25.5 (3007186131)|STATEMENT_EXECUTE|[121]
12:22:25.5 (3007186788)|STATEMENT_EXECUTE|[122]
12:22:25.5 (3007209270)|METHOD_ENTRY|[122]|01pWC000002WYBt|RenewalMaintenancePricingService.applyColaNetFinalizeToContext(Id, String)
12:22:25.5 (3007236016)|VARIABLE_SCOPE_BEGIN|[246]|quoteId|Id|false|false
12:22:25.5 (3007267662)|VARIABLE_ASSIGNMENT|[246]|quoteId|"0Q0WC000003JaVt0AK"
12:22:25.5 (3007270471)|VARIABLE_SCOPE_BEGIN|[246]|contextInstanceId|String|false|false
12:22:25.5 (3007276317)|VARIABLE_ASSIGNMENT|[246]|contextInstanceId|"0000000s272q18g00251 (44 more) ..."
12:22:25.5 (3007286826)|HEAP_ALLOCATE|[247]|Bytes:5
12:22:25.5 (3007289473)|STATEMENT_EXECUTE|[246]
12:22:25.5 (3007290321)|STATEMENT_EXECUTE|[247]
12:22:25.5 (3007295511)|METHOD_ENTRY|[247]|01pWC000002WYBt|RenewalMaintenancePricingService.queryRenewalMaintenanceCandidates(Id)
12:22:25.5 (3007301742)|VARIABLE_SCOPE_BEGIN|[334]|quoteId|Id|false|false
12:22:25.5 (3007318606)|VARIABLE_ASSIGNMENT|[334]|quoteId|"0Q0WC000003JaVt0AK"
12:22:25.5 (3007323073)|HEAP_ALLOCATE|[335]|Bytes:5
12:22:25.5 (3007325052)|STATEMENT_EXECUTE|[334]
12:22:25.5 (3007326088)|STATEMENT_EXECUTE|[335]
12:22:25.5 (3007342231)|HEAP_ALLOCATE|[335]|Bytes:4
12:22:25.5 (3007946789)|SOQL_EXECUTE_BEGIN|[335]|Aggregations:0|SELECT Id, QuoteId, Base_Price__c, Prior_Partner_Discount__c, Prior_Discretionary_Discount__c, PartnerDiscountPercent, Discount, COLA_Uplift_Percent__c, Quantity, NetUnitPrice FROM QuoteLineItem WHERE (QuoteId = :tmpVar1 AND Fortra_Product_Type__c = 'Renewal Maintenance' AND Base_Price__c > 0)
12:22:25.5 (3007973374)|LIMIT_USAGE|[335]|SOQL|2|100
12:22:25.5 (3007978461)|LIMIT_USAGE|[335]|AGGS|0|300
12:22:25.5 (3012651638)|SOQL_EXECUTE_EXPLAIN|[335]|Index on QuoteLineItem : [QuoteId], cardinality: 0, sobjectCardinality: 1224134, relativeCost 0
12:22:25.5 (3012667538)|SOQL_EXECUTE_END|[335]|Rows:0
12:22:25.5 (3012686548)|LIMIT_USAGE|[335]|SOQL_ROWS|0|50000
12:22:25.5 (3012702100)|HEAP_ALLOCATE|[335]|Bytes:4
12:22:25.5 (3012715189)|HEAP_ALLOCATE|[335]|Bytes:0
12:22:25.5 (3012772286)|HEAP_ALLOCATE|[335]|Bytes:4
12:22:25.5 (3012799588)|METHOD_EXIT|[247]|01pWC000002WYBt|RenewalMaintenancePricingService.queryRenewalMaintenanceCandidates(Id)
12:22:25.5 (3012813695)|METHOD_ENTRY|[247]|01pWC000002WYBt|RenewalMaintenancePricingService.filterLinesNeedingColaNet(List<QuoteLineItem>)
12:22:25.5 (3012819895)|VARIABLE_SCOPE_BEGIN|[346]|lines|List<QuoteLineItem>|true|false
12:22:25.5 (3012837002)|VARIABLE_ASSIGNMENT|[346]|lines|[]|0x7ffe8cb3
12:22:25.5 (3012852250)|HEAP_ALLOCATE|[347]|Bytes:5
12:22:25.5 (3012855796)|STATEMENT_EXECUTE|[346]
12:22:25.5 (3012856915)|STATEMENT_EXECUTE|[347]
12:22:25.5 (3012864969)|HEAP_ALLOCATE|[347]|Bytes:4
12:22:25.5 (3012874312)|SYSTEM_CONSTRUCTOR_ENTRY|[347]|<init>()
12:22:25.5 (3012878937)|SYSTEM_CONSTRUCTOR_EXIT|[347]|<init>()
12:22:25.5 (3012881635)|VARIABLE_SCOPE_BEGIN|[347]|results|List<QuoteLineItem>|true|false
12:22:25.5 (3012888455)|HEAP_ALLOCATE|[EXTERNAL]|Bytes:4
12:22:25.5 (3012891841)|VARIABLE_ASSIGNMENT|[347]|results|[]|0x28f4d571
12:22:25.5 (3012899414)|SYSTEM_METHOD_ENTRY|[348]|List<QuoteLineItem>.isEmpty()
12:22:25.5 (3012904490)|SYSTEM_METHOD_EXIT|[348]|List<QuoteLineItem>.isEmpty()
12:22:25.5 (3012909459)|STATEMENT_EXECUTE|[348]
12:22:25.5 (3012910309)|STATEMENT_EXECUTE|[349]
12:22:25.5 (3012913865)|METHOD_EXIT|[247]|01pWC000002WYBt|RenewalMaintenancePricingService.filterLinesNeedingColaNet(List<QuoteLineItem>)
12:22:25.5 (3012916172)|VARIABLE_SCOPE_BEGIN|[247]|candidates|List<QuoteLineItem>|true|false
12:22:25.5 (3012920604)|VARIABLE_ASSIGNMENT|[247]|candidates|[]|0x28f4d571
12:22:25.5 (3012928359)|SYSTEM_METHOD_ENTRY|[248]|List<QuoteLineItem>.isEmpty()
12:22:25.5 (3012947179)|SYSTEM_METHOD_EXIT|[248]|List<QuoteLineItem>.isEmpty()
12:22:25.5 (3012949615)|STATEMENT_EXECUTE|[248]
12:22:25.5 (3012950392)|STATEMENT_EXECUTE|[249]
12:22:25.5 (3012956120)|METHOD_EXIT|[122]|01pWC000002WYBt|RenewalMaintenancePricingService.applyColaNetFinalizeToContext(Id, String)
12:22:25.5 (3012960171)|STATEMENT_EXECUTE|[133]
12:22:25.5 (3012977352)|SYSTEM_METHOD_ENTRY|[133]|List<RenewalMaintenancePricingService.RepriceResult>.add(Object)
12:22:25.5 (3012985248)|HEAP_ALLOCATE|[EXTERNAL]|Bytes:4
12:22:25.5 (3012989130)|SYSTEM_METHOD_EXIT|[133]|List<RenewalMaintenancePricingService.RepriceResult>.add(Object)
12:22:25.5 (3012997207)|SYSTEM_METHOD_ENTRY|[109]|system.ListIterator.hasNext()
12:22:25.5 (3013002556)|HEAP_ALLOCATE|[109]|Bytes:5
12:22:25.5 (3013008203)|SYSTEM_METHOD_EXIT|[109]|system.ListIterator.hasNext()
12:22:25.5 (3013015750)|VARIABLE_ASSIGNMENT|[109]|request|null|
12:22:25.5 (3013018958)|STATEMENT_EXECUTE|[136]
12:22:25.5 (3013021823)|SYSTEM_MODE_EXIT|false
12:22:25.13 (3013060309)|CUMULATIVE_LIMIT_USAGE
12:22:25.13 (3013060309)|LIMIT_USAGE_FOR_NS|(default)|
  Number of SOQL queries: 2 out of 100
  Number of query rows: 0 out of 50000
  Number of SOSL queries: 0 out of 20
  Number of DML statements: 0 out of 150
  Number of Publish Immediate DML: 0 out of 150
  Number of DML rows: 0 out of 10000
  Maximum CPU time: 446 out of 10000
  Maximum heap size: 0 out of 6000000
  Number of callouts: 1 out of 100
  Number of Email Invocations: 0 out of 10
  Number of future calls: 0 out of 50
  Number of queueable jobs added to the queue: 1 out of 50
  Number of Mobile Apex push calls: 0 out of 10

12:22:25.13 (3013060309)|TOTAL_EMAIL_RECIPIENTS_QUEUED|0
12:22:25.13 (3013060309)|STATIC_VARIABLE_LIST|
  int:BYTES:0
  int:BYTES:0
  byte[]:DigitOnes:0
  byte[]:DigitTens:0
  Boolean:FALSE:0
  int:MAX_EXPONENT:0
  double:MAX_VALUE:0
  int:MAX_VALUE:0
  int:MIN_EXPONENT:0
  double:MIN_NORMAL:0
  double:MIN_VALUE:0
  int:MIN_VALUE:0
  double:NEGATIVE_INFINITY:0
  double:NaN:0
  double:POSITIVE_INFINITY:0
  int:PRECISION:0
  int:SIZE:0
  int:SIZE:0
  Boolean:TRUE:0
  String:__sfdcInnerTypes:0
  String:__sfdcInnerTypes:0
  String:_sfdcAdditionalCodeLocations:0
  String:_sfdcAdditionalCodeLocations:0
  String:_sfdcAdditionalCodeLocations:0
  String:_sfdcAdditionalCodeLocations:0
  String:_sfdcAdditionalCodeLocations:0
  String:_sfdcSuppressedCodeLocations:0
  String:_sfdcSuppressedCodeLocations:0
  String:_static_CONTEXT_DEFINITION_NAME:0
  String:_static_CONTEXT_DEFINITION_NAME:0
  String:_static_MODEL_DISCOUNT:0
  String:_static_MODEL_GUARANTEED_MARGIN:0
  String:_static_PARTNER_SOURCE_PROCEDURE:0
  Boolean:_static_isProcessing:0
  Set<Id>:_static_scheduledStampQuoteIds:0
  char[]:digits:0
  long:serialVersionUID:0
  long:serialVersionUID:0
  long:serialVersionUID:0

12:22:25.13 (3013060309)|CUMULATIVE_LIMIT_USAGE_END

12:22:25.5 (3013161715)|CODE_UNIT_FINISHED|RenewalMaintenancePricingService.applyRenewalMaintenanceNetPrices(List<RenewalMaintenancePricingService.RepriceRequest>)
12:22:24.274 (3013715627)|FLOW_ACTIONCALL_DETAIL|755732f13ae14b370f287fb01fee19f4854327-5bd9|Finalize_Renewal_Maintenance_Net|Apex|RenewalMaintenancePricingService|true|
12:22:24.274 (3013760394)|FLOW_VALUE_ASSIGNMENT|755732f13ae14b370f287fb01fee19f4854327-5bd9|Finalize_Renewal_Maintenance_Net|true
12:22:24.274 (3013773414)|FLOW_ACTIONCALL_DETAIL|755732f13ae14b370f287fb01fee19f4854327-5bd9|Finalize_Renewal_Maintenance_Net|Apex|RenewalMaintenancePricingService|true|
12:22:24.274 (3013922886)|FLOW_BULK_ELEMENT_LIMIT_USAGE|1 SOQL queries, total 2 out of 100
12:22:24.274 (3013929716)|FLOW_BULK_ELEMENT_LIMIT_USAGE|52 ms CPU time, total 498 out of 15000
12:22:24.274 (3013967056)|FLOW_BULK_ELEMENT_END|FlowActionCall|Finalize_Renewal_Maintenance_Net|0|92
12:22:24.274 (3014035818)|FLOW_ELEMENT_BEGIN|755732f13ae14b370f287fb01fee19f4854327-5bd9|FlowActionCall|Persist_Context
12:22:24.274 (3014051560)|FLOW_ELEMENT_DEFERRED|FlowActionCall|Persist_Context
12:22:24.274 (3014066443)|FLOW_ELEMENT_END|755732f13ae14b370f287fb01fee19f4854327-5bd9|FlowActionCall|Persist_Context
12:22:24.274 (3014085740)|FLOW_BULK_ELEMENT_BEGIN|FlowActionCall|Persist_Context
12:22:24.274 (3217309437)|LIMIT_USAGE|[EXTERNAL]|CALLOUT|2|100
12:22:24.274 (3218126068)|FLOW_ACTIONCALL_DETAIL|755732f13ae14b370f287fb01fee19f4854327-5bd9|Persist_Context|Persist Context Data|persistContextData|true|
12:22:24.274 (3218182281)|FLOW_VALUE_ASSIGNMENT|755732f13ae14b370f287fb01fee19f4854327-5bd9|Persist_Context|true
12:22:24.274 (3218200485)|FLOW_ACTIONCALL_DETAIL|755732f13ae14b370f287fb01fee19f4854327-5bd9|Persist_Context|Persist Context Data|persistContextData|true|
12:22:24.274 (3218385692)|FLOW_BULK_ELEMENT_LIMIT_USAGE|116 ms CPU time, total 614 out of 15000
12:22:24.274 (3218436609)|FLOW_BULK_ELEMENT_LIMIT_USAGE|1 callouts, total 2 out of 100
12:22:24.274 (3218446419)|FLOW_BULK_ELEMENT_END|FlowActionCall|Persist_Context|0|204
12:22:24.274 (3218533688)|FLOW_ELEMENT_BEGIN|755732f13ae14b370f287fb01fee19f4854327-5bd9|FlowAssignment|Set_Success
12:22:24.274 (3218642596)|FLOW_ASSIGNMENT_DETAIL|755732f13ae14b370f287fb01fee19f4854327-5bd9|IsSuccess|ASSIGN|true
12:22:24.274 (3218668235)|FLOW_VALUE_ASSIGNMENT|755732f13ae14b370f287fb01fee19f4854327-5bd9|IsSuccess|true
12:22:24.274 (3218702057)|FLOW_ELEMENT_END|755732f13ae14b370f287fb01fee19f4854327-5bd9|FlowAssignment|Set_Success
12:22:24.274 (3219091590)|FLOW_START_INTERVIEWS_END|1
12:22:24.274 (3219269713)|FLOW_INTERVIEW_FINISHED|755732f13ae14b370f287fb01fee19f4854327-5bd9|Fortra Quote Reprice
12:22:24.274 (3219303769)|FLOW_INTERVIEW_FINISHED_LIMIT_USAGE|SOQL queries: 2 out of 100
12:22:24.274 (3219309086)|FLOW_INTERVIEW_FINISHED_LIMIT_USAGE|SOQL query rows: 0 out of 50000
12:22:24.274 (3219314071)|FLOW_INTERVIEW_FINISHED_LIMIT_USAGE|SOSL queries: 0 out of 20
12:22:24.274 (3219318770)|FLOW_INTERVIEW_FINISHED_LIMIT_USAGE|DML statements: 0 out of 150
12:22:24.274 (3219323177)|FLOW_INTERVIEW_FINISHED_LIMIT_USAGE|DML rows: 0 out of 10000
12:22:24.274 (3219327515)|FLOW_INTERVIEW_FINISHED_LIMIT_USAGE|CPU time in ms: 614 out of 15000
12:22:24.274 (3219351015)|FLOW_INTERVIEW_FINISHED_LIMIT_USAGE|Heap size in bytes: 1770 out of 6000000
12:22:24.274 (3219355291)|FLOW_INTERVIEW_FINISHED_LIMIT_USAGE|Callouts: 2 out of 100
12:22:24.274 (3219359271)|FLOW_INTERVIEW_FINISHED_LIMIT_USAGE|Email invocations: 0 out of 10
12:22:24.274 (3219363186)|FLOW_INTERVIEW_FINISHED_LIMIT_USAGE|Future calls: 0 out of 50
12:22:24.274 (3219366729)|FLOW_INTERVIEW_FINISHED_LIMIT_USAGE|Jobs in queue: 1 out of 50
12:22:25.251 (3251903367)|CUMULATIVE_PROFILING_BEGIN
12:22:25.251 (3251903367)|CUMULATIVE_PROFILING|SOQL operations|
Class.RenewalMaintenancePricingService.queryRenewalMaintenanceCandidates: line 335, column 1: [
            SELECT Id, QuoteId, Base_Price__c, Prior_Partner_Discount__c, Prior_Discretionary_Discount__c,
                   PartnerDiscountPercent, Discount, COLA_Uplift_Percent__c, Quantity, NetUnitPrice
            FROM QuoteLineItem
            WHERE QuoteId = :quoteId
            AND Fortra_Product_Type__c = 'Renewal Maintenance'
            AND Base_Price__c > 0
        ]: executed 2 times in 33 ms

12:22:25.251 (3251903367)|CUMULATIVE_PROFILING|No profiling information for SOSL operations
12:22:25.251 (3251903367)|CUMULATIVE_PROFILING|No profiling information for DML operations
12:22:25.251 (3251903367)|CUMULATIVE_PROFILING|method invocations|
External entry point: public static List<Integer> applyPostPricingNetPrices(List<PartnerNetPricePosthook.PostPricingContextRequest>): executed 1 time in 34 ms
Class.RenewalMaintenancePricingService.applyToContext: line 179, column 1: private static List<QuoteLineItem> queryRenewalMaintenanceCandidates(Id): executed 2 times in 28 ms
Class.RenewalMaintenancePricingService.applyRenewalMaintenanceNetPrices: line 124, column 1: private static void applyToContext(Id, String): executed 1 time in 28 ms
Class.PartnerNetPricePosthook.applyPostPricingNetPrices: line 1972, column 1: private static void schedulePostPersistPriceStamp(Id): executed 1 time in 21 ms
Class.PartnerNetPricePosthook.schedulePostPersistPriceStamp: line 236, column 1: public QuotePriceStampQueueable(Id): executed 2 times in 20 ms
Class.PartnerNetPricePosthook.applyPostPricingNetPrices: line 1964, column 1: global PartnerNetPricePosthook(): executed 2 times in 12 ms
Class.PartnerNetPricePosthook.applyPartnerNetPrices: line 141, column 1: private List<Map<String,ANY>> queryLineItems(Context.IndustriesContext, String): executed 1 time in 11 ms
Class.PartnerNetPricePosthook.queryLineItems: line 739, column 1: global Map<String,ANY> queryTags(Map<String,ANY>): executed 2 times in 10 ms
External entry point: public static List<RenewalMaintenancePricingService.RepriceResult> applyRenewalMaintenanceNetPrices(List<RenewalMaintenancePricingService.RepriceRequest>): executed 1 time in 7 ms
Class.RenewalMaintenancePricingService.applyColaNetFinalizeToContext: line 247, column 1: private static List<QuoteLineItem> queryRenewalMaintenanceCandidates(Id): executed 2 times in 6 ms
Class.RenewalMaintenancePricingService.applyRenewalMaintenanceNetPrices: line 122, column 1: private static void applyColaNetFinalizeToContext(Id, String): executed 1 time in 6 ms

12:22:25.251 (3251903367)|CUMULATIVE_PROFILING_END

