64.0 APEX_CODE,FINEST;APEX_PROFILING,FINEST;CALLOUT,FINEST;DATA_ACCESS,INFO;DB,FINEST;NBA,FINE;SYSTEM,FINE;VALIDATION,INFO;VISUALFORCE,FINER;WAVE,FINEST;WORKFLOW,FINER
10:16:25.1 (1376881)|USER_INFO|[EXTERNAL]|005WC00000MgTN2|liam.jeong.c@fortra.com.uat|(GMT-07:00) Pacific Daylight Time (America/Los_Angeles)|GMT-07:00
10:16:27.735 (2735500502)|FLOW_CREATE_INTERVIEW_BEGIN|00DWC000006eUFF|300WC00000N6tXd|
10:16:27.735 (2736554865)|FLOW_CREATE_INTERVIEW_END|736432f13ae14b370f287fb01fee19f47d52cfa-1570|Fortra Quote Reprice
10:16:27.738 (2738206858)|USER_INFO|[EXTERNAL]|005WC00000MgTN2|liam.jeong.c@fortra.com.uat|(GMT-07:00) Pacific Daylight Time (America/Los_Angeles)|GMT-07:00
10:16:27.738 (2738271396)|FLOW_START_INTERVIEWS_BEGIN|1
10:16:27.738 (2738381067)|FLOW_START_INTERVIEW_BEGIN|736432f13ae14b370f287fb01fee19f47d52cfa-1570|Fortra Quote Reprice
10:16:27.738 (2738446167)|FLOW_START_INTERVIEW_LIMIT_USAGE|SOQL queries: 0 out of 100
10:16:27.738 (2738514844)|FLOW_START_INTERVIEW_LIMIT_USAGE|SOQL query rows: 0 out of 50000
10:16:27.738 (2738521628)|FLOW_START_INTERVIEW_LIMIT_USAGE|SOSL queries: 0 out of 20
10:16:27.738 (2738527319)|FLOW_START_INTERVIEW_LIMIT_USAGE|DML statements: 0 out of 150
10:16:27.738 (2738531806)|FLOW_START_INTERVIEW_LIMIT_USAGE|DML rows: 0 out of 10000
10:16:27.738 (2738537069)|FLOW_START_INTERVIEW_LIMIT_USAGE|CPU time in ms: 3 out of 15000
10:16:27.738 (2738561961)|FLOW_START_INTERVIEW_LIMIT_USAGE|Heap size in bytes: 0 out of 6000000
10:16:27.738 (2738567431)|FLOW_START_INTERVIEW_LIMIT_USAGE|Callouts: 0 out of 100
10:16:27.738 (2738572308)|FLOW_START_INTERVIEW_LIMIT_USAGE|Email invocations: 0 out of 10
10:16:27.738 (2738576892)|FLOW_START_INTERVIEW_LIMIT_USAGE|Future calls: 0 out of 50
10:16:27.738 (2738581242)|FLOW_START_INTERVIEW_LIMIT_USAGE|Jobs in queue: 0 out of 50
10:16:27.738 (2738585759)|FLOW_START_INTERVIEW_LIMIT_USAGE|Push notifications: 0 out of 10
10:16:27.738 (2738802499)|FLOW_VALUE_ASSIGNMENT|736432f13ae14b370f287fb01fee19f47d52cfa-1570|QuoteId|0Q0WC000003JXxp0AG
10:16:27.738 (2739058281)|FLOW_ELEMENT_BEGIN|736432f13ae14b370f287fb01fee19f47d52cfa-1570|FlowActionCall|Build_Context
10:16:27.738 (2739100527)|FLOW_ELEMENT_DEFERRED|FlowActionCall|Build_Context
10:16:27.738 (2739171293)|FLOW_ELEMENT_LIMIT_USAGE|1 ms CPU time, total 4 out of 15000
10:16:27.738 (2739179738)|FLOW_ELEMENT_END|736432f13ae14b370f287fb01fee19f47d52cfa-1570|FlowActionCall|Build_Context
10:16:27.738 (2751259595)|FLOW_START_INTERVIEW_END|736432f13ae14b370f287fb01fee19f47d52cfa-1570|Fortra Quote Reprice
10:16:27.738 (2751345570)|FLOW_BULK_ELEMENT_BEGIN|FlowActionCall|Build_Context
10:16:27.738 (2782597859)|LIMIT_USAGE|[EXTERNAL]|CALLOUT|1|100
10:16:27.738 (2783676617)|FLOW_ACTIONCALL_DETAIL|736432f13ae14b370f287fb01fee19f47d52cfa-1570|Build_Context|Build Context|buildContext|true|
10:16:27.738 (2783762979)|FLOW_VALUE_ASSIGNMENT|736432f13ae14b370f287fb01fee19f47d52cfa-1570|Build_Context|true
10:16:27.738 (2783768277)|FLOW_VALUE_ASSIGNMENT|736432f13ae14b370f287fb01fee19f47d52cfa-1570|ContextInstanceId|0000000s272q18g00251783617387834ac2260e316b341f6a0ae4c21eda46bcf
10:16:27.738 (2783836516)|FLOW_ACTIONCALL_DETAIL|736432f13ae14b370f287fb01fee19f47d52cfa-1570|Build_Context|Build Context|buildContext|true|
10:16:27.738 (2784097249)|FLOW_BULK_ELEMENT_LIMIT_USAGE|29 ms CPU time, total 33 out of 15000
10:16:27.738 (2784118869)|FLOW_BULK_ELEMENT_LIMIT_USAGE|1 callouts, total 1 out of 100
10:16:27.738 (2784132719)|FLOW_BULK_ELEMENT_END|FlowActionCall|Build_Context|0|32
10:16:27.738 (2784238097)|FLOW_ELEMENT_BEGIN|736432f13ae14b370f287fb01fee19f47d52cfa-1570|FlowActionCall|Apply_Renewal_Maintenance_Net
10:16:27.738 (2784255862)|FLOW_ELEMENT_DEFERRED|FlowActionCall|Apply_Renewal_Maintenance_Net
10:16:27.738 (2784280959)|FLOW_ELEMENT_LIMIT_USAGE|1 ms CPU time, total 34 out of 15000
10:16:27.738 (2784288411)|FLOW_ELEMENT_END|736432f13ae14b370f287fb01fee19f47d52cfa-1570|FlowActionCall|Apply_Renewal_Maintenance_Net
10:16:27.738 (2784318777)|FLOW_BULK_ELEMENT_BEGIN|FlowActionCall|Apply_Renewal_Maintenance_Net
10:16:28.33 (3033432241)|CODE_UNIT_STARTED|[EXTERNAL]|01pWC000002WYBt|RenewalMaintenancePricingService.applyRenewalMaintenanceNetPrices(List<RenewalMaintenancePricingService.RepriceRequest>)
10:16:28.33 (3033981982)|HEAP_ALLOCATE|[95]|Bytes:3
10:16:28.33 (3034053520)|HEAP_ALLOCATE|[100]|Bytes:152
10:16:28.33 (3034068981)|HEAP_ALLOCATE|[417]|Bytes:408
10:16:28.33 (3034080399)|HEAP_ALLOCATE|[430]|Bytes:408
10:16:28.33 (3034105939)|HEAP_ALLOCATE|[317]|Bytes:6
10:16:28.33 (3034136181)|HEAP_ALLOCATE|[EXTERNAL]|Bytes:16
10:16:28.33 (3034174876)|VARIABLE_SCOPE_BEGIN|[22]|this|RenewalMaintenancePricingService.RepriceRequest|true|false
10:16:28.33 (3034305376)|VARIABLE_ASSIGNMENT|[22]|this|{}|0x3ffbad96
10:16:28.33 (3034374241)|HEAP_ALLOCATE|[68]|Bytes:5
10:16:28.33 (3034416894)|HEAP_ALLOCATE|[74]|Bytes:5
10:16:28.33 (3034435507)|HEAP_ALLOCATE|[82]|Bytes:7
10:16:28.33 (3035472831)|SYSTEM_MODE_ENTER|false
10:16:28.33 (3035508528)|HEAP_ALLOCATE|[EXTERNAL]|Bytes:5
10:16:28.33 (3035526453)|HEAP_ALLOCATE|[EXTERNAL]|Bytes:6
10:16:28.33 (3035579703)|SYSTEM_MODE_EXIT|false
10:16:28.33 (3035596805)|STATEMENT_EXECUTE|[22]
10:16:28.33 (3035604716)|SYSTEM_MODE_ENTER|false
10:16:28.33 (3035607295)|HEAP_ALLOCATE|[EXTERNAL]|Bytes:5
10:16:28.33 (3035609240)|STATEMENT_EXECUTE|[24]
10:16:28.33 (3035610437)|STATEMENT_EXECUTE|[27]
10:16:28.33 (3035611184)|STATEMENT_EXECUTE|[30]
10:16:28.33 (3035612750)|SYSTEM_MODE_EXIT|false
10:16:28.33 (3035670911)|HEAP_ALLOCATE|[EXTERNAL]|Bytes:18
10:16:28.33 (3035673999)|HEAP_ALLOCATE|[EXTERNAL]|Bytes:16
10:16:28.33 (3035704267)|VARIABLE_ASSIGNMENT|[EXTERNAL]|this.quoteId|"0Q0WC000003JXxp0AG"|0x3ffbad96
10:16:28.33 (3035712235)|HEAP_ALLOCATE|[EXTERNAL]|Bytes:64
10:16:28.33 (3035713681)|HEAP_ALLOCATE|[EXTERNAL]|Bytes:16
10:16:28.33 (3035718337)|VARIABLE_ASSIGNMENT|[EXTERNAL]|this.contextInstanceId|"0000000s272q18g00251 (44 more) ..."|0x3ffbad96
10:16:28.33 (3035723887)|HEAP_ALLOCATE|[EXTERNAL]|Bytes:8
10:16:28.33 (3035790288)|VARIABLE_SCOPE_BEGIN|[7]|RenewalMaintenancePricingService.CONTEXT_DEFINITION_NAME|String|false|true
10:16:28.33 (3035794640)|VARIABLE_SCOPE_BEGIN|[20]|RenewalMaintenancePricingService.testContextIdOverride|String|false|true
10:16:28.33 (3035805401)|VARIABLE_SCOPE_BEGIN|[18]|RenewalMaintenancePricingService.testQueryTagsResponse|Map<String,ANY>|true|true
10:16:28.33 (3035840247)|HEAP_ALLOCATE|[EXTERNAL]|Bytes:28
10:16:28.33 (3035844024)|HEAP_ALLOCATE|[EXTERNAL]|Bytes:65
10:16:28.33 (3035845957)|HEAP_ALLOCATE|[EXTERNAL]|Bytes:23
10:16:28.33 (3035847562)|HEAP_ALLOCATE|[EXTERNAL]|Bytes:29
10:16:28.33 (3035861147)|VARIABLE_ASSIGNMENT|[EXTERNAL]|RenewalMaintenancePricingService.CONTEXT_DEFINITION_NAME|"SalesTransactionCont (9 more) ..."
10:16:28.33 (3035874297)|METHOD_ENTRY|[5]|01pWC000002WYBt|RenewalMaintenancePricingService.RenewalMaintenancePricingService()
10:16:28.33 (3035879264)|STATEMENT_EXECUTE|[5]
10:16:28.33 (3035882060)|STATEMENT_EXECUTE|[5]
10:16:28.33 (3035885704)|SYSTEM_MODE_ENTER|false
10:16:28.33 (3035893045)|HEAP_ALLOCATE|[EXTERNAL]|Bytes:5
10:16:28.33 (3035895176)|STATEMENT_EXECUTE|[22]
10:16:28.33 (3035896178)|STATEMENT_EXECUTE|[33]
10:16:28.33 (3035898404)|SYSTEM_MODE_EXIT|false
10:16:28.33 (3035907862)|METHOD_EXIT|[5]|RenewalMaintenancePricingService
10:16:28.33 (3035957777)|HEAP_ALLOCATE|[EXTERNAL]|Bytes:8
10:16:28.33 (3035962433)|VARIABLE_SCOPE_BEGIN|[103]|requests|List<RenewalMaintenancePricingService.RepriceRequest>|true|false
10:16:28.33 (3036003461)|VARIABLE_ASSIGNMENT|[103]|requests|[{"contextInstanceId":"0000000s272q18g00251 (44 more) ...","quoteId":"0Q0WC000003JXxp0AG"}]|0x436f6f7
10:16:28.33 (3036014221)|SYSTEM_MODE_ENTER|false
10:16:28.33 (3036016746)|HEAP_ALLOCATE|[104]|Bytes:5
10:16:28.33 (3036019277)|STATEMENT_EXECUTE|[103]
10:16:28.33 (3036020211)|STATEMENT_EXECUTE|[104]
10:16:28.33 (3036030056)|HEAP_ALLOCATE|[104]|Bytes:4
10:16:28.33 (3036090965)|SYSTEM_CONSTRUCTOR_ENTRY|[104]|<init>()
10:16:28.33 (3036139835)|SYSTEM_CONSTRUCTOR_EXIT|[104]|<init>()
10:16:28.33 (3036142564)|VARIABLE_SCOPE_BEGIN|[104]|results|List<RenewalMaintenancePricingService.RepriceResult>|true|false
10:16:28.33 (3036156354)|HEAP_ALLOCATE|[EXTERNAL]|Bytes:4
10:16:28.33 (3036160201)|VARIABLE_ASSIGNMENT|[104]|results|[]|0x64ef8ee4
10:16:28.33 (3036188490)|SYSTEM_METHOD_ENTRY|[105]|List<RenewalMaintenancePricingService.RepriceRequest>.isEmpty()
10:16:28.33 (3036207194)|SYSTEM_METHOD_EXIT|[105]|List<RenewalMaintenancePricingService.RepriceRequest>.isEmpty()
10:16:28.33 (3036216696)|STATEMENT_EXECUTE|[105]
10:16:28.33 (3036220834)|SYSTEM_METHOD_ENTRY|[109]|List<RenewalMaintenancePricingService.RepriceRequest>.iterator()
10:16:28.33 (3036368560)|SYSTEM_METHOD_EXIT|[109]|List<RenewalMaintenancePricingService.RepriceRequest>.iterator()
10:16:28.33 (3036388913)|SYSTEM_METHOD_ENTRY|[109]|system.ListIterator.hasNext()
10:16:28.33 (3036398438)|HEAP_ALLOCATE|[109]|Bytes:5
10:16:28.33 (3036404893)|SYSTEM_METHOD_EXIT|[109]|system.ListIterator.hasNext()
10:16:28.33 (3036429887)|HEAP_ALLOCATE|[109]|Bytes:16
10:16:28.33 (3036437305)|VARIABLE_SCOPE_BEGIN|[109]|request|RenewalMaintenancePricingService.RepriceRequest|true|false
10:16:28.33 (3036457135)|VARIABLE_ASSIGNMENT|[109]|request|{"contextInstanceId":"0000000s272q18g00251 (44 more) ...","quoteId":"0Q0WC000003JXxp0AG"}|0x3ffbad96
10:16:28.33 (3036460902)|STATEMENT_EXECUTE|[109]
10:16:28.33 (3036461743)|STATEMENT_EXECUTE|[110]
10:16:28.33 (3036475773)|HEAP_ALLOCATE|[110]|Bytes:8
10:16:28.33 (3036489438)|CONSTRUCTOR_ENTRY|[110]|01pWC000002WYBt|<init>()|RenewalMaintenancePricingService.RepriceResult
10:16:28.33 (3036504528)|VARIABLE_SCOPE_BEGIN|[33]|this|RenewalMaintenancePricingService.RepriceResult|true|false
10:16:28.33 (3036514588)|VARIABLE_ASSIGNMENT|[33]|this|{}|0x6aa3099b
10:16:28.33 (3036520336)|HEAP_ALLOCATE|[EXTERNAL]|Bytes:5
10:16:28.33 (3036541078)|STATEMENT_EXECUTE|[33]
10:16:28.33 (3036543036)|HEAP_ALLOCATE|[EXTERNAL]|Bytes:5
10:16:28.33 (3036544802)|STATEMENT_EXECUTE|[35]
10:16:28.33 (3036547631)|CONSTRUCTOR_EXIT|[110]|01pWC000002WYBt|<init>()|RenewalMaintenancePricingService.RepriceResult
10:16:28.33 (3036550746)|VARIABLE_SCOPE_BEGIN|[110]|result|RenewalMaintenancePricingService.RepriceResult|true|false
10:16:28.33 (3036562618)|VARIABLE_ASSIGNMENT|[110]|result|{}|0x6aa3099b
10:16:28.33 (3036565091)|STATEMENT_EXECUTE|[111]
10:16:28.33 (3036570103)|HEAP_ALLOCATE|[111]|Bytes:5
10:16:28.33 (3036577065)|VARIABLE_ASSIGNMENT|[111]|this.colaOnlyPersistComplete|false|0x6aa3099b
10:16:28.33 (3036620212)|SYSTEM_METHOD_ENTRY|[113]|String.isBlank(String)
10:16:28.33 (3036637555)|SYSTEM_METHOD_EXIT|[113]|String.isBlank(String)
10:16:28.33 (3036640621)|STATEMENT_EXECUTE|[113]
10:16:28.33 (3036641750)|STATEMENT_EXECUTE|[118]
10:16:28.33 (3036649377)|SYSTEM_METHOD_ENTRY|[118]|Id.valueOf(String)
10:16:28.33 (3036660886)|HEAP_ALLOCATE|[118]|Bytes:4
10:16:28.33 (3036664161)|SYSTEM_METHOD_EXIT|[118]|Id.valueOf(String)
10:16:28.33 (3036666457)|VARIABLE_SCOPE_BEGIN|[118]|quoteId|Id|false|false
10:16:28.33 (3036856991)|VARIABLE_ASSIGNMENT|[118]|quoteId|"0Q0WC000003JXxp0AG"
10:16:28.33 (3036860960)|STATEMENT_EXECUTE|[119]
10:16:28.33 (3036861667)|STATEMENT_EXECUTE|[119]
10:16:28.33 (3036874369)|SYSTEM_METHOD_ENTRY|[120]|String.isNotBlank(String)
10:16:28.33 (3036885422)|SYSTEM_METHOD_EXIT|[120]|String.isNotBlank(String)
10:16:28.33 (3036887599)|STATEMENT_EXECUTE|[120]
10:16:28.33 (3036927374)|STATEMENT_EXECUTE|[123]
10:16:28.33 (3036928446)|STATEMENT_EXECUTE|[124]
10:16:28.33 (3036940857)|METHOD_ENTRY|[124]|01pWC000002WYBt|RenewalMaintenancePricingService.applyToContext(Id, String)
10:16:28.33 (3036955602)|VARIABLE_SCOPE_BEGIN|[178]|quoteId|Id|false|false
10:16:28.33 (3036991742)|VARIABLE_ASSIGNMENT|[178]|quoteId|"0Q0WC000003JXxp0AG"
10:16:28.33 (3036994342)|VARIABLE_SCOPE_BEGIN|[178]|contextInstanceId|String|false|false
10:16:28.33 (3037000212)|VARIABLE_ASSIGNMENT|[178]|contextInstanceId|"0000000s272q18g00251 (44 more) ..."
10:16:28.33 (3037011254)|HEAP_ALLOCATE|[179]|Bytes:5
10:16:28.33 (3037013992)|STATEMENT_EXECUTE|[178]
10:16:28.33 (3037014742)|STATEMENT_EXECUTE|[179]
10:16:28.33 (3037019982)|METHOD_ENTRY|[179]|01pWC000002WYBt|RenewalMaintenancePricingService.queryRenewalMaintenanceCandidates(Id)
10:16:28.33 (3037125918)|VARIABLE_SCOPE_BEGIN|[334]|quoteId|Id|false|false
10:16:28.33 (3037152849)|VARIABLE_ASSIGNMENT|[334]|quoteId|"0Q0WC000003JXxp0AG"
10:16:28.33 (3037159447)|HEAP_ALLOCATE|[335]|Bytes:5
10:16:28.33 (3037161663)|STATEMENT_EXECUTE|[334]
10:16:28.33 (3037162549)|STATEMENT_EXECUTE|[335]
10:16:28.33 (3037165408)|HEAP_ALLOCATE|[335]|Bytes:294
10:16:28.33 (3037183393)|HEAP_ALLOCATE|[335]|Bytes:4
10:16:28.33 (3037195944)|HEAP_ALLOCATE|[335]|Bytes:7
10:16:28.33 (3042500588)|SOQL_EXECUTE_BEGIN|[335]|Aggregations:0|SELECT Id, QuoteId, Base_Price__c, Prior_Partner_Discount__c, Prior_Discretionary_Discount__c, PartnerDiscountPercent, Discount, COLA_Uplift_Percent__c, Quantity, NetUnitPrice FROM QuoteLineItem WHERE (QuoteId = :tmpVar1 AND Fortra_Product_Type__c = 'Renewal Maintenance' AND Base_Price__c > 0)
10:16:28.33 (3042541648)|LIMIT_USAGE|[335]|SOQL|1|100
10:16:28.33 (3042549243)|LIMIT_USAGE|[335]|AGGS|0|300
10:16:28.33 (3061049807)|SOQL_EXECUTE_EXPLAIN|[335]|Index on QuoteLineItem : [QuoteId], cardinality: 0, sobjectCardinality: 1224120, relativeCost 0
10:16:28.33 (3061070368)|SOQL_EXECUTE_END|[335]|Rows:0
10:16:28.33 (3061095666)|LIMIT_USAGE|[335]|SOQL_ROWS|0|50000
10:16:28.33 (3061115114)|HEAP_ALLOCATE|[335]|Bytes:4
10:16:28.33 (3061132811)|HEAP_ALLOCATE|[335]|Bytes:0
10:16:28.33 (3061214716)|HEAP_ALLOCATE|[335]|Bytes:4
10:16:28.33 (3061250000)|METHOD_EXIT|[179]|01pWC000002WYBt|RenewalMaintenancePricingService.queryRenewalMaintenanceCandidates(Id)
10:16:28.33 (3061279912)|METHOD_ENTRY|[179]|01pWC000002WYBt|RenewalMaintenancePricingService.filterLinesNeedingColaNet(List<QuoteLineItem>)
10:16:28.33 (3061291313)|VARIABLE_SCOPE_BEGIN|[346]|lines|List<QuoteLineItem>|true|false
10:16:28.33 (3061314169)|VARIABLE_ASSIGNMENT|[346]|lines|[]|0x4be1d7e
10:16:28.33 (3061336974)|HEAP_ALLOCATE|[347]|Bytes:5
10:16:28.33 (3061341523)|STATEMENT_EXECUTE|[346]
10:16:28.33 (3061342419)|STATEMENT_EXECUTE|[347]
10:16:28.33 (3061351180)|HEAP_ALLOCATE|[347]|Bytes:4
10:16:28.33 (3061402038)|SYSTEM_CONSTRUCTOR_ENTRY|[347]|<init>()
10:16:28.33 (3061429581)|SYSTEM_CONSTRUCTOR_EXIT|[347]|<init>()
10:16:28.33 (3061432590)|VARIABLE_SCOPE_BEGIN|[347]|results|List<QuoteLineItem>|true|false
10:16:28.33 (3061440112)|HEAP_ALLOCATE|[EXTERNAL]|Bytes:4
10:16:28.33 (3061444394)|VARIABLE_ASSIGNMENT|[347]|results|[]|0x7a6ef241
10:16:28.33 (3061455878)|SYSTEM_METHOD_ENTRY|[348]|List<QuoteLineItem>.isEmpty()
10:16:28.33 (3061474521)|SYSTEM_METHOD_EXIT|[348]|List<QuoteLineItem>.isEmpty()
10:16:28.33 (3061481812)|STATEMENT_EXECUTE|[348]
10:16:28.33 (3061482520)|STATEMENT_EXECUTE|[349]
10:16:28.33 (3061486626)|METHOD_EXIT|[179]|01pWC000002WYBt|RenewalMaintenancePricingService.filterLinesNeedingColaNet(List<QuoteLineItem>)
10:16:28.33 (3061489117)|VARIABLE_SCOPE_BEGIN|[179]|candidates|List<QuoteLineItem>|true|false
10:16:28.33 (3061494028)|VARIABLE_ASSIGNMENT|[179]|candidates|[]|0x7a6ef241
10:16:28.33 (3061498548)|SYSTEM_METHOD_ENTRY|[181]|List<QuoteLineItem>.isEmpty()
10:16:28.33 (3061503797)|SYSTEM_METHOD_EXIT|[181]|List<QuoteLineItem>.isEmpty()
10:16:28.33 (3061507016)|STATEMENT_EXECUTE|[181]
10:16:28.33 (3061507884)|STATEMENT_EXECUTE|[182]
10:16:28.33 (3061514408)|METHOD_EXIT|[124]|01pWC000002WYBt|RenewalMaintenancePricingService.applyToContext(Id, String)
10:16:28.33 (3061519903)|STATEMENT_EXECUTE|[133]
10:16:28.33 (3061549305)|SYSTEM_METHOD_ENTRY|[133]|List<RenewalMaintenancePricingService.RepriceResult>.add(Object)
10:16:28.33 (3061571432)|HEAP_ALLOCATE|[EXTERNAL]|Bytes:4
10:16:28.33 (3061577613)|SYSTEM_METHOD_EXIT|[133]|List<RenewalMaintenancePricingService.RepriceResult>.add(Object)
10:16:28.33 (3061590200)|SYSTEM_METHOD_ENTRY|[109]|system.ListIterator.hasNext()
10:16:28.33 (3061600470)|HEAP_ALLOCATE|[109]|Bytes:5
10:16:28.33 (3061607809)|SYSTEM_METHOD_EXIT|[109]|system.ListIterator.hasNext()
10:16:28.33 (3061617590)|VARIABLE_ASSIGNMENT|[109]|request|null|
10:16:28.33 (3061622111)|STATEMENT_EXECUTE|[136]
10:16:28.33 (3061626285)|SYSTEM_MODE_EXIT|false
10:16:28.61 (3061707550)|CUMULATIVE_LIMIT_USAGE
10:16:28.61 (3061707550)|LIMIT_USAGE_FOR_NS|(default)|
  Number of SOQL queries: 1 out of 100
  Number of query rows: 0 out of 50000
  Number of SOSL queries: 0 out of 20
  Number of DML statements: 0 out of 150
  Number of Publish Immediate DML: 0 out of 150
  Number of DML rows: 0 out of 10000
  Maximum CPU time: 34 out of 10000
  Maximum heap size: 0 out of 6000000
  Number of callouts: 1 out of 100
  Number of Email Invocations: 0 out of 10
  Number of future calls: 0 out of 50
  Number of queueable jobs added to the queue: 0 out of 50
  Number of Mobile Apex push calls: 0 out of 10

10:16:28.61 (3061707550)|TOTAL_EMAIL_RECIPIENTS_QUEUED|0
10:16:28.61 (3061707550)|STATIC_VARIABLE_LIST|
  int:BYTES:0
  int:BYTES:0
  byte[]:DigitOnes:0
  byte[]:DigitTens:0
  Boolean:FALSE:0
  int:MAX_EXPONENT:0
  double:MAX_VALUE:0
  int:MAX_VALUE:0
  int:MIN_EXPONENT:0
  double:MIN_NORMAL:0
  double:MIN_VALUE:0
  int:MIN_VALUE:0
  double:NEGATIVE_INFINITY:0
  double:NaN:0
  double:POSITIVE_INFINITY:0
  int:PRECISION:0
  int:SIZE:0
  int:SIZE:0
  Boolean:TRUE:0
  String:__sfdcInnerTypes:0
  String:_sfdcAdditionalCodeLocations:0
  String:_sfdcAdditionalCodeLocations:0
  String:_sfdcSuppressedCodeLocations:0
  String:_static_CONTEXT_DEFINITION_NAME:0
  char[]:digits:0
  long:serialVersionUID:0
  long:serialVersionUID:0
  long:serialVersionUID:0

10:16:28.61 (3061707550)|CUMULATIVE_LIMIT_USAGE_END

10:16:28.33 (3061830052)|CODE_UNIT_FINISHED|RenewalMaintenancePricingService.applyRenewalMaintenanceNetPrices(List<RenewalMaintenancePricingService.RepriceRequest>)
10:16:27.738 (3062433893)|FLOW_ACTIONCALL_DETAIL|736432f13ae14b370f287fb01fee19f47d52cfa-1570|Apply_Renewal_Maintenance_Net|Apex|RenewalMaintenancePricingService|true|
10:16:27.738 (3062498495)|FLOW_VALUE_ASSIGNMENT|736432f13ae14b370f287fb01fee19f47d52cfa-1570|ColaOnlyPersistComplete|false
10:16:27.738 (3062501483)|FLOW_VALUE_ASSIGNMENT|736432f13ae14b370f287fb01fee19f47d52cfa-1570|Apply_Renewal_Maintenance_Net|true
10:16:27.738 (3062539724)|FLOW_ACTIONCALL_DETAIL|736432f13ae14b370f287fb01fee19f47d52cfa-1570|Apply_Renewal_Maintenance_Net|Apex|RenewalMaintenancePricingService|true|
10:16:27.738 (3062703960)|FLOW_BULK_ELEMENT_LIMIT_USAGE|1 SOQL queries, total 1 out of 100
10:16:27.738 (3062710477)|FLOW_BULK_ELEMENT_LIMIT_USAGE|92 ms CPU time, total 126 out of 15000
10:16:27.738 (3062742548)|FLOW_BULK_ELEMENT_LIMIT_USAGE|1141 bytes heap size, total 1141 out of 6000000
10:16:27.738 (3062753959)|FLOW_BULK_ELEMENT_END|FlowActionCall|Apply_Renewal_Maintenance_Net|0|5
10:16:27.738 (3062850765)|FLOW_ELEMENT_BEGIN|736432f13ae14b370f287fb01fee19f47d52cfa-1570|FlowDecision|Cola_Only_Persisted
10:16:27.738 (3062979440)|FLOW_RULE_DETAIL|736432f13ae14b370f287fb01fee19f47d52cfa-1570|Cola_Only_Complete|false|false
10:16:27.738 (3063000663)|FLOW_VALUE_ASSIGNMENT|736432f13ae14b370f287fb01fee19f47d52cfa-1570|Cola_Only_Complete|false
10:16:27.738 (3063025819)|FLOW_ELEMENT_LIMIT_USAGE|1 ms CPU time, total 127 out of 15000
10:16:27.738 (3063034540)|FLOW_ELEMENT_END|736432f13ae14b370f287fb01fee19f47d52cfa-1570|FlowDecision|Cola_Only_Persisted
10:16:27.738 (3063048604)|FLOW_ELEMENT_BEGIN|736432f13ae14b370f287fb01fee19f47d52cfa-1570|FlowActionCall|Run_Pricing
10:16:27.738 (3063057725)|FLOW_ELEMENT_DEFERRED|FlowActionCall|Run_Pricing
10:16:27.738 (3063067137)|FLOW_ELEMENT_END|736432f13ae14b370f287fb01fee19f47d52cfa-1570|FlowActionCall|Run_Pricing
10:16:27.738 (3063093099)|FLOW_BULK_ELEMENT_BEGIN|FlowActionCall|Run_Pricing
10:16:28.118 (3118159485)|CODE_UNIT_STARTED|[EXTERNAL]|industries.pricing.rulesengine.runtime.processtype.DefaultPricingProcessTypeHandler
10:16:28.118 (3393014179)|CODE_UNIT_FINISHED|industries.pricing.rulesengine.runtime.processtype.DefaultPricingProcessTypeHandler
10:16:27.738 (3404835518)|FLOW_ACTIONCALL_DETAIL|736432f13ae14b370f287fb01fee19f47d52cfa-1570|Run_Pricing|Salesforce Pricing|runSalesforcePricing|true|
10:16:27.738 (3404887427)|FLOW_VALUE_ASSIGNMENT|736432f13ae14b370f287fb01fee19f47d52cfa-1570|Run_Pricing|true
10:16:27.738 (3404930411)|FLOW_ACTIONCALL_DETAIL|736432f13ae14b370f287fb01fee19f47d52cfa-1570|Run_Pricing|Salesforce Pricing|runSalesforcePricing|true|
10:16:27.738 (3405092117)|FLOW_BULK_ELEMENT_LIMIT_USAGE|313 ms CPU time, total 440 out of 15000
10:16:27.738 (3405137509)|FLOW_BULK_ELEMENT_END|FlowActionCall|Run_Pricing|0|341
10:16:27.738 (3405226244)|FLOW_ELEMENT_BEGIN|736432f13ae14b370f287fb01fee19f47d52cfa-1570|FlowActionCall|Apply_Partner_Net_Posthook
10:16:27.738 (3405249233)|FLOW_ELEMENT_DEFERRED|FlowActionCall|Apply_Partner_Net_Posthook
10:16:27.738 (3405274314)|FLOW_ELEMENT_END|736432f13ae14b370f287fb01fee19f47d52cfa-1570|FlowActionCall|Apply_Partner_Net_Posthook
10:16:27.738 (3405298583)|FLOW_BULK_ELEMENT_BEGIN|FlowActionCall|Apply_Partner_Net_Posthook
10:16:28.521 (3521267229)|CODE_UNIT_STARTED|[EXTERNAL]|01pWC000002VmiL|PartnerNetPricePosthook.applyPostPricingNetPrices(List<PartnerNetPricePosthook.PostPricingContextRequest>)
10:16:28.521 (3521407559)|HEAP_ALLOCATE|[EXTERNAL]|Bytes:12
10:16:28.521 (3521422528)|VARIABLE_SCOPE_BEGIN|[1940]|this|PartnerNetPricePosthook.PostPricingContextRequest|true|false
10:16:28.521 (3521499969)|VARIABLE_ASSIGNMENT|[1940]|this|{}|0x21697b63
10:16:28.521 (3521539645)|STATEMENT_EXECUTE|[1940]
10:16:28.521 (3521540818)|STATEMENT_EXECUTE|[1942]
10:16:28.521 (3521542230)|STATEMENT_EXECUTE|[1948]
10:16:28.521 (3521577727)|HEAP_ALLOCATE|[EXTERNAL]|Bytes:18
10:16:28.521 (3521580090)|HEAP_ALLOCATE|[EXTERNAL]|Bytes:12
10:16:28.521 (3521591465)|VARIABLE_ASSIGNMENT|[EXTERNAL]|this.quoteId|"0Q0WC000003JXxp0AG"|0x21697b63
10:16:28.521 (3521597890)|HEAP_ALLOCATE|[EXTERNAL]|Bytes:64
10:16:28.521 (3521599329)|HEAP_ALLOCATE|[EXTERNAL]|Bytes:12
10:16:28.521 (3521603500)|VARIABLE_ASSIGNMENT|[EXTERNAL]|this.contextInstanceId|"0000000s272q18g00251 (44 more) ..."|0x21697b63
10:16:28.521 (3521608923)|HEAP_ALLOCATE|[EXTERNAL]|Bytes:8
10:16:28.521 (3521648617)|VARIABLE_SCOPE_BEGIN|[30]|PartnerNetPricePosthook.CONTEXT_DEFINITION_NAME|String|false|true
10:16:28.521 (3521652559)|VARIABLE_SCOPE_BEGIN|[29]|PartnerNetPricePosthook.MODEL_DISCOUNT|String|false|true
10:16:28.521 (3521655880)|VARIABLE_SCOPE_BEGIN|[28]|PartnerNetPricePosthook.MODEL_GUARANTEED_MARGIN|String|false|true
10:16:28.521 (3521659252)|VARIABLE_SCOPE_BEGIN|[26]|PartnerNetPricePosthook.PARTNER_SOURCE_PROCEDURE|String|false|true
10:16:28.521 (3521663329)|VARIABLE_SCOPE_BEGIN|[32]|PartnerNetPricePosthook.isProcessing|Boolean|false|true
10:16:28.521 (3521673035)|VARIABLE_SCOPE_BEGIN|[222]|PartnerNetPricePosthook.scheduledStampQuoteIds|Set<Id>|true|true
10:16:28.521 (3521737030)|HEAP_ALLOCATE|[EXTERNAL]|Bytes:107
10:16:28.521 (3521741680)|HEAP_ALLOCATE|[EXTERNAL]|Bytes:290
10:16:28.521 (3521743984)|HEAP_ALLOCATE|[EXTERNAL]|Bytes:64
10:16:28.521 (3521745710)|HEAP_ALLOCATE|[EXTERNAL]|Bytes:29
10:16:28.521 (3521752908)|VARIABLE_ASSIGNMENT|[EXTERNAL]|PartnerNetPricePosthook.CONTEXT_DEFINITION_NAME|"SalesTransactionCont (9 more) ..."
10:16:28.521 (3521755286)|HEAP_ALLOCATE|[EXTERNAL]|Bytes:8
10:16:28.521 (3521758310)|VARIABLE_ASSIGNMENT|[EXTERNAL]|PartnerNetPricePosthook.MODEL_DISCOUNT|"Discount"
10:16:28.521 (3521760358)|HEAP_ALLOCATE|[EXTERNAL]|Bytes:17
10:16:28.521 (3521763695)|VARIABLE_ASSIGNMENT|[EXTERNAL]|PartnerNetPricePosthook.MODEL_GUARANTEED_MARGIN|"Guaranteed Margin"
10:16:28.521 (3521765590)|HEAP_ALLOCATE|[EXTERNAL]|Bytes:29
10:16:28.521 (3521769395)|VARIABLE_ASSIGNMENT|[EXTERNAL]|PartnerNetPricePosthook.PARTNER_SOURCE_PROCEDURE|"System Calculated (P (9 more) ..."
10:16:28.521 (3521779268)|METHOD_ENTRY|[24]|01pWC000002VmiL|PartnerNetPricePosthook.PartnerNetPricePosthook()
10:16:28.521 (3521782159)|STATEMENT_EXECUTE|[24]
10:16:28.521 (3521784899)|STATEMENT_EXECUTE|[24]
10:16:28.521 (3521785575)|STATEMENT_EXECUTE|[32]
10:16:28.521 (3521819945)|HEAP_ALLOCATE|[32]|Bytes:5
10:16:28.521 (3521827379)|VARIABLE_ASSIGNMENT|[32]|PartnerNetPricePosthook.isProcessing|false
10:16:28.521 (3521829448)|STATEMENT_EXECUTE|[35]
10:16:28.521 (3521830429)|STATEMENT_EXECUTE|[49]
10:16:28.521 (3521831304)|STATEMENT_EXECUTE|[222]
10:16:28.521 (3521845152)|HEAP_ALLOCATE|[222]|Bytes:4
10:16:28.521 (3521868009)|SYSTEM_CONSTRUCTOR_ENTRY|[222]|<init>(Integer)
10:16:28.521 (3521889710)|SYSTEM_CONSTRUCTOR_EXIT|[222]|<init>(Integer)
10:16:28.521 (3521928316)|VARIABLE_ASSIGNMENT|[222]|PartnerNetPricePosthook.scheduledStampQuoteIds|[]|0xf9e9cff
10:16:28.521 (3521931238)|STATEMENT_EXECUTE|[1063]
10:16:28.521 (3521932098)|STATEMENT_EXECUTE|[1097]
10:16:28.521 (3521932769)|STATEMENT_EXECUTE|[1940]
10:16:28.521 (3521937201)|METHOD_EXIT|[24]|PartnerNetPricePosthook
10:16:28.521 (3521959043)|HEAP_ALLOCATE|[EXTERNAL]|Bytes:8
10:16:28.521 (3521963002)|VARIABLE_SCOPE_BEGIN|[1955]|requests|List<PartnerNetPricePosthook.PostPricingContextRequest>|true|false
10:16:28.521 (3521984752)|VARIABLE_ASSIGNMENT|[1955]|requests|[{"contextInstanceId":"0000000s272q18g00251 (44 more) ...","quoteId":"0Q0WC000003JXxp0AG"}]|0x54ebbbd1
10:16:28.521 (3521991107)|STATEMENT_EXECUTE|[1955]
10:16:28.521 (3521992117)|STATEMENT_EXECUTE|[1956]
10:16:28.521 (3521999653)|HEAP_ALLOCATE|[1956]|Bytes:4
10:16:28.521 (3522007297)|SYSTEM_CONSTRUCTOR_ENTRY|[1956]|<init>()
10:16:28.521 (3522016238)|SYSTEM_CONSTRUCTOR_EXIT|[1956]|<init>()
10:16:28.521 (3522019042)|VARIABLE_SCOPE_BEGIN|[1956]|results|List<Integer>|true|false
10:16:28.521 (3522036259)|HEAP_ALLOCATE|[EXTERNAL]|Bytes:4
10:16:28.521 (3522039136)|VARIABLE_ASSIGNMENT|[1956]|results|[]|0x11d89169
10:16:28.521 (3522089291)|SYSTEM_METHOD_ENTRY|[1957]|List<PartnerNetPricePosthook.PostPricingContextRequest>.isEmpty()
10:16:28.521 (3522102709)|SYSTEM_METHOD_EXIT|[1957]|List<PartnerNetPricePosthook.PostPricingContextRequest>.isEmpty()
10:16:28.521 (3522109700)|STATEMENT_EXECUTE|[1957]
10:16:28.521 (3522113546)|SYSTEM_METHOD_ENTRY|[1961]|List<PartnerNetPricePosthook.PostPricingContextRequest>.iterator()
10:16:28.521 (3522191911)|SYSTEM_METHOD_EXIT|[1961]|List<PartnerNetPricePosthook.PostPricingContextRequest>.iterator()
10:16:28.521 (3522207181)|SYSTEM_METHOD_ENTRY|[1961]|system.ListIterator.hasNext()
10:16:28.521 (3522213204)|HEAP_ALLOCATE|[1961]|Bytes:5
10:16:28.521 (3522217935)|SYSTEM_METHOD_EXIT|[1961]|system.ListIterator.hasNext()
10:16:28.521 (3522225869)|HEAP_ALLOCATE|[1961]|Bytes:12
10:16:28.521 (3522230622)|VARIABLE_SCOPE_BEGIN|[1961]|request|PartnerNetPricePosthook.PostPricingContextRequest|true|false
10:16:28.521 (3522243739)|VARIABLE_ASSIGNMENT|[1961]|request|{"contextInstanceId":"0000000s272q18g00251 (44 more) ...","quoteId":"0Q0WC000003JXxp0AG"}|0x21697b63
10:16:28.521 (3522247403)|STATEMENT_EXECUTE|[1961]
10:16:28.521 (3522248206)|STATEMENT_EXECUTE|[1962]
10:16:28.521 (3522250128)|VARIABLE_SCOPE_BEGIN|[1962]|linesUpdated|Integer|false|false
10:16:28.521 (3522254072)|HEAP_ALLOCATE|[1962]|Bytes:4
10:16:28.521 (3522258320)|VARIABLE_ASSIGNMENT|[1962]|linesUpdated|0
10:16:28.521 (3522283172)|SYSTEM_METHOD_ENTRY|[1963]|String.isNotBlank(String)
10:16:28.521 (3522294860)|SYSTEM_METHOD_EXIT|[1963]|String.isNotBlank(String)
10:16:28.521 (3522298308)|STATEMENT_EXECUTE|[1963]
10:16:28.521 (3522299033)|STATEMENT_EXECUTE|[1964]
10:16:28.521 (3522306893)|HEAP_ALLOCATE|[1964]|Bytes:4
10:16:28.521 (3522316683)|CONSTRUCTOR_ENTRY|[1964]|01pWC000002VmiL|<init>()|PartnerNetPricePosthook
10:16:28.521 (3522328131)|VARIABLE_SCOPE_BEGIN|[24]|this|PartnerNetPricePosthook|true|false
10:16:28.521 (3522336736)|VARIABLE_ASSIGNMENT|[24]|this|{}|0x5f03f2fa
10:16:28.521 (3522348876)|STATEMENT_EXECUTE|[24]
10:16:28.521 (3522351105)|CONSTRUCTOR_EXIT|[1964]|01pWC000002VmiL|<init>()|PartnerNetPricePosthook
10:16:28.521 (3522363827)|METHOD_ENTRY|[1964]|01pWC000002VmiL|PartnerNetPricePosthook.applyPartnerNetPrices(String)
10:16:28.521 (3522366908)|VARIABLE_SCOPE_BEGIN|[139]|this|PartnerNetPricePosthook|true|false
10:16:28.521 (3522372694)|VARIABLE_ASSIGNMENT|[139]|this|{}|0x5f03f2fa
10:16:28.521 (3522375265)|VARIABLE_SCOPE_BEGIN|[139]|ctxInstanceId|String|false|false
10:16:28.521 (3522380161)|VARIABLE_ASSIGNMENT|[139]|ctxInstanceId|"0000000s272q18g00251 (44 more) ..."
10:16:28.521 (3522383982)|STATEMENT_EXECUTE|[139]
10:16:28.521 (3522384811)|STATEMENT_EXECUTE|[140]
10:16:28.521 (3522418361)|HEAP_ALLOCATE|[140]|Bytes:50
10:16:28.521 (3522424994)|SYSTEM_METHOD_ENTRY|[9]|IndustriesContext.IndustriesContext()
10:16:28.521 (3522426536)|STATEMENT_EXECUTE|[9]
10:16:28.521 (3522430130)|SYSTEM_METHOD_EXIT|[9]|IndustriesContext
10:16:28.521 (3522432751)|HEAP_ALLOCATE|[140]|Bytes:4
10:16:28.521 (3522437621)|SYSTEM_CONSTRUCTOR_ENTRY|[140]|<init>()
10:16:28.521 (3522449803)|SYSTEM_CONSTRUCTOR_EXIT|[140]|<init>()
10:16:28.521 (3522451623)|VARIABLE_SCOPE_BEGIN|[140]|ctx|Context.IndustriesContext|true|false
10:16:28.521 (3522464724)|VARIABLE_ASSIGNMENT|[140]|ctx|{}|0x5f827c04
10:16:28.521 (3522467261)|STATEMENT_EXECUTE|[141]
10:16:28.521 (3522475061)|METHOD_ENTRY|[141]|01pWC000002VmiL|PartnerNetPricePosthook.queryLineItems(Context.IndustriesContext, String)
10:16:28.521 (3522485110)|VARIABLE_SCOPE_BEGIN|[733]|this|PartnerNetPricePosthook|true|false
10:16:28.521 (3522490356)|VARIABLE_ASSIGNMENT|[733]|this|{}|0x5f03f2fa
10:16:28.521 (3522492797)|VARIABLE_SCOPE_BEGIN|[733]|ctx|Context.IndustriesContext|true|false
10:16:28.521 (3522497687)|VARIABLE_ASSIGNMENT|[733]|ctx|{}|0x5f827c04
10:16:28.521 (3522500372)|VARIABLE_SCOPE_BEGIN|[733]|ctxInstanceId|String|false|false
10:16:28.521 (3522504601)|VARIABLE_ASSIGNMENT|[733]|ctxInstanceId|"0000000s272q18g00251 (44 more) ..."
10:16:28.521 (3522507645)|STATEMENT_EXECUTE|[733]
10:16:28.521 (3522508345)|STATEMENT_EXECUTE|[734]
10:16:28.521 (3522509007)|STATEMENT_EXECUTE|[734]
10:16:28.521 (3522509955)|STATEMENT_EXECUTE|[735]
10:16:28.521 (3522522765)|HEAP_ALLOCATE|[735]|Bytes:4
10:16:28.521 (3522529611)|HEAP_ALLOCATE|[736]|Bytes:9
10:16:28.521 (3522548503)|SYSTEM_METHOD_ENTRY|[735]|Map<String,ANY>.put(Object, Object)
10:16:28.521 (3522563903)|SYSTEM_METHOD_EXIT|[735]|Map<String,ANY>.put(Object, Object)
10:16:28.521 (3522566516)|HEAP_ALLOCATE|[737]|Bytes:4
10:16:28.521 (3522573250)|HEAP_ALLOCATE|[737]|Bytes:4
10:16:28.521 (3522577453)|SYSTEM_CONSTRUCTOR_ENTRY|[737]|<init>()
10:16:28.521 (3522581353)|SYSTEM_CONSTRUCTOR_EXIT|[737]|<init>()
10:16:28.521 (3522583462)|HEAP_ALLOCATE|[737]|Bytes:20
10:16:28.521 (3522594028)|SYSTEM_METHOD_ENTRY|[735]|Map<String,ANY>.put(Object, Object)
10:16:28.521 (3522598558)|SYSTEM_METHOD_EXIT|[735]|Map<String,ANY>.put(Object, Object)
10:16:28.521 (3522601050)|VARIABLE_SCOPE_BEGIN|[735]|queryInput|Map<String,ANY>|true|false
10:16:28.521 (3522621938)|HEAP_ALLOCATE|[EXTERNAL]|Bytes:8
10:16:28.521 (3522639480)|VARIABLE_ASSIGNMENT|[735]|queryInput|{"contextId":"0000000s272q18g00251 (44 more) ...","tags":["SalesTransactionItem"]}|0x54fd6db3
10:16:28.521 (3522642402)|STATEMENT_EXECUTE|[739]
10:16:28.521 (3522655583)|METHOD_ENTRY|[739]||Context.IndustriesContext.queryTags(Map<String,ANY>)
10:16:28.521 (3535170831)|METHOD_EXIT|[739]||Context.IndustriesContext.queryTags(Map<String,ANY>)
10:16:28.521 (3535248954)|METHOD_ENTRY|[739]|01pWC000002VmiL|PartnerNetPricePosthook.parseLineItemApiResponse(Map<String,ANY>)
10:16:28.521 (3535265640)|VARIABLE_SCOPE_BEGIN|[747]|this|PartnerNetPricePosthook|true|false
10:16:28.521 (3535321865)|VARIABLE_ASSIGNMENT|[747]|this|{}|0x5f03f2fa
10:16:28.521 (3535327667)|VARIABLE_SCOPE_BEGIN|[747]|apiResponse|Map<String,ANY>|true|false
10:16:28.521 (3535360028)|VARIABLE_ASSIGNMENT|[747]|apiResponse|{"isDone":true,"isSuccess":true,"queryResult":{"SalesTransactionItem":[]}}|0x66cc26b1
10:16:28.521 (3535371296)|STATEMENT_EXECUTE|[747]
10:16:28.521 (3535372668)|STATEMENT_EXECUTE|[748]
10:16:28.521 (3535394232)|HEAP_ALLOCATE|[748]|Bytes:4
10:16:28.521 (3535418258)|SYSTEM_CONSTRUCTOR_ENTRY|[748]|<init>()
10:16:28.521 (3535476344)|SYSTEM_CONSTRUCTOR_EXIT|[748]|<init>()
10:16:28.521 (3535482754)|VARIABLE_SCOPE_BEGIN|[748]|lineItems|List<Map<String,ANY>>|true|false
10:16:28.521 (3535519840)|HEAP_ALLOCATE|[EXTERNAL]|Bytes:4
10:16:28.521 (3535531794)|VARIABLE_ASSIGNMENT|[748]|lineItems|[]|0x7e5694b7
10:16:28.521 (3535555643)|STATEMENT_EXECUTE|[750]
10:16:28.521 (3535557178)|STATEMENT_EXECUTE|[754]
10:16:28.521 (3535560525)|VARIABLE_SCOPE_BEGIN|[754]|queryResult|Map<String,ANY>|true|false
10:16:28.521 (3535568679)|VARIABLE_ASSIGNMENT|[754]|queryResult|null|
10:16:28.521 (3535576823)|HEAP_ALLOCATE|[755]|Bytes:11
10:16:28.521 (3535612395)|SYSTEM_METHOD_ENTRY|[755]|Map<String,ANY>.containsKey(Object)
10:16:28.521 (3535642842)|SYSTEM_METHOD_EXIT|[755]|Map<String,ANY>.containsKey(Object)
10:16:28.521 (3535650167)|STATEMENT_EXECUTE|[755]
10:16:28.521 (3535651022)|STATEMENT_EXECUTE|[756]
10:16:28.521 (3535654767)|SYSTEM_METHOD_ENTRY|[756]|Map<String,ANY>.get(Object)
10:16:28.521 (3535671556)|SYSTEM_METHOD_EXIT|[756]|Map<String,ANY>.get(Object)
10:16:28.521 (3535675456)|VARIABLE_SCOPE_BEGIN|[756]|qrObj|Object|false|false
10:16:28.521 (3535687500)|VARIABLE_ASSIGNMENT|[756]|qrObj|{"SalesTransactionItem":[]}
10:16:28.521 (3535691371)|HEAP_ALLOCATE|[757]|Bytes:68
10:16:28.521 (3535741846)|STATEMENT_EXECUTE|[757]
10:16:28.521 (3535742862)|STATEMENT_EXECUTE|[760]
10:16:28.521 (3535750418)|VARIABLE_ASSIGNMENT|[760]|queryResult|{"SalesTransactionItem":[]}|0x3a4c7ef0
10:16:28.521 (3535757950)|SYSTEM_METHOD_ENTRY|[767]|Map<String,ANY>.containsKey(Object)
10:16:28.521 (3535764334)|SYSTEM_METHOD_EXIT|[767]|Map<String,ANY>.containsKey(Object)
10:16:28.521 (3535766847)|STATEMENT_EXECUTE|[767]
10:16:28.521 (3535767797)|STATEMENT_EXECUTE|[771]
10:16:28.521 (3535770499)|SYSTEM_METHOD_ENTRY|[771]|Map<String,ANY>.get(Object)
10:16:28.521 (3535787172)|SYSTEM_METHOD_EXIT|[771]|Map<String,ANY>.get(Object)
10:16:28.521 (3535789854)|VARIABLE_SCOPE_BEGIN|[771]|itemsObj|Object|false|false
10:16:28.521 (3535795464)|VARIABLE_ASSIGNMENT|[771]|itemsObj|[]
10:16:28.521 (3535797378)|STATEMENT_EXECUTE|[772]
10:16:28.521 (3535798582)|HEAP_ALLOCATE|[772]|Bytes:50
10:16:28.521 (3535823983)|VARIABLE_SCOPE_BEGIN|[772]|rawLineItems|List<ANY>|true|false
10:16:28.521 (3535829105)|VARIABLE_ASSIGNMENT|[772]|rawLineItems|[]|0x3db22ea6
10:16:28.521 (3535840524)|SYSTEM_METHOD_ENTRY|[776]|List<String>.iterator()
10:16:28.521 (3535851123)|SYSTEM_METHOD_EXIT|[776]|List<String>.iterator()
10:16:28.521 (3535886887)|SYSTEM_METHOD_ENTRY|[776]|system.ListIterator.hasNext()
10:16:28.521 (3535904615)|HEAP_ALLOCATE|[776]|Bytes:5
10:16:28.521 (3535910114)|SYSTEM_METHOD_EXIT|[776]|system.ListIterator.hasNext()
10:16:28.521 (3535916603)|VARIABLE_ASSIGNMENT|[776]|rawItem|null
10:16:28.521 (3535920314)|STATEMENT_EXECUTE|[776]
10:16:28.521 (3535921244)|STATEMENT_EXECUTE|[811]
10:16:28.521 (3535925747)|METHOD_EXIT|[739]|01pWC000002VmiL|PartnerNetPricePosthook.parseLineItemApiResponse(Map<String,ANY>)
10:16:28.521 (3535932299)|METHOD_EXIT|[141]|01pWC000002VmiL|PartnerNetPricePosthook.queryLineItems(Context.IndustriesContext, String)
10:16:28.521 (3535935105)|VARIABLE_SCOPE_BEGIN|[141]|lineItems|List<Map<String,ANY>>|true|false
10:16:28.521 (3535940154)|VARIABLE_ASSIGNMENT|[141]|lineItems|[]|0x7e5694b7
10:16:28.521 (3535945886)|SYSTEM_METHOD_ENTRY|[142]|List<Map<String,ANY>>.isEmpty()
10:16:28.521 (3535951792)|SYSTEM_METHOD_EXIT|[142]|List<Map<String,ANY>>.isEmpty()
10:16:28.521 (3535954211)|STATEMENT_EXECUTE|[142]
10:16:28.521 (3535955224)|STATEMENT_EXECUTE|[143]
10:16:28.521 (3535958989)|METHOD_EXIT|[1964]|01pWC000002VmiL|PartnerNetPricePosthook.applyPartnerNetPrices(String)
10:16:28.521 (3535962052)|HEAP_ALLOCATE|[1964]|Bytes:4
10:16:28.521 (3535980172)|VARIABLE_ASSIGNMENT|[1964]|linesUpdated|0
10:16:28.521 (3536003184)|SYSTEM_METHOD_ENTRY|[1971]|String.isNotBlank(String)
10:16:28.521 (3536016212)|SYSTEM_METHOD_EXIT|[1971]|String.isNotBlank(String)
10:16:28.521 (3536019796)|STATEMENT_EXECUTE|[1971]
10:16:28.521 (3536020691)|STATEMENT_EXECUTE|[1972]
10:16:28.521 (3536030913)|HEAP_ALLOCATE|[1972]|Bytes:4
10:16:28.521 (3536044442)|METHOD_ENTRY|[1972]|01pWC000002VmiL|PartnerNetPricePosthook.schedulePostPersistPriceStamp(Id)
10:16:28.521 (3536058887)|VARIABLE_SCOPE_BEGIN|[225]|quoteId|Id|false|false
10:16:28.521 (3536242651)|VARIABLE_ASSIGNMENT|[225]|quoteId|"0Q0WC000003JXxp0AG"
10:16:28.521 (3536252432)|STATEMENT_EXECUTE|[225]
10:16:28.521 (3536281361)|SYSTEM_METHOD_ENTRY|[226]|Set<Id>.contains(Object)
10:16:28.521 (3536311962)|SYSTEM_METHOD_EXIT|[226]|Set<Id>.contains(Object)
10:16:28.521 (3536318436)|STATEMENT_EXECUTE|[226]
10:16:28.521 (3536319922)|STATEMENT_EXECUTE|[229]
10:16:28.521 (3536326236)|SYSTEM_METHOD_ENTRY|[229]|Set<Id>.add(Object)
10:16:28.521 (3536334510)|HEAP_ALLOCATE|[EXTERNAL]|Bytes:4
10:16:28.521 (3536343372)|SYSTEM_METHOD_EXIT|[229]|Set<Id>.add(Object)
10:16:28.521 (3536345958)|STATEMENT_EXECUTE|[231]
10:16:28.521 (3536380035)|STATEMENT_EXECUTE|[231]
10:16:28.521 (3536408581)|SYSTEM_METHOD_ENTRY|[232]|System.isQueueable()
10:16:28.521 (3536429512)|SYSTEM_METHOD_EXIT|[232]|System.isQueueable()
10:16:28.521 (3536435783)|SYSTEM_METHOD_ENTRY|[232]|System.isBatch()
10:16:28.521 (3536443031)|SYSTEM_METHOD_EXIT|[232]|System.isBatch()
10:16:28.521 (3536447488)|SYSTEM_METHOD_ENTRY|[232]|System.isFuture()
10:16:28.521 (3536451775)|SYSTEM_METHOD_EXIT|[232]|System.isFuture()
10:16:28.521 (3536454791)|STATEMENT_EXECUTE|[232]
10:16:28.521 (3536455971)|STATEMENT_EXECUTE|[236]
10:16:28.521 (3539345498)|HEAP_ALLOCATE|[236]|Bytes:4
10:16:28.521 (3539395811)|METHOD_ENTRY|[5]|01pWC000002ZJd1|QuotePriceStampQueueable.QuotePriceStampQueueable()
10:16:28.521 (3539404182)|STATEMENT_EXECUTE|[5]
10:16:28.521 (3539409975)|STATEMENT_EXECUTE|[5]
10:16:28.521 (3539421400)|SYSTEM_MODE_ENTER|false
10:16:28.521 (3539435062)|HEAP_ALLOCATE|[236]|Bytes:5
10:16:28.521 (3539442325)|SYSTEM_MODE_EXIT|false
10:16:28.521 (3539455168)|METHOD_EXIT|[5]|QuotePriceStampQueueable
10:16:28.521 (3539475783)|HEAP_ALLOCATE|[236]|Bytes:8
10:16:28.521 (3539496845)|CONSTRUCTOR_ENTRY|[236]|01pWC000002ZJd1|<init>(Id)|QuotePriceStampQueueable
10:16:28.521 (3539532323)|VARIABLE_SCOPE_BEGIN|[8]|this|QuotePriceStampQueueable|true|false
10:16:28.521 (3539588461)|VARIABLE_ASSIGNMENT|[8]|this|{}|0x6e590558
10:16:28.521 (3539594174)|VARIABLE_SCOPE_BEGIN|[8]|quoteId|Id|false|false
10:16:28.521 (3539684972)|VARIABLE_ASSIGNMENT|[8]|quoteId|"0Q0WC000003JXxp0AG"
10:16:28.521 (3539695472)|SYSTEM_MODE_ENTER|false
10:16:28.521 (3539702140)|HEAP_ALLOCATE|[9]|Bytes:5
10:16:28.521 (3539706185)|STATEMENT_EXECUTE|[5]
10:16:28.521 (3539708746)|HEAP_ALLOCATE|[9]|Bytes:5
10:16:28.521 (3539711112)|STATEMENT_EXECUTE|[6]
10:16:28.521 (3539737385)|STATEMENT_EXECUTE|[8]
10:16:28.521 (3539738557)|STATEMENT_EXECUTE|[9]
10:16:28.521 (3539796686)|VARIABLE_ASSIGNMENT|[9]|this.quoteId|"0Q0WC000003JXxp0AG"|0x6e590558
10:16:28.521 (3539803482)|SYSTEM_MODE_EXIT|false
10:16:28.521 (3539814520)|CONSTRUCTOR_EXIT|[236]|01pWC000002ZJd1|<init>(Id)|QuotePriceStampQueueable
10:16:28.521 (3539831780)|SYSTEM_METHOD_ENTRY|[236]|System.enqueueJob(APEX_OBJECT)
10:16:28.521 (3540823124)|LIMIT_USAGE|[236]|QUEUEABLE|1|50
10:16:28.521 (3540837735)|LIMIT_USAGE|[236]|MAX_ASYNC|1|200
10:16:28.521 (3558787157)|SYSTEM_METHOD_EXIT|[236]|System.enqueueJob(APEX_OBJECT)
10:16:28.521 (3558823467)|METHOD_EXIT|[1972]|01pWC000002VmiL|PartnerNetPricePosthook.schedulePostPersistPriceStamp(Id)
10:16:28.521 (3558832678)|STATEMENT_EXECUTE|[1974]
10:16:28.521 (3558887813)|SYSTEM_METHOD_ENTRY|[1974]|List<Integer>.add(Object)
10:16:28.521 (3558938199)|HEAP_ALLOCATE|[1974]|Bytes:4
10:16:28.521 (3558950425)|HEAP_ALLOCATE|[EXTERNAL]|Bytes:4
10:16:28.521 (3558963592)|SYSTEM_METHOD_EXIT|[1974]|List<Integer>.add(Object)
10:16:28.521 (3558978647)|SYSTEM_METHOD_ENTRY|[1961]|system.ListIterator.hasNext()
10:16:28.521 (3558999262)|HEAP_ALLOCATE|[1961]|Bytes:5
10:16:28.521 (3559007372)|SYSTEM_METHOD_EXIT|[1961]|system.ListIterator.hasNext()
10:16:28.521 (3559034047)|VARIABLE_ASSIGNMENT|[1961]|request|null|
10:16:28.521 (3559040796)|STATEMENT_EXECUTE|[1976]
10:16:28.559 (3559090311)|CUMULATIVE_LIMIT_USAGE
10:16:28.559 (3559090311)|LIMIT_USAGE_FOR_NS|(default)|
  Number of SOQL queries: 1 out of 100
  Number of query rows: 0 out of 50000
  Number of SOSL queries: 0 out of 20
  Number of DML statements: 0 out of 150
  Number of Publish Immediate DML: 0 out of 150
  Number of DML rows: 0 out of 10000
  Maximum CPU time: 440 out of 10000
  Maximum heap size: 0 out of 6000000
  Number of callouts: 1 out of 100
  Number of Email Invocations: 0 out of 10
  Number of future calls: 0 out of 50
  Number of queueable jobs added to the queue: 1 out of 50
  Number of Mobile Apex push calls: 0 out of 10

10:16:28.559 (3559090311)|TOTAL_EMAIL_RECIPIENTS_QUEUED|0
10:16:28.559 (3559090311)|STATIC_VARIABLE_LIST|
  int:BYTES:0
  int:BYTES:0
  byte[]:DigitOnes:0
  byte[]:DigitTens:0
  Boolean:FALSE:0
  int:MAX_EXPONENT:0
  double:MAX_VALUE:0
  int:MAX_VALUE:0
  int:MIN_EXPONENT:0
  double:MIN_NORMAL:0
  double:MIN_VALUE:0
  int:MIN_VALUE:0
  double:NEGATIVE_INFINITY:0
  double:NaN:0
  double:POSITIVE_INFINITY:0
  int:PRECISION:0
  int:SIZE:0
  int:SIZE:0
  Boolean:TRUE:0
  String:__sfdcInnerTypes:0
  String:__sfdcInnerTypes:0
  String:_sfdcAdditionalCodeLocations:0
  String:_sfdcAdditionalCodeLocations:0
  String:_sfdcAdditionalCodeLocations:0
  String:_sfdcAdditionalCodeLocations:0
  String:_sfdcAdditionalCodeLocations:0
  String:_sfdcSuppressedCodeLocations:0
  String:_sfdcSuppressedCodeLocations:0
  String:_static_CONTEXT_DEFINITION_NAME:0
  String:_static_CONTEXT_DEFINITION_NAME:0
  String:_static_MODEL_DISCOUNT:0
  String:_static_MODEL_GUARANTEED_MARGIN:0
  String:_static_PARTNER_SOURCE_PROCEDURE:0
  Boolean:_static_isProcessing:0
  Set<Id>:_static_scheduledStampQuoteIds:0
  char[]:digits:0
  long:serialVersionUID:0
  long:serialVersionUID:0
  long:serialVersionUID:0

10:16:28.559 (3559090311)|CUMULATIVE_LIMIT_USAGE_END

10:16:28.521 (3559231786)|CODE_UNIT_FINISHED|PartnerNetPricePosthook.applyPostPricingNetPrices(List<PartnerNetPricePosthook.PostPricingContextRequest>)
10:16:27.738 (3560059129)|FLOW_ACTIONCALL_DETAIL|736432f13ae14b370f287fb01fee19f47d52cfa-1570|Apply_Partner_Net_Posthook|Apex|PartnerNetPricePosthook|true|
10:16:27.738 (3560118727)|FLOW_VALUE_ASSIGNMENT|736432f13ae14b370f287fb01fee19f47d52cfa-1570|Apply_Partner_Net_Posthook|true
10:16:27.738 (3560139719)|FLOW_ACTIONCALL_DETAIL|736432f13ae14b370f287fb01fee19f47d52cfa-1570|Apply_Partner_Net_Posthook|Apex|PartnerNetPricePosthook|true|
10:16:27.738 (3560348456)|FLOW_BULK_ELEMENT_LIMIT_USAGE|88 ms CPU time, total 528 out of 15000
10:16:27.738 (3560394322)|FLOW_BULK_ELEMENT_LIMIT_USAGE|629 bytes heap size, total 1770 out of 6000000
10:16:27.738 (3560409916)|FLOW_BULK_ELEMENT_LIMIT_USAGE|1 jobs in queue, total 1 out of 50
10:16:27.738 (3560426988)|FLOW_BULK_ELEMENT_END|FlowActionCall|Apply_Partner_Net_Posthook|0|154
10:16:27.738 (3560530027)|FLOW_ELEMENT_BEGIN|736432f13ae14b370f287fb01fee19f47d52cfa-1570|FlowActionCall|Finalize_Renewal_Maintenance_Net
10:16:27.738 (3560557852)|FLOW_ELEMENT_DEFERRED|FlowActionCall|Finalize_Renewal_Maintenance_Net
10:16:27.738 (3560590349)|FLOW_ELEMENT_END|736432f13ae14b370f287fb01fee19f47d52cfa-1570|FlowActionCall|Finalize_Renewal_Maintenance_Net
10:16:27.738 (3560627404)|FLOW_BULK_ELEMENT_BEGIN|FlowActionCall|Finalize_Renewal_Maintenance_Net
10:16:28.670 (3670736692)|CODE_UNIT_STARTED|[EXTERNAL]|01pWC000002WYBt|RenewalMaintenancePricingService.applyRenewalMaintenanceNetPrices(List<RenewalMaintenancePricingService.RepriceRequest>)
10:16:28.670 (3670817654)|HEAP_ALLOCATE|[EXTERNAL]|Bytes:16
10:16:28.670 (3670830867)|VARIABLE_SCOPE_BEGIN|[22]|this|RenewalMaintenancePricingService.RepriceRequest|true|false
10:16:28.670 (3670903001)|VARIABLE_ASSIGNMENT|[22]|this|{}|0x305652a7
10:16:28.670 (3672013509)|SYSTEM_MODE_ENTER|false
10:16:28.670 (3672033126)|HEAP_ALLOCATE|[EXTERNAL]|Bytes:5
10:16:28.670 (3672073373)|SYSTEM_MODE_EXIT|false
10:16:28.670 (3672081070)|STATEMENT_EXECUTE|[22]
10:16:28.670 (3672086787)|SYSTEM_MODE_ENTER|false
10:16:28.670 (3672088928)|HEAP_ALLOCATE|[EXTERNAL]|Bytes:5
10:16:28.670 (3672090716)|STATEMENT_EXECUTE|[24]
10:16:28.670 (3672091749)|STATEMENT_EXECUTE|[27]
10:16:28.670 (3672092511)|STATEMENT_EXECUTE|[30]
10:16:28.670 (3672093807)|SYSTEM_MODE_EXIT|false
10:16:28.670 (3672130722)|HEAP_ALLOCATE|[EXTERNAL]|Bytes:5
10:16:28.670 (3672133332)|HEAP_ALLOCATE|[EXTERNAL]|Bytes:16
10:16:28.670 (3672149395)|VARIABLE_ASSIGNMENT|[EXTERNAL]|this.finalizeAfterPricing|true|0x305652a7
10:16:28.670 (3672161161)|HEAP_ALLOCATE|[EXTERNAL]|Bytes:18
10:16:28.670 (3672162738)|HEAP_ALLOCATE|[EXTERNAL]|Bytes:16
10:16:28.670 (3672170706)|VARIABLE_ASSIGNMENT|[EXTERNAL]|this.quoteId|"0Q0WC000003JXxp0AG"|0x305652a7
10:16:28.670 (3672176570)|HEAP_ALLOCATE|[EXTERNAL]|Bytes:64
10:16:28.670 (3672177936)|HEAP_ALLOCATE|[EXTERNAL]|Bytes:16
10:16:28.670 (3672182748)|VARIABLE_ASSIGNMENT|[EXTERNAL]|this.contextInstanceId|"0000000s272q18g00251 (44 more) ..."|0x305652a7
10:16:28.670 (3672188816)|HEAP_ALLOCATE|[EXTERNAL]|Bytes:8
10:16:28.670 (3672264578)|HEAP_ALLOCATE|[EXTERNAL]|Bytes:8
10:16:28.670 (3672268610)|VARIABLE_SCOPE_BEGIN|[103]|requests|List<RenewalMaintenancePricingService.RepriceRequest>|true|false
10:16:28.670 (3672301620)|VARIABLE_ASSIGNMENT|[103]|requests|[{"contextInstanceId":"0000000s272q18g00251 (44 more) ...","finalizeAfterPricing":true,"quoteId":"0Q0WC000003JXxp0AG"}]|0x16b54e6a
10:16:28.670 (3672309857)|SYSTEM_MODE_ENTER|false
10:16:28.670 (3672312484)|HEAP_ALLOCATE|[104]|Bytes:5
10:16:28.670 (3672314950)|STATEMENT_EXECUTE|[103]
10:16:28.670 (3672315934)|STATEMENT_EXECUTE|[104]
10:16:28.670 (3672323775)|HEAP_ALLOCATE|[104]|Bytes:4
10:16:28.670 (3672332879)|SYSTEM_CONSTRUCTOR_ENTRY|[104]|<init>()
10:16:28.670 (3672339775)|SYSTEM_CONSTRUCTOR_EXIT|[104]|<init>()
10:16:28.670 (3672342669)|VARIABLE_SCOPE_BEGIN|[104]|results|List<RenewalMaintenancePricingService.RepriceResult>|true|false
10:16:28.670 (3672354473)|HEAP_ALLOCATE|[EXTERNAL]|Bytes:4
10:16:28.670 (3672357398)|VARIABLE_ASSIGNMENT|[104]|results|[]|0x7ac0d4b4
10:16:28.670 (3672368352)|SYSTEM_METHOD_ENTRY|[105]|List<RenewalMaintenancePricingService.RepriceRequest>.isEmpty()
10:16:28.670 (3672375260)|SYSTEM_METHOD_EXIT|[105]|List<RenewalMaintenancePricingService.RepriceRequest>.isEmpty()
10:16:28.670 (3672381365)|STATEMENT_EXECUTE|[105]
10:16:28.670 (3672385240)|SYSTEM_METHOD_ENTRY|[109]|List<RenewalMaintenancePricingService.RepriceRequest>.iterator()
10:16:28.670 (3672389343)|SYSTEM_METHOD_EXIT|[109]|List<RenewalMaintenancePricingService.RepriceRequest>.iterator()
10:16:28.670 (3672395757)|SYSTEM_METHOD_ENTRY|[109]|system.ListIterator.hasNext()
10:16:28.670 (3672399814)|HEAP_ALLOCATE|[109]|Bytes:5
10:16:28.670 (3672403814)|SYSTEM_METHOD_EXIT|[109]|system.ListIterator.hasNext()
10:16:28.670 (3672409529)|HEAP_ALLOCATE|[109]|Bytes:16
10:16:28.670 (3672414383)|VARIABLE_SCOPE_BEGIN|[109]|request|RenewalMaintenancePricingService.RepriceRequest|true|false
10:16:28.670 (3672430176)|VARIABLE_ASSIGNMENT|[109]|request|{"contextInstanceId":"0000000s272q18g00251 (44 more) ...","finalizeAfterPricing":true,"quoteId":"0Q0WC000003JXxp0AG"}|0x305652a7
10:16:28.670 (3672434867)|STATEMENT_EXECUTE|[109]
10:16:28.670 (3672435977)|STATEMENT_EXECUTE|[110]
10:16:28.670 (3672440000)|HEAP_ALLOCATE|[110]|Bytes:8
10:16:28.670 (3672445502)|CONSTRUCTOR_ENTRY|[110]|01pWC000002WYBt|<init>()|RenewalMaintenancePricingService.RepriceResult
10:16:28.670 (3672454467)|VARIABLE_SCOPE_BEGIN|[33]|this|RenewalMaintenancePricingService.RepriceResult|true|false
10:16:28.670 (3672462405)|VARIABLE_ASSIGNMENT|[33]|this|{}|0x78816221
10:16:28.670 (3672466602)|HEAP_ALLOCATE|[EXTERNAL]|Bytes:5
10:16:28.670 (3672476097)|STATEMENT_EXECUTE|[33]
10:16:28.670 (3672477636)|HEAP_ALLOCATE|[EXTERNAL]|Bytes:5
10:16:28.670 (3672479407)|STATEMENT_EXECUTE|[35]
10:16:28.670 (3672481735)|CONSTRUCTOR_EXIT|[110]|01pWC000002WYBt|<init>()|RenewalMaintenancePricingService.RepriceResult
10:16:28.670 (3672484841)|VARIABLE_SCOPE_BEGIN|[110]|result|RenewalMaintenancePricingService.RepriceResult|true|false
10:16:28.670 (3672491098)|VARIABLE_ASSIGNMENT|[110]|result|{}|0x78816221
10:16:28.670 (3672493846)|STATEMENT_EXECUTE|[111]
10:16:28.670 (3672496787)|HEAP_ALLOCATE|[111]|Bytes:5
10:16:28.670 (3672500844)|VARIABLE_ASSIGNMENT|[111]|this.colaOnlyPersistComplete|false|0x78816221
10:16:28.670 (3672532199)|SYSTEM_METHOD_ENTRY|[113]|String.isBlank(String)
10:16:28.670 (3672539976)|SYSTEM_METHOD_EXIT|[113]|String.isBlank(String)
10:16:28.670 (3672542752)|STATEMENT_EXECUTE|[113]
10:16:28.670 (3672543794)|STATEMENT_EXECUTE|[118]
10:16:28.670 (3672549915)|SYSTEM_METHOD_ENTRY|[118]|Id.valueOf(String)
10:16:28.670 (3672558332)|HEAP_ALLOCATE|[118]|Bytes:4
10:16:28.670 (3672561550)|SYSTEM_METHOD_EXIT|[118]|Id.valueOf(String)
10:16:28.670 (3672564248)|VARIABLE_SCOPE_BEGIN|[118]|quoteId|Id|false|false
10:16:28.670 (3672760335)|VARIABLE_ASSIGNMENT|[118]|quoteId|"0Q0WC000003JXxp0AG"
10:16:28.670 (3672764400)|STATEMENT_EXECUTE|[119]
10:16:28.670 (3672765153)|STATEMENT_EXECUTE|[119]
10:16:28.670 (3672773846)|SYSTEM_METHOD_ENTRY|[120]|String.isNotBlank(String)
10:16:28.670 (3672780614)|SYSTEM_METHOD_EXIT|[120]|String.isNotBlank(String)
10:16:28.670 (3672783187)|STATEMENT_EXECUTE|[120]
10:16:28.670 (3672786085)|STATEMENT_EXECUTE|[121]
10:16:28.670 (3672786767)|STATEMENT_EXECUTE|[122]
10:16:28.670 (3672805351)|METHOD_ENTRY|[122]|01pWC000002WYBt|RenewalMaintenancePricingService.applyColaNetFinalizeToContext(Id, String)
10:16:28.670 (3672841156)|VARIABLE_SCOPE_BEGIN|[246]|quoteId|Id|false|false
10:16:28.670 (3672883330)|VARIABLE_ASSIGNMENT|[246]|quoteId|"0Q0WC000003JXxp0AG"
10:16:28.670 (3672886359)|VARIABLE_SCOPE_BEGIN|[246]|contextInstanceId|String|false|false
10:16:28.670 (3672891999)|VARIABLE_ASSIGNMENT|[246]|contextInstanceId|"0000000s272q18g00251 (44 more) ..."
10:16:28.670 (3672901837)|HEAP_ALLOCATE|[247]|Bytes:5
10:16:28.670 (3672904738)|STATEMENT_EXECUTE|[246]
10:16:28.670 (3672905570)|STATEMENT_EXECUTE|[247]
10:16:28.670 (3672910557)|METHOD_ENTRY|[247]|01pWC000002WYBt|RenewalMaintenancePricingService.queryRenewalMaintenanceCandidates(Id)
10:16:28.670 (3672917454)|VARIABLE_SCOPE_BEGIN|[334]|quoteId|Id|false|false
10:16:28.670 (3672935615)|VARIABLE_ASSIGNMENT|[334]|quoteId|"0Q0WC000003JXxp0AG"
10:16:28.670 (3672939901)|HEAP_ALLOCATE|[335]|Bytes:5
10:16:28.670 (3672941704)|STATEMENT_EXECUTE|[334]
10:16:28.670 (3672942642)|STATEMENT_EXECUTE|[335]
10:16:28.670 (3672954496)|HEAP_ALLOCATE|[335]|Bytes:4
10:16:28.670 (3673604334)|SOQL_EXECUTE_BEGIN|[335]|Aggregations:0|SELECT Id, QuoteId, Base_Price__c, Prior_Partner_Discount__c, Prior_Discretionary_Discount__c, PartnerDiscountPercent, Discount, COLA_Uplift_Percent__c, Quantity, NetUnitPrice FROM QuoteLineItem WHERE (QuoteId = :tmpVar1 AND Fortra_Product_Type__c = 'Renewal Maintenance' AND Base_Price__c > 0)
10:16:28.670 (3673629708)|LIMIT_USAGE|[335]|SOQL|2|100
10:16:28.670 (3673634617)|LIMIT_USAGE|[335]|AGGS|0|300
10:16:28.670 (3681236958)|SOQL_EXECUTE_EXPLAIN|[335]|Index on QuoteLineItem : [QuoteId], cardinality: 0, sobjectCardinality: 1224120, relativeCost 0
10:16:28.670 (3681257112)|SOQL_EXECUTE_END|[335]|Rows:0
10:16:28.670 (3681282801)|LIMIT_USAGE|[335]|SOQL_ROWS|0|50000
10:16:28.670 (3681304871)|HEAP_ALLOCATE|[335]|Bytes:4
10:16:28.670 (3681323852)|HEAP_ALLOCATE|[335]|Bytes:0
10:16:28.670 (3681401418)|HEAP_ALLOCATE|[335]|Bytes:4
10:16:28.670 (3681436161)|METHOD_EXIT|[247]|01pWC000002WYBt|RenewalMaintenancePricingService.queryRenewalMaintenanceCandidates(Id)
10:16:28.670 (3681454445)|METHOD_ENTRY|[247]|01pWC000002WYBt|RenewalMaintenancePricingService.filterLinesNeedingColaNet(List<QuoteLineItem>)
10:16:28.670 (3681465025)|VARIABLE_SCOPE_BEGIN|[346]|lines|List<QuoteLineItem>|true|false
10:16:28.670 (3681493724)|VARIABLE_ASSIGNMENT|[346]|lines|[]|0x635acad
10:16:28.670 (3681514120)|HEAP_ALLOCATE|[347]|Bytes:5
10:16:28.670 (3681519478)|STATEMENT_EXECUTE|[346]
10:16:28.670 (3681520956)|STATEMENT_EXECUTE|[347]
10:16:28.670 (3681533924)|HEAP_ALLOCATE|[347]|Bytes:4
10:16:28.670 (3681547968)|SYSTEM_CONSTRUCTOR_ENTRY|[347]|<init>()
10:16:28.670 (3681554962)|SYSTEM_CONSTRUCTOR_EXIT|[347]|<init>()
10:16:28.670 (3681563173)|VARIABLE_SCOPE_BEGIN|[347]|results|List<QuoteLineItem>|true|false
10:16:28.670 (3681573646)|HEAP_ALLOCATE|[EXTERNAL]|Bytes:4
10:16:28.670 (3681580608)|VARIABLE_ASSIGNMENT|[347]|results|[]|0x76e8130b
10:16:28.670 (3681592277)|SYSTEM_METHOD_ENTRY|[348]|List<QuoteLineItem>.isEmpty()
10:16:28.670 (3681600801)|SYSTEM_METHOD_EXIT|[348]|List<QuoteLineItem>.isEmpty()
10:16:28.670 (3681608850)|STATEMENT_EXECUTE|[348]
10:16:28.670 (3681610022)|STATEMENT_EXECUTE|[349]
10:16:28.670 (3681615758)|METHOD_EXIT|[247]|01pWC000002WYBt|RenewalMaintenancePricingService.filterLinesNeedingColaNet(List<QuoteLineItem>)
10:16:28.670 (3681620461)|VARIABLE_SCOPE_BEGIN|[247]|candidates|List<QuoteLineItem>|true|false
10:16:28.670 (3681628358)|VARIABLE_ASSIGNMENT|[247]|candidates|[]|0x76e8130b
10:16:28.670 (3681639419)|SYSTEM_METHOD_ENTRY|[248]|List<QuoteLineItem>.isEmpty()
10:16:28.670 (3681671502)|SYSTEM_METHOD_EXIT|[248]|List<QuoteLineItem>.isEmpty()
10:16:28.670 (3681676042)|STATEMENT_EXECUTE|[248]
10:16:28.670 (3681677144)|STATEMENT_EXECUTE|[249]
10:16:28.670 (3681685197)|METHOD_EXIT|[122]|01pWC000002WYBt|RenewalMaintenancePricingService.applyColaNetFinalizeToContext(Id, String)
10:16:28.670 (3681690869)|STATEMENT_EXECUTE|[133]
10:16:28.670 (3681715801)|SYSTEM_METHOD_ENTRY|[133]|List<RenewalMaintenancePricingService.RepriceResult>.add(Object)
10:16:28.670 (3681727340)|HEAP_ALLOCATE|[EXTERNAL]|Bytes:4
10:16:28.670 (3681734865)|SYSTEM_METHOD_EXIT|[133]|List<RenewalMaintenancePricingService.RepriceResult>.add(Object)
10:16:28.670 (3681746162)|SYSTEM_METHOD_ENTRY|[109]|system.ListIterator.hasNext()
10:16:28.670 (3681755844)|HEAP_ALLOCATE|[109]|Bytes:5
10:16:28.670 (3681762936)|SYSTEM_METHOD_EXIT|[109]|system.ListIterator.hasNext()
10:16:28.670 (3681773268)|VARIABLE_ASSIGNMENT|[109]|request|null|
10:16:28.670 (3681777339)|STATEMENT_EXECUTE|[136]
10:16:28.670 (3681782358)|SYSTEM_MODE_EXIT|false
10:16:28.681 (3681843545)|CUMULATIVE_LIMIT_USAGE
10:16:28.681 (3681843545)|LIMIT_USAGE_FOR_NS|(default)|
  Number of SOQL queries: 2 out of 100
  Number of query rows: 0 out of 50000
  Number of SOSL queries: 0 out of 20
  Number of DML statements: 0 out of 150
  Number of Publish Immediate DML: 0 out of 150
  Number of DML rows: 0 out of 10000
  Maximum CPU time: 528 out of 10000
  Maximum heap size: 0 out of 6000000
  Number of callouts: 1 out of 100
  Number of Email Invocations: 0 out of 10
  Number of future calls: 0 out of 50
  Number of queueable jobs added to the queue: 1 out of 50
  Number of Mobile Apex push calls: 0 out of 10

10:16:28.681 (3681843545)|TOTAL_EMAIL_RECIPIENTS_QUEUED|0
10:16:28.681 (3681843545)|STATIC_VARIABLE_LIST|
  int:BYTES:0
  int:BYTES:0
  byte[]:DigitOnes:0
  byte[]:DigitTens:0
  Boolean:FALSE:0
  int:MAX_EXPONENT:0
  double:MAX_VALUE:0
  int:MAX_VALUE:0
  int:MIN_EXPONENT:0
  double:MIN_NORMAL:0
  double:MIN_VALUE:0
  int:MIN_VALUE:0
  double:NEGATIVE_INFINITY:0
  double:NaN:0
  double:POSITIVE_INFINITY:0
  int:PRECISION:0
  int:SIZE:0
  int:SIZE:0
  Boolean:TRUE:0
  String:__sfdcInnerTypes:0
  String:__sfdcInnerTypes:0
  String:_sfdcAdditionalCodeLocations:0
  String:_sfdcAdditionalCodeLocations:0
  String:_sfdcAdditionalCodeLocations:0
  String:_sfdcAdditionalCodeLocations:0
  String:_sfdcAdditionalCodeLocations:0
  String:_sfdcSuppressedCodeLocations:0
  String:_sfdcSuppressedCodeLocations:0
  String:_static_CONTEXT_DEFINITION_NAME:0
  String:_static_CONTEXT_DEFINITION_NAME:0
  String:_static_MODEL_DISCOUNT:0
  String:_static_MODEL_GUARANTEED_MARGIN:0
  String:_static_PARTNER_SOURCE_PROCEDURE:0
  Boolean:_static_isProcessing:0
  Set<Id>:_static_scheduledStampQuoteIds:0
  char[]:digits:0
  long:serialVersionUID:0
  long:serialVersionUID:0
  long:serialVersionUID:0

10:16:28.681 (3681843545)|CUMULATIVE_LIMIT_USAGE_END

10:16:28.670 (3681978824)|CODE_UNIT_FINISHED|RenewalMaintenancePricingService.applyRenewalMaintenanceNetPrices(List<RenewalMaintenancePricingService.RepriceRequest>)
10:16:27.738 (3682833413)|FLOW_ACTIONCALL_DETAIL|736432f13ae14b370f287fb01fee19f47d52cfa-1570|Finalize_Renewal_Maintenance_Net|Apex|RenewalMaintenancePricingService|true|
10:16:27.738 (3682898276)|FLOW_VALUE_ASSIGNMENT|736432f13ae14b370f287fb01fee19f47d52cfa-1570|Finalize_Renewal_Maintenance_Net|true
10:16:27.738 (3682939148)|FLOW_ACTIONCALL_DETAIL|736432f13ae14b370f287fb01fee19f47d52cfa-1570|Finalize_Renewal_Maintenance_Net|Apex|RenewalMaintenancePricingService|true|
10:16:27.738 (3683188993)|FLOW_BULK_ELEMENT_LIMIT_USAGE|1 SOQL queries, total 2 out of 100
10:16:27.738 (3683202265)|FLOW_BULK_ELEMENT_LIMIT_USAGE|74 ms CPU time, total 602 out of 15000
10:16:27.738 (3683259685)|FLOW_BULK_ELEMENT_END|FlowActionCall|Finalize_Renewal_Maintenance_Net|0|122
10:16:27.738 (3683371643)|FLOW_ELEMENT_BEGIN|736432f13ae14b370f287fb01fee19f47d52cfa-1570|FlowActionCall|Persist_Context
10:16:27.738 (3683401366)|FLOW_ELEMENT_DEFERRED|FlowActionCall|Persist_Context
10:16:27.738 (3683476354)|FLOW_ELEMENT_LIMIT_USAGE|1 ms CPU time, total 603 out of 15000
10:16:27.738 (3683490635)|FLOW_ELEMENT_END|736432f13ae14b370f287fb01fee19f47d52cfa-1570|FlowActionCall|Persist_Context
10:16:27.738 (3683535474)|FLOW_BULK_ELEMENT_BEGIN|FlowActionCall|Persist_Context
10:16:28.956 (3956599570)|LIMIT_USAGE|[EXTERNAL]|CALLOUT|2|100
10:16:28.956 (3957360441)|FLOW_ACTIONCALL_DETAIL|736432f13ae14b370f287fb01fee19f47d52cfa-1570|Persist_Context|Persist Context Data|persistContextData|true|
10:16:28.956 (3957413595)|FLOW_VALUE_ASSIGNMENT|736432f13ae14b370f287fb01fee19f47d52cfa-1570|Persist_Context|true
10:16:28.956 (3957430047)|FLOW_ACTIONCALL_DETAIL|736432f13ae14b370f287fb01fee19f47d52cfa-1570|Persist_Context|Persist Context Data|persistContextData|true|
10:16:28.956 (3957578831)|FLOW_BULK_ELEMENT_LIMIT_USAGE|119 ms CPU time, total 722 out of 15000
10:16:28.956 (3957624979)|FLOW_BULK_ELEMENT_LIMIT_USAGE|1 callouts, total 2 out of 100
10:16:28.956 (3957641933)|FLOW_BULK_ELEMENT_END|FlowActionCall|Persist_Context|0|273
10:16:28.956 (3957738277)|FLOW_ELEMENT_BEGIN|736432f13ae14b370f287fb01fee19f47d52cfa-1570|FlowAssignment|Set_Success
10:16:28.956 (3957849353)|FLOW_ASSIGNMENT_DETAIL|736432f13ae14b370f287fb01fee19f47d52cfa-1570|IsSuccess|ASSIGN|true
10:16:28.956 (3957867817)|FLOW_VALUE_ASSIGNMENT|736432f13ae14b370f287fb01fee19f47d52cfa-1570|IsSuccess|true
10:16:28.956 (3957894342)|FLOW_ELEMENT_LIMIT_USAGE|1 ms CPU time, total 723 out of 15000
10:16:28.956 (3957904103)|FLOW_ELEMENT_END|736432f13ae14b370f287fb01fee19f47d52cfa-1570|FlowAssignment|Set_Success
10:16:28.956 (3958421622)|FLOW_START_INTERVIEWS_END|1
10:16:28.956 (3958634456)|FLOW_INTERVIEW_FINISHED|736432f13ae14b370f287fb01fee19f47d52cfa-1570|Fortra Quote Reprice
10:16:28.956 (3958663821)|FLOW_INTERVIEW_FINISHED_LIMIT_USAGE|SOQL queries: 2 out of 100
10:16:28.956 (3958667982)|FLOW_INTERVIEW_FINISHED_LIMIT_USAGE|SOQL query rows: 0 out of 50000
10:16:28.956 (3958671744)|FLOW_INTERVIEW_FINISHED_LIMIT_USAGE|SOSL queries: 0 out of 20
10:16:28.956 (3958676360)|FLOW_INTERVIEW_FINISHED_LIMIT_USAGE|DML statements: 0 out of 150
10:16:28.956 (3958680650)|FLOW_INTERVIEW_FINISHED_LIMIT_USAGE|DML rows: 0 out of 10000
10:16:28.956 (3958684710)|FLOW_INTERVIEW_FINISHED_LIMIT_USAGE|CPU time in ms: 723 out of 15000
10:16:28.956 (3958712528)|FLOW_INTERVIEW_FINISHED_LIMIT_USAGE|Heap size in bytes: 1770 out of 6000000
10:16:28.956 (3958716620)|FLOW_INTERVIEW_FINISHED_LIMIT_USAGE|Callouts: 2 out of 100
10:16:28.956 (3958720021)|FLOW_INTERVIEW_FINISHED_LIMIT_USAGE|Email invocations: 0 out of 10
10:16:28.956 (3958723854)|FLOW_INTERVIEW_FINISHED_LIMIT_USAGE|Future calls: 0 out of 50
10:16:28.956 (3958727280)|FLOW_INTERVIEW_FINISHED_LIMIT_USAGE|Jobs in queue: 1 out of 50
10:16:28.993 (3993188012)|CUMULATIVE_PROFILING_BEGIN
10:16:28.993 (3993188012)|CUMULATIVE_PROFILING|SOQL operations|
Class.RenewalMaintenancePricingService.queryRenewalMaintenanceCandidates: line 335, column 1: [
            SELECT Id, QuoteId, Base_Price__c, Prior_Partner_Discount__c, Prior_Discretionary_Discount__c,
                   PartnerDiscountPercent, Discount, COLA_Uplift_Percent__c, Quantity, NetUnitPrice
            FROM QuoteLineItem
            WHERE QuoteId = :quoteId
            AND Fortra_Product_Type__c = 'Renewal Maintenance'
            AND Base_Price__c > 0
        ]: executed 2 times in 33 ms

10:16:28.993 (3993188012)|CUMULATIVE_PROFILING|No profiling information for SOSL operations
10:16:28.993 (3993188012)|CUMULATIVE_PROFILING|No profiling information for DML operations
10:16:28.993 (3993188012)|CUMULATIVE_PROFILING|method invocations|
External entry point: public static List<Integer> applyPostPricingNetPrices(List<PartnerNetPricePosthook.PostPricingContextRequest>): executed 1 time in 37 ms
Class.RenewalMaintenancePricingService.applyRenewalMaintenanceNetPrices: line 124, column 1: private static void applyToContext(Id, String): executed 1 time in 25 ms
Class.RenewalMaintenancePricingService.applyToContext: line 179, column 1: private static List<QuoteLineItem> queryRenewalMaintenanceCandidates(Id): executed 2 times in 24 ms
Class.PartnerNetPricePosthook.applyPostPricingNetPrices: line 1972, column 1: private static void schedulePostPersistPriceStamp(Id): executed 1 time in 23 ms
Class.PartnerNetPricePosthook.schedulePostPersistPriceStamp: line 236, column 1: public QuotePriceStampQueueable(Id): executed 2 times in 19 ms
Class.PartnerNetPricePosthook.applyPartnerNetPrices: line 141, column 1: private List<Map<String,ANY>> queryLineItems(Context.IndustriesContext, String): executed 1 time in 13 ms
Class.PartnerNetPricePosthook.queryLineItems: line 739, column 1: global Map<String,ANY> queryTags(Map<String,ANY>): executed 2 times in 13 ms
Class.PartnerNetPricePosthook.applyPostPricingNetPrices: line 1964, column 1: global PartnerNetPricePosthook(): executed 2 times in 13 ms
External entry point: public static List<RenewalMaintenancePricingService.RepriceResult> applyRenewalMaintenanceNetPrices(List<RenewalMaintenancePricingService.RepriceRequest>): executed 1 time in 10 ms
Class.RenewalMaintenancePricingService.applyColaNetFinalizeToContext: line 247, column 1: private static List<QuoteLineItem> queryRenewalMaintenanceCandidates(Id): executed 2 times in 9 ms
Class.RenewalMaintenancePricingService.applyRenewalMaintenanceNetPrices: line 122, column 1: private static void applyColaNetFinalizeToContext(Id, String): executed 1 time in 9 ms

10:16:28.993 (3993188012)|CUMULATIVE_PROFILING_END

