 ›   Warning: @salesforce/cli update available from 2.140.6 to 2.141.6.
Compiled successfully.
Executed successfully.

67.0 APEX_CODE,DEBUG;APEX_PROFILING,INFO
Execute Anonymous: String qId = '0Q0WC000003IKeT0AO';
Execute Anonymous: for (QuoteLineItem q : [SELECT Product2.Name, NetUnitPrice, UnitPrice, ListPrice, Base_Price__c, Source_List_Price__c, Pre_Partner_Price__c, PartnerDiscountPercent
Execute Anonymous:                         FROM QuoteLineItem WHERE QuoteId = :qId ORDER BY Product2.Name]) {
Execute Anonymous:     System.debug('IKET| BEFORE ' + (q.Product2!=null?q.Product2.Name:'') + ' | Net=' + q.NetUnitPrice + ' Unit=' + q.UnitPrice + ' List=' + q.ListPrice
Execute Anonymous:         + ' Base=' + q.Base_Price__c + ' SrcList=' + q.Source_List_Price__c + ' PrePartner=' + q.Pre_Partner_Price__c + ' P%=' + q.PartnerDiscountPercent);
Execute Anonymous: }
Execute Anonymous: try {
Execute Anonymous:     Flow.Interview f = Flow.Interview.createInterview('Fortra_Quote_Reprice', new Map<String,Object>{ 'QuoteId' => qId });
Execute Anonymous:     f.start();
Execute Anonymous:     System.debug('IKET| reprice invoked');
Execute Anonymous: } catch (Exception e) { System.debug('IKET| INVOKE FAILED: ' + e.getMessage()); }
Execute Anonymous: for (QuoteLineItem q : [SELECT Product2.Name, NetUnitPrice, Pre_Partner_Price__c FROM QuoteLineItem WHERE QuoteId = :qId ORDER BY Product2.Name]) {
Execute Anonymous:     System.debug('IKET| AFTER  ' + (q.Product2!=null?q.Product2.Name:'') + ' | Net=' + q.NetUnitPrice + ' PrePartner=' + q.Pre_Partner_Price__c);
Execute Anonymous: }
04:25:22.61 (61324307)|USER_INFO|[EXTERNAL]|005WC00000MgTN2|liam.jeong.c@fortra.com.uat|(GMT-07:00) Pacific Daylight Time (America/Los_Angeles)|GMT-07:00
04:25:22.61 (61361418)|EXECUTION_STARTED
04:25:22.61 (61382770)|CODE_UNIT_STARTED|[EXTERNAL]|execute_anonymous_apex
04:25:22.255 (255409669)|CODE_UNIT_STARTED|[EXTERNAL]|01pWC000002WYBt|RenewalMaintenancePricingService.applyRenewalMaintenanceNetPrices(List<RenewalMaintenancePricingService.RepriceRequest>)
04:25:22.255 (257423783)|FATAL_ERROR|System.StringException: Invalid id: 0Q0WC000003IKeT0AO

Class.RenewalMaintenancePricingService.applyRenewalMaintenanceNetPrices: line 118, column 1
04:25:22.255 (257439802)|FATAL_ERROR|System.StringException: Invalid id: 0Q0WC000003IKeT0AO

Class.RenewalMaintenancePricingService.applyRenewalMaintenanceNetPrices: line 118, column 1
04:25:22.257 (257453304)|CUMULATIVE_LIMIT_USAGE
04:25:22.257 (257453304)|LIMIT_USAGE_FOR_NS|(default)|
  Number of SOQL queries: 1 out of 100
  Number of query rows: 0 out of 50000
  Number of SOSL queries: 0 out of 20
  Number of DML statements: 0 out of 150
  Number of Publish Immediate DML: 0 out of 150
  Number of DML rows: 0 out of 10000
  Maximum CPU time: 37 out of 10000
  Maximum heap size: 0 out of 6000000
  Number of callouts: 1 out of 100
  Number of Email Invocations: 0 out of 10
  Number of future calls: 0 out of 50
  Number of queueable jobs added to the queue: 0 out of 50
  Number of Mobile Apex push calls: 0 out of 10

04:25:22.257 (257453304)|CUMULATIVE_LIMIT_USAGE_END

04:25:22.255 (257510103)|CODE_UNIT_FINISHED|RenewalMaintenancePricingService.applyRenewalMaintenanceNetPrices(List<RenewalMaintenancePricingService.RepriceRequest>)
04:25:22.61 (492463021)|EXCEPTION_THROWN|[51]|System.FlowException:  An unhandled fault has occurred in this flow  An unhandled fault has occurred while processing the flow.  Please contact your system administrator for more information.
04:25:22.61 (492708084)|USER_DEBUG|[11]|DEBUG|IKET&#124; INVOKE FAILED:  An unhandled fault has occurred in this flow  An unhandled fault has occurred while processing the flow.  Please contact your system administrator for more information.
04:25:22.500 (500886120)|CUMULATIVE_LIMIT_USAGE
04:25:22.500 (500886120)|LIMIT_USAGE_FOR_NS|(default)|
  Number of SOQL queries: 2 out of 100
  Number of query rows: 0 out of 50000
  Number of SOSL queries: 0 out of 20
  Number of DML statements: 0 out of 150
  Number of Publish Immediate DML: 0 out of 150
  Number of DML rows: 0 out of 10000
  Maximum CPU time: 168 out of 10000
  Maximum heap size: 0 out of 6000000
  Number of callouts: 1 out of 100
  Number of Email Invocations: 0 out of 10
  Number of future calls: 0 out of 50
  Number of queueable jobs added to the queue: 0 out of 50
  Number of Mobile Apex push calls: 0 out of 10

04:25:22.500 (500886120)|CUMULATIVE_LIMIT_USAGE_END

04:25:22.61 (500962567)|CODE_UNIT_FINISHED|execute_anonymous_apex
04:25:22.61 (500979579)|EXECUTION_FINISHED

