 ›   Warning: @salesforce/cli update available from 2.140.6 to 2.141.6.
Compiled successfully.
Executed successfully.

67.0 APEX_CODE,DEBUG;APEX_PROFILING,INFO
Execute Anonymous: String qId = '0Q0WC0000028Czm0AE';
Execute Anonymous: for (QuoteLineItem q : [SELECT Product2.ProductCode, NetUnitPrice, COLACalculatedPrice__c, COLA_Uplift_Percent__c, Base_Price__c
Execute Anonymous:                         FROM QuoteLineItem WHERE QuoteId=:qId AND Fortra_Product_Type__c LIKE '%Maintenance%']) {
Execute Anonymous:     System.debug('TRACE| BEFORE ' + q.Product2.ProductCode + ' Net=' + q.NetUnitPrice + ' COLACalc=' + q.COLACalculatedPrice__c + ' COLA%=' + q.COLA_Uplift_Percent__c + ' Base=' + q.Base_Price__c);
Execute Anonymous: }
Execute Anonymous: try {
Execute Anonymous:     Flow.Interview f = Flow.Interview.createInterview('Fortra_Quote_Reprice', new Map<String,Object>{'QuoteId'=>qId});
Execute Anonymous:     f.start();
Execute Anonymous:     System.debug('TRACE| reprice invoked OK');
Execute Anonymous: } catch (Exception e) { System.debug('TRACE| INVOKE FAILED: ' + e.getMessage()); }
Execute Anonymous: for (QuoteLineItem q : [SELECT Product2.ProductCode, NetUnitPrice, COLACalculatedPrice__c FROM QuoteLineItem WHERE QuoteId=:qId AND Fortra_Product_Type__c LIKE '%Maintenance%']) {
Execute Anonymous:     System.debug('TRACE| AFTER  ' + q.Product2.ProductCode + ' Net=' + q.NetUnitPrice + ' COLACalc=' + q.COLACalculatedPrice__c);
Execute Anonymous: }
05:45:13.58 (58763241)|USER_INFO|[EXTERNAL]|005WC00000MgTN2|liam.jeong.c@fortra.com.uat|(GMT-07:00) Pacific Daylight Time (America/Los_Angeles)|GMT-07:00
05:45:13.58 (58789524)|EXECUTION_STARTED
05:45:13.58 (58809697)|CODE_UNIT_STARTED|[EXTERNAL]|execute_anonymous_apex
05:45:13.58 (84464746)|USER_DEBUG|[4]|DEBUG|TRACE&#124; BEFORE GS-GSE-RRM-EFTAS Net=null COLACalc=0.00 COLA%=7.85 Base=null
05:45:13.58 (84532386)|USER_DEBUG|[4]|DEBUG|TRACE&#124; BEFORE GS-GSE-RRM-EERM Net=null COLACalc=0.00 COLA%=7.85 Base=null
05:45:13.58 (84568000)|USER_DEBUG|[4]|DEBUG|TRACE&#124; BEFORE GS-GSE-RRM-EFAR Net=null COLACalc=0.00 COLA%=7.85 Base=null
05:45:13.58 (84600568)|USER_DEBUG|[4]|DEBUG|TRACE&#124; BEFORE GS-GSE-RRM-EOPM Net=null COLACalc=0.00 COLA%=7.85 Base=null
05:45:13.270 (270151647)|CODE_UNIT_STARTED|[EXTERNAL]|01pWC000002WYBt|RenewalMaintenancePricingService.applyRenewalMaintenanceNetPrices(List<RenewalMaintenancePricingService.RepriceRequest>)
05:45:13.282 (282175971)|CUMULATIVE_LIMIT_USAGE
05:45:13.282 (282175971)|LIMIT_USAGE_FOR_NS|(default)|
  Number of SOQL queries: 2 out of 100
  Number of query rows: 4 out of 50000
  Number of SOSL queries: 0 out of 20
  Number of DML statements: 0 out of 150
  Number of Publish Immediate DML: 0 out of 150
  Number of DML rows: 0 out of 10000
  Maximum CPU time: 40 out of 10000
  Maximum heap size: 0 out of 6000000
  Number of callouts: 1 out of 100
  Number of Email Invocations: 0 out of 10
  Number of future calls: 0 out of 50
  Number of queueable jobs added to the queue: 0 out of 50
  Number of Mobile Apex push calls: 0 out of 10

05:45:13.282 (282175971)|CUMULATIVE_LIMIT_USAGE_END

05:45:13.270 (282257101)|CODE_UNIT_FINISHED|RenewalMaintenancePricingService.applyRenewalMaintenanceNetPrices(List<RenewalMaintenancePricingService.RepriceRequest>)
05:45:13.346 (346707351)|CODE_UNIT_STARTED|[EXTERNAL]|industries.pricing.rulesengine.runtime.processtype.DefaultPricingProcessTypeHandler
05:45:13.346 (558143164)|CODE_UNIT_FINISHED|industries.pricing.rulesengine.runtime.processtype.DefaultPricingProcessTypeHandler
05:45:13.662 (662968413)|CODE_UNIT_STARTED|[EXTERNAL]|01pWC000002VmiL|PartnerNetPricePosthook.applyPostPricingNetPrices(List<PartnerNetPricePosthook.PostPricingContextRequest>)
05:45:13.662 (675361719)|USER_DEBUG|[142]|ERROR|SC3384-DBG applyPartnerNetPrices ctxId=0000000s272q18g0025178377391403155d6145a45b34d7491a9f103b97f1022 lineItems=0
05:45:13.696 (696370442)|CUMULATIVE_LIMIT_USAGE
05:45:13.696 (696370442)|LIMIT_USAGE_FOR_NS|(default)|
  Number of SOQL queries: 2 out of 100
  Number of query rows: 4 out of 50000
  Number of SOSL queries: 0 out of 20
  Number of DML statements: 0 out of 150
  Number of Publish Immediate DML: 0 out of 150
  Number of DML rows: 0 out of 10000
  Maximum CPU time: 365 out of 10000
  Maximum heap size: 0 out of 6000000
  Number of callouts: 1 out of 100
  Number of Email Invocations: 0 out of 10
  Number of future calls: 0 out of 50
  Number of queueable jobs added to the queue: 1 out of 50
  Number of Mobile Apex push calls: 0 out of 10

05:45:13.696 (696370442)|CUMULATIVE_LIMIT_USAGE_END

05:45:13.662 (696438119)|CODE_UNIT_FINISHED|PartnerNetPricePosthook.applyPostPricingNetPrices(List<PartnerNetPricePosthook.PostPricingContextRequest>)
05:45:13.781 (781135250)|CODE_UNIT_STARTED|[EXTERNAL]|01pWC000002WYBt|RenewalMaintenancePricingService.applyRenewalMaintenanceNetPrices(List<RenewalMaintenancePricingService.RepriceRequest>)
05:45:13.788 (788331129)|CUMULATIVE_LIMIT_USAGE
05:45:13.788 (788331129)|LIMIT_USAGE_FOR_NS|(default)|
  Number of SOQL queries: 3 out of 100
  Number of query rows: 4 out of 50000
  Number of SOSL queries: 0 out of 20
  Number of DML statements: 0 out of 150
  Number of Publish Immediate DML: 0 out of 150
  Number of DML rows: 0 out of 10000
  Maximum CPU time: 430 out of 10000
  Maximum heap size: 0 out of 6000000
  Number of callouts: 1 out of 100
  Number of Email Invocations: 0 out of 10
  Number of future calls: 0 out of 50
  Number of queueable jobs added to the queue: 1 out of 50
  Number of Mobile Apex push calls: 0 out of 10

05:45:13.788 (788331129)|CUMULATIVE_LIMIT_USAGE_END

05:45:13.781 (788391873)|CODE_UNIT_FINISHED|RenewalMaintenancePricingService.applyRenewalMaintenanceNetPrices(List<RenewalMaintenancePricingService.RepriceRequest>)
05:45:13.58 (954643237)|USER_DEBUG|[9]|DEBUG|TRACE&#124; reprice invoked OK
05:45:13.58 (970858243)|USER_DEBUG|[12]|DEBUG|TRACE&#124; AFTER  GS-GSE-RRM-EFTAS Net=null COLACalc=0.00
05:45:13.58 (970905211)|USER_DEBUG|[12]|DEBUG|TRACE&#124; AFTER  GS-GSE-RRM-EERM Net=null COLACalc=0.00
05:45:13.58 (970932353)|USER_DEBUG|[12]|DEBUG|TRACE&#124; AFTER  GS-GSE-RRM-EFAR Net=null COLACalc=0.00
05:45:13.58 (970956503)|USER_DEBUG|[12]|DEBUG|TRACE&#124; AFTER  GS-GSE-RRM-EOPM Net=null COLACalc=0.00
05:45:13.983 (983190312)|CUMULATIVE_LIMIT_USAGE
05:45:13.983 (983190312)|LIMIT_USAGE_FOR_NS|(default)|
  Number of SOQL queries: 4 out of 100
  Number of query rows: 8 out of 50000
  Number of SOSL queries: 0 out of 20
  Number of DML statements: 0 out of 150
  Number of Publish Immediate DML: 0 out of 150
  Number of DML rows: 0 out of 10000
  Maximum CPU time: 577 out of 10000
  Maximum heap size: 0 out of 6000000
  Number of callouts: 2 out of 100
  Number of Email Invocations: 0 out of 10
  Number of future calls: 0 out of 50
  Number of queueable jobs added to the queue: 1 out of 50
  Number of Mobile Apex push calls: 0 out of 10

05:45:13.983 (983190312)|CUMULATIVE_LIMIT_USAGE_END

05:45:13.58 (983278142)|CODE_UNIT_FINISHED|execute_anonymous_apex
05:45:13.58 (983298776)|EXECUTION_FINISHED

