 ›   Warning: @salesforce/cli update available from 2.64.8 to 2.137.7.


=== Test Results
TEST NAME                                                                                             OUTCOME  MESSAGE  RUNTIME (MS)
────────────────────────────────────────────────────────────────────────────────────────────────────  ───────  ───────  ────────────
RenewalMaintenancePricingServiceTest.applyColaNetFinalizeToContext_noCandidatesEarlyReturns           Pass              10760       
RenewalMaintenancePricingServiceTest.applyColaNetFinalizeToContext_withCandidatesAndFakeContextId     Pass              2484        
RenewalMaintenancePricingServiceTest.applyRenewalMaintenanceNetPrices_applyToContextBranch            Pass              1013        
RenewalMaintenancePricingServiceTest.applyRenewalMaintenanceNetPrices_blankQuoteIdRecordsResult       Pass              5           
RenewalMaintenancePricingServiceTest.applyRenewalMaintenanceNetPrices_finalizeAfterPricingBranch      Pass              890         
RenewalMaintenancePricingServiceTest.applyRenewalMaintenanceNetPrices_noContextIdRunsFinalize         Pass              530         
RenewalMaintenancePricingServiceTest.applyRenewalMaintenanceNetPrices_nullAndEmptyRequests            Pass              5           
RenewalMaintenancePricingServiceTest.applyRenewalMaintenanceNetPrices_nullRequestInListRecordsResult  Pass              4           
RenewalMaintenancePricingServiceTest.applyToContext_noCandidatesEarlyReturns                          Pass              532         
RenewalMaintenancePricingServiceTest.applyToContext_withCandidatesAndFakeContextId                    Pass              969         
RenewalMaintenancePricingServiceTest.computeColaNet_appliesUpliftToStampedComponents                  Pass              5           
RenewalMaintenancePricingServiceTest.computeColaNet_derivesDiscretionaryFromDiscountPercent           Pass              5           
RenewalMaintenancePricingServiceTest.computeColaNet_nullAndZeroBaseReturnNull                         Pass              4           
RenewalMaintenancePricingServiceTest.computeColaNet_preColaNonPositiveReturnsNull                     Pass              5           
RenewalMaintenancePricingServiceTest.computeColaNet_usesExplicitPriorDiscretionaryDollars             Pass              6           
RenewalMaintenancePricingServiceTest.computeColaNet_zeroDiscountFallsToZeroDiscretionary              Pass              4           
RenewalMaintenancePricingServiceTest.filterLinesNeedingColaNet_guardAndFilter                         Pass              7           
RenewalMaintenancePricingServiceTest.finalizeRenewalMaintenanceAfterPricing_noCandidatesReturns       Pass              579         
RenewalMaintenancePricingServiceTest.finalizeRenewalMaintenanceAfterPricing_nullQuoteReturns          Pass              6           
RenewalMaintenancePricingServiceTest.needsColaNetCorrectionForValues_branches                         Pass              5           
RenewalMaintenancePricingServiceTest.needsColaNetCorrection_delegatesToQliValues                      Pass              7           
RenewalMaintenancePricingServiceTest.queryRenewalMaintenanceCandidates_returnsStampedRenewalLine      Pass              958         
RenewalMaintenancePricingServiceTest.repriceResult_defaultsToFalse                                    Pass              4           
RenewalMaintenancePricingServiceTest.resolveColaLineTotal_branches                                    Pass              5           
RenewalMaintenancePricingServiceTest.resolveUpdatePath_branches                                       Pass              12          
RenewalMaintenancePricingServiceTest.usesColaOnlyRepriceForLines_guardBranches                        Pass              5           
RenewalMaintenancePricingServiceTest.usesColaOnlyRepriceForLines_originalActionRenewTrue              Pass              7           
RenewalMaintenancePricingServiceTest.usesColaOnlyRepriceForLines_otherLineWithTotalPriceDisqualifies  Pass              7           
RenewalMaintenancePricingServiceTest.usesColaOnlyRepriceForLines_otherZeroTotalLineAllowed            Pass              5           
RenewalMaintenancePricingServiceTest.usesColaOnlyRepriceForLines_perpetualLineDisqualifies            Pass              6           
RenewalMaintenancePricingServiceTest.usesColaOnlyRepriceForLines_productTypeFromProduct2Fallback      Pass              5           
RenewalMaintenancePricingServiceTest.usesColaOnlyRepriceForLines_renewalMaintenanceMissingBaseFalse   Pass              5           
RenewalMaintenancePricingServiceTest.usesColaOnlyRepriceForLines_renewalMaintenanceOnlyTrue           Pass              5           
RenewalMaintenancePricingServiceTest.usesColaOnlyRepriceForLines_softwareLineDisqualifies             Pass              6           
RenewalMaintenancePricingServiceTest.usesColaOnlyReprice_missingQuoteReturnsFalse                     Pass              37          
RenewalMaintenancePricingServiceTest.usesColaOnlyReprice_nullIdReturnsFalse                           Pass              4           
RenewalMaintenancePricingServiceTest.usesColaOnlyReprice_realRenewalQuoteTrue                         Pass              942         


=== Apex Code Coverage by Class
CLASSES                           PERCENT  UNCOVERED LINES       
────────────────────────────────  ───────  ──────────────────────
QuoteLineItemTriggerHandler       34%      34,38,39,40,46...     
FindRecordsInCollection           0%       4,6,8,9,10...         
COLAUpliftHandler                 4%       18,25,34,38,42...     
OpportunityTriggerHandler         19%      35,36,37,38,39...     
QuoteSyncingTriggerHandler        29%      20,25,35,37,40...     
DatedConversionRateLookup         46%      31,34,42,45,46...     
QuoteRenewalTypeHandler           70%      13,26,27              
RenewalQuoteLineHandler           75%      31,36,44,50,51...     
RenewalMaintenancePricingService  50%      139,140,141,142,144...
RenewalQuoteHeaderHandler         14%      13,19,27,28,31...     
RenewalAssetQuantityHandler       35%      22,27,35,43,48...     
QuoteLineItemTrigger              92%      31                    
OpportunityTrigger                71%      16,21                 
QuoteSyncingTrigger               100%                           
QuoteLineItemExchangeRateTrigger  83%      63,64,65,66,75        
QuoteTrigger                      100%                           


=== Test Summary
NAME                 VALUE                      
───────────────────  ───────────────────────────
Outcome              Passed                     
Tests Ran            37                         
Pass Rate            100%                       
Fail Rate            0%                         
Skip Rate            0%                         
Test Run Id          707WC00002y2tRt            
Test Setup Time      0 ms                       
Test Execution Time  19838 ms                   
Test Total Time      19838 ms                   
Org Id               00DWC000006eUFF2A2         
Username             liam.jeong.c@fortra.com.uat
Org Wide Coverage    44%                        

