67.0 APEX_CODE,FINEST;APEX_PROFILING,FINEST;CALLOUT,FINEST;DATA_ACCESS,INFO;DB,FINEST;NBA,FINE;SYSTEM,FINE;VALIDATION,INFO;VISUALFORCE,FINER;WAVE,FINEST;WORKFLOW,FINER
21:55:16.1 (1632520)|USER_INFO|[EXTERNAL]|005WC00000MgTN2|liam.jeong.c@fortra.com.uat|(GMT-07:00) Pacific Daylight Time (America/Los_Angeles)|GMT-07:00
21:55:16.1 (1694599)|EXECUTION_STARTED
21:55:16.1 (1718699)|CODE_UNIT_STARTED|[EXTERNAL]|Flow:Order
21:55:16.6 (6756724)|FLOW_CREATE_INTERVIEW_BEGIN|00DWC000006eUFF|300WC00000LcvHO|301WC00000gukzh
21:55:16.6 (7014671)|FLOW_CREATE_INTERVIEW_END|1444e1b28f50d488480a4bdf94a319efd1fd2e0-658c|Fortra &#124; Order &#124; Before Insert/Update - Sync Status
21:55:16.8 (8916030)|FLOW_START_INTERVIEWS_BEGIN|1
21:55:16.8 (8980955)|FLOW_START_INTERVIEW_BEGIN|1444e1b28f50d488480a4bdf94a319efd1fd2e0-658c|Fortra &#124; Order &#124; Before Insert/Update - Sync Status
21:55:16.8 (9054430)|FLOW_START_INTERVIEW_LIMIT_USAGE|SOQL queries: 0 out of 100
21:55:16.8 (9112173)|FLOW_START_INTERVIEW_LIMIT_USAGE|SOQL query rows: 0 out of 50000
21:55:16.8 (9119882)|FLOW_START_INTERVIEW_LIMIT_USAGE|SOSL queries: 0 out of 20
21:55:16.8 (9126847)|FLOW_START_INTERVIEW_LIMIT_USAGE|DML statements: 0 out of 150
21:55:16.8 (9133655)|FLOW_START_INTERVIEW_LIMIT_USAGE|DML rows: 0 out of 10000
21:55:16.8 (9140973)|FLOW_START_INTERVIEW_LIMIT_USAGE|CPU time in ms: 1 out of 15000
21:55:16.8 (9155672)|FLOW_START_INTERVIEW_LIMIT_USAGE|Heap size in bytes: 0 out of 6000000
21:55:16.8 (9162153)|FLOW_START_INTERVIEW_LIMIT_USAGE|Callouts: 0 out of 100
21:55:16.8 (9168275)|FLOW_START_INTERVIEW_LIMIT_USAGE|Email invocations: 0 out of 10
21:55:16.8 (9173842)|FLOW_START_INTERVIEW_LIMIT_USAGE|Future calls: 0 out of 50
21:55:16.8 (9179815)|FLOW_START_INTERVIEW_LIMIT_USAGE|Jobs in queue: 0 out of 50
21:55:16.8 (9185770)|FLOW_START_INTERVIEW_LIMIT_USAGE|Push notifications: 0 out of 10
21:55:16.8 (156677125)|FLOW_VALUE_ASSIGNMENT|1444e1b28f50d488480a4bdf94a319efd1fd2e0-658c|$Record|{Id=801WC00000ktJPMYA2, OwnerId=005a500001J5WNBAA3, ContractId=800WC00000SP6oTYAT, AccountId=001WC00000WiR9YYAV, Pricebook2Id=01sWC0000022GHFYA2, OriginalOrderId=null, OpportunityId=006WC00000QbpscYAB, QuoteId=0Q0WC000003A8PB0A0, EffectiveDate=2026-06-16 00:00:00, EndDate=null, IsReductionOrder=false, Status=Order Complete, Description=null, CustomerAuthorizedById=null, CustomerAuthorizedDate=null, CompanyAuthorizedById=null, CompanyAuthorizedDate=null, Type=null, BillingStreet=17719 Scottsdale Boulevard, BillingCity=Shaker Heights, BillingState=Ohio, BillingPostalCode=44122, BillingCountry=United States, BillingStateCode=OH, BillingCountryCode=US, BillingLatitude=null, BillingLongitude=null, BillingGeocodeAccuracy=null, ShippingStreet=17719 Scottsdale Boulevard, ShippingCity=Shaker Heights, ShippingState=Ohio, ShippingPostalCode=44122, ShippingCountry=United States, ShippingStateCode=OH, ShippingCountryCode=US, ShippingLatitude=null, ShippingLongitude=null, ShippingGeocodeAccuracy=null, Name=Cancellation Quote, PoDate=null, PoNumber=null, OrderReferenceNumber=null, BillToContactId=003WC00000svbv1YAA, ShipToContactId=003WC00000svbv1YAA, ActivatedDate=2026-06-16 22:09:53, ActivatedById=005a500001J5WNBAA3, StatusCode=Activated, CurrencyIsoCode=USD, LegalEntityId=0fwWC000000034LYAQ, TaxLocaleType=null, OrderedDate=2026-06-16 00:00:00, BillingEmailAddress=null, BillingPhoneNumber=null, RelatedOrderId=null, SalesChannelId=null, OrderNumber=00095539, TotalAmount=0.0, TotalTaxAmount=0.0, GrandTotalAmount=0.0, TotalAdjustedProductAmount=0.0, TotalAdjustedDeliveryAmount=0.0, TotalProductAdjDistAmount=0.0, TotalDeliveryAdjDistAmount=0.0, TotalAdjustedProductTaxAmount=0.0, TotalAdjustedDeliveryTaxAmount=0.0, TotalProductAdjDistTaxAmount=0.0, TotalDeliveryAdjDistTaxAmount=0.0, TotalAdjProductAmtWithTax=0.0, TotalAdjDeliveryAmtWithTax=0.0, TotalProductAdjDistAmtWithTax=0.0, TotalDeliveryAdjDistAmtWithTax=0.0, PaymentTermId=null, LastPricedDate=null, FulfillmentPlanId=13VWC000001oxXN2AY, CalculationStatus=Saving, OrchestrationSbmsStatus=Completed, OriginalActionType=Cancel, ValidationResult=null, AdjustmentDistributionLogic=null, AppliedDiscountAmount=null, AppliedDiscount=null, TotalAmountOverride=null, SalesTransactionTypeId=null, PricingContractId=null, RelatedOrderType=null, TransactionType=Fortra_Advanced_Pricing, CreatedDate=2026-06-16 22:09:47, CreatedById=005a500001J5WNBAA3, LastModifiedDate=2026-06-25 04:53:29, LastModifiedById=005WC00000MgTN2YAN, IsDeleted=false, SystemModstamp=2026-06-25 04:53:29, LastViewedDate=null, LastReferencedDate=null, TotalRoundedLineAmount=null, DiscountPercent=null, Workday_Contract_ID__c=801WC00000ktJPMYA2, Workday_ID__c=00095539, Workday_Sync_Correlation_Id__c=51259e90-69d0-11f1-a80c-02c9adc31632, Workday_Sync_Message__c={
  "status": "success",
  "message": "Contract saved successfully",
  "id": "bb8604953fbc100123af11a2b2800000"
}, Workday_Sync_Payload__c={
  "sfContractId": "801WC00000ktJPMYA2",
  "orderId": "801WC00000ktJPMYA2",
  "sfAccountId": "001WC00000WiR9YYAV",
  "fortraSfdcExternalId": "801WC00000ktJPMYA2",
  "orderNumber": "00095539",
  "name": "Cancellation Quote",
  "opportunityId": "006WC00000QbpscYAB",
  "totalAmount": 0,
  "currencyIsoCode": "USD",
  "contractReferenceId": "801WC00000ktJPMYA2",
  "contractStatus": "Order Complete",
  "companyReference": "COM003",
  "currencyID": "USD",
  "shipToCustomerID": "124206",
  "soldToCustomerID": "124206",
  "billToCustomerID": "124206",
  "customerContractType": "Master_Contract",
  "contractEffectiveDate": "2026-06-16",
  "salespersonReference": "005a500001J5WNBAA3",
  "currentContractAmount": 0,
  "multipleElementRevenueAllocation": false,
  "contractLineData": [
    {
      "billingLineTemplate": "Yearly_Billing_Template",
      "contractLineReference": "802WC00000OugI7YAJ",
      "lineNumber": 1,
      "contractLineTypeID": "FIXED AMOUNT",
      "salesItemID": "GS-EFA-RSSH-ARCUS",
      "endDate": "2027-06-15",
      "serviceDate": "2026-06-16",
      "quantity": -1,
      "extendedAmount": 0,
      "billingScheduleFromDate": "2026-06-16",
      "billingScheduleToDate": "2027-06-15",
      "shipToCustomerID": "124206",
      "shipToAddressID": "001WC00000WIR9YYAV_17719SCOTTSDALEBOULEVARD_SHAKERHEIGHTS_OH_44122_US"
    }
  ]
}, QuoteTypeText__c=null, Legacy_Id__c=null, Bill_To_Place__c=a0lWC000004im8HYAQ, Hubspot_Overall_Status__c=Overall Success, Ship_To_Place__c=a0lWC000004im8HYAQ, Order_NARR__c=null, Source_Opportunity_Id__c=006WC00000Qbpsc, Source_Order_Id__c=null, Bill_To_Account__c=001WC00000WiR9YYAV, Bill_To_Address__c=a0lWC000004im8HYAQ, Ship_To_Account__c=001WC00000WiR9YYAV, Ship_To_Address__c=a0lWC000004im8HYAQ, Clawback_Repaid_Date__c=null, Commission_Date__c=null, Contract_Start_Date__c=null, Currency_Locked__c=false, MSYears__c=null, New_Licenses__c=null, New_Maintenance__c=null, New_Pro_Services__c=null, Partner_Account__c=null, Reseller_PO__c=null, Sales_Rep__c=null, Source_Quote_Currency__c=USD, gsOrderID__c=null, gsShipDate__c=null, Order_Displaced_ARR__c=0.0, VAT_Number__c=null, DoNotInvoicePS__c=false, IsDR__c=false, IsNotificationSent__c=false, IsRenewal__c=false, IsTAM__c=null, Is_Reversed__c=false, New_SaaSEftCloud__c=null, Total_List_Price__c=null, Account_Specialist__c=null, Billing_Day_of_Month__c=null, Customer_Success_Manager__c=null, Date_Fulfilled__c=null, Deal_Origin__c=null, Disable_Export_Control__c=false, Enterprise_Representative__c=null, HARP_Contact__c=null, Invoice_Contact_2__c=null, Invoice_Contact__c=null, License_Key_Contact__c=null, ShowHide_Discounts__c=null, Solutions_Engineer__c=null, Total_Discount_Amount__c=0.0, PO_Sync_Correlation_Id__c=null, PO_Sync_Message__c=null, PO_Sync_Payload__c=null, PO_Sync_Status__c=Pending, PO_URL__c=null, ALE__c=null, AWS_Marketplace_Agreement_ID__c=null, AWS_Marketplace_Offer_ID__c=null, Account_NameText__c=Cypress, Billing_Frequency__c=null, Contact__c=null, Cross_Sale_Type__c=null, Cross_Sale_User__c=null, Description__c=null, Disable_Tax__c=false, DistributorReseller__c=null, Line_Items_Complete__c=false, Maintenance_Date__c=null, Mark_Inv_Migration_Change__c=false, On_Hold_Time__c=null, OrderOne__c=1.0, POC_Invoice_Contact_On_Billing_Account__c=null, Payment_Portal__c=Fortra (default), Purchasing_Agent_Account__c=null, Purchasing_Agent_Contact__c=null, RSM_2__c=null, RSM_3__c=null, RSM_4__c=null, RSM_5__c=null, RSM__c=null, Referral_Partner__c=null, Renewal_Maintenance_Quote__c=null, Renewals_Specialist__c=null, Requested_Delivery_Date__c=null, Reseller_Partner__c=null, SA__c=null, Secondary_License_Key_Contact__c=null, Share_With_AWS__c=false, SingleYearMS__c=null, Skip_Price_Calculation__c=false, Source_Campaign__c=null, Source_Quote_Id__c=null, Workday_Sync_Status__c=Success, HS_Sync_Correlation_Id__c=null, HS_Sync_Message__c=null, HS_Sync_Payload__c=null, HS_Sync_Status__c=null, Deal_Type__c=null, GSW__c=false, Quote_Type__c=null, Total_Services__c=null, Total_Software__c=null, Total_Subscription__c=null, Order_NARR_Calculated__c=0.0, Exchange_Rate_To_USD__c=null, Legacy_Sync_Correlation_Id__c=583c7ff1-69d0-11f1-a80c-02c9adc31632, Legacy_Sync_Message__c={
  "tripwire": {
    "status": "success",
    "message": "Operation successful",
    "data": {
      "Id": "a2YTI0000060YhN2AU"
    }
  },
  "globalscape": {
    "status": "success",
    "message": "Operation successful",
    "data": {
      "Id": "a1HOy000004YBI5MAO"
    }
  },
  "dynamics": {
    "status": "success",
    "message": "Order and OrderLines  Created successfully",
    "data": ""
  }
}, Legacy_Sync_Payload__c={
  "sfContractId": "801WC00000ktJPMYA2",
  "orderId": "801WC00000ktJPMYA2",
  "sfAccountId": "001WC00000WiR9YYAV",
  "fortraSfdcExternalId": "801WC00000ktJPMYA2",
  "orderNumber": "00095539",
  "name": "Cancellation Quote",
  "opportunityId": "006WC00000QbpscYAB",
  "totalAmount": 0,
  "currencyIsoCode": "USD",
  "contractReferenceId": "801WC00000ktJPMYA2",
  "contractStatus": "Order Complete",
  "companyReference": "COM003",
  "currencyID": "USD",
  "shipToCustomerID": "124206",
  "soldToCustomerID": "124206",
  "billToCustomerID": "124206",
  "customerContractType": "Master_Contract",
  "contractEffectiveDate": "2026-06-16",
  "salespersonReference": "005a500001J5WNBAA3",
  "currentContractAmount": 0,
  "multipleElementRevenueAllocation": false,
  "contractLineData": [
    {
      "billingLineTemplate": "Yearly_Billing_Template",
      "contractLineReference": "802WC00000OugI7YAJ",
      "lineNumber": 1,
      "contractLineTypeID": "FIXED AMOUNT",
      "salesItemID": "GS-EFA-RSSH-ARCUS",
      "endDate": "2027-06-15",
      "serviceDate": "2026-06-16",
      "quantity": -1,
      "extendedAmount": 0,
      "billingScheduleFromDate": "2026-06-16",
      "billingScheduleToDate": "2027-06-15",
      "shipToCustomerID": "124206",
      "shipToAddressID": "001WC00000WIR9YYAV_17719SCOTTSDALEBOULEVARD_SHAKERHEIGHTS_OH_44122_US"
    }
  ]
}, Legacy_Sync_Status__c=Success, WorkdayReferenceID__c=COM003, Payment_Term_Workday_Reference_ID__c=null, Order_Integration_Error_Messages__c=null, Order_and_Related_Field_Status__c=Unknown, Legacy_Discount__c=null, Workday_Contract_Type__c=Master_Contract, Legacy_Overall_Status__c=Overall Success, Workday_Overall_Status__c=Not Success, Contract_Number_Text__c=00069316, MyCap__c=false}
21:55:16.8 (156921337)|FLOW_ELEMENT_BEGIN|1444e1b28f50d488480a4bdf94a319efd1fd2e0-658c|FlowDecision|Workday_Sync_Status_Decision
21:55:16.8 (156972045)|FLOW_ELEMENT_DEFERRED|FlowDecision|Workday_Sync_Status_Decision
21:55:16.8 (157040038)|FLOW_ELEMENT_LIMIT_USAGE|28 ms CPU time, total 29 out of 15000
21:55:16.8 (157078892)|FLOW_ELEMENT_END|1444e1b28f50d488480a4bdf94a319efd1fd2e0-658c|FlowDecision|Workday_Sync_Status_Decision
21:55:16.8 (157808160)|FLOW_START_INTERVIEW_END|1444e1b28f50d488480a4bdf94a319efd1fd2e0-658c|Fortra &#124; Order &#124; Before Insert/Update - Sync Status
21:55:16.8 (158020292)|FLOW_BULK_ELEMENT_BEGIN|FlowDecision|Workday_Sync_Status_Decision
21:55:16.8 (158202538)|FLOW_RULE_DETAIL|1444e1b28f50d488480a4bdf94a319efd1fd2e0-658c|NOT_Success_Workday_Sync_Status_Outcome|false|false
21:55:16.8 (158224230)|FLOW_RULE_DETAIL|1444e1b28f50d488480a4bdf94a319efd1fd2e0-658c|Success_Workday_Sync_Status_Outcome|true|false
21:55:16.8 (158241737)|FLOW_VALUE_ASSIGNMENT|1444e1b28f50d488480a4bdf94a319efd1fd2e0-658c|NOT_Success_Workday_Sync_Status_Outcome|false
21:55:16.8 (158245068)|FLOW_VALUE_ASSIGNMENT|1444e1b28f50d488480a4bdf94a319efd1fd2e0-658c|Success_Workday_Sync_Status_Outcome|true
21:55:16.8 (158423781)|FLOW_BULK_ELEMENT_END|FlowDecision|Workday_Sync_Status_Decision|0|0
21:55:16.8 (158482328)|FLOW_ELEMENT_BEGIN|1444e1b28f50d488480a4bdf94a319efd1fd2e0-658c|FlowDecision|Set_Legacy_Sync_Status_to_Pending_Decision
21:55:16.8 (158493832)|FLOW_ELEMENT_DEFERRED|FlowDecision|Set_Legacy_Sync_Status_to_Pending_Decision
21:55:16.8 (158510328)|FLOW_ELEMENT_END|1444e1b28f50d488480a4bdf94a319efd1fd2e0-658c|FlowDecision|Set_Legacy_Sync_Status_to_Pending_Decision
21:55:16.8 (158534432)|FLOW_BULK_ELEMENT_BEGIN|FlowDecision|Set_Legacy_Sync_Status_to_Pending_Decision
21:55:16.8 (158626110)|FLOW_RULE_DETAIL|1444e1b28f50d488480a4bdf94a319efd1fd2e0-658c|Yes_Set_Legacy_Sync_Status_to_Pending_Outcome|false|false
21:55:16.8 (158645015)|FLOW_VALUE_ASSIGNMENT|1444e1b28f50d488480a4bdf94a319efd1fd2e0-658c|Yes_Set_Legacy_Sync_Status_to_Pending_Outcome|false
21:55:16.8 (158742913)|FLOW_BULK_ELEMENT_LIMIT_USAGE|1 ms CPU time, total 30 out of 15000
21:55:16.8 (158749357)|FLOW_BULK_ELEMENT_END|FlowDecision|Set_Legacy_Sync_Status_to_Pending_Decision|0|0
21:55:16.8 (159230694)|FLOW_START_INTERVIEWS_END|1
21:55:16.8 (159450155)|FLOW_INTERVIEW_FINISHED|1444e1b28f50d488480a4bdf94a319efd1fd2e0-658c|Fortra &#124; Order &#124; Before Insert/Update - Sync Status
21:55:16.8 (159482184)|FLOW_INTERVIEW_FINISHED_LIMIT_USAGE|SOQL queries: 0 out of 100
21:55:16.8 (159487590)|FLOW_INTERVIEW_FINISHED_LIMIT_USAGE|SOQL query rows: 0 out of 50000
21:55:16.8 (159491122)|FLOW_INTERVIEW_FINISHED_LIMIT_USAGE|SOSL queries: 0 out of 20
21:55:16.8 (159494885)|FLOW_INTERVIEW_FINISHED_LIMIT_USAGE|DML statements: 0 out of 150
21:55:16.8 (159498095)|FLOW_INTERVIEW_FINISHED_LIMIT_USAGE|DML rows: 0 out of 10000
21:55:16.8 (159501405)|FLOW_INTERVIEW_FINISHED_LIMIT_USAGE|CPU time in ms: 30 out of 15000
21:55:16.8 (159506688)|FLOW_INTERVIEW_FINISHED_LIMIT_USAGE|Heap size in bytes: 0 out of 6000000
21:55:16.8 (159510225)|FLOW_INTERVIEW_FINISHED_LIMIT_USAGE|Callouts: 0 out of 100
21:55:16.8 (159513244)|FLOW_INTERVIEW_FINISHED_LIMIT_USAGE|Email invocations: 0 out of 10
21:55:16.8 (159516120)|FLOW_INTERVIEW_FINISHED_LIMIT_USAGE|Future calls: 0 out of 50
21:55:16.8 (159518950)|FLOW_INTERVIEW_FINISHED_LIMIT_USAGE|Jobs in queue: 0 out of 50
21:55:16.1 (163403699)|CODE_UNIT_FINISHED|Flow:Order
21:55:16.1 (163422479)|EXECUTION_FINISHED
21:55:16.340 (340400078)|USER_INFO|[EXTERNAL]|005WC00000MgTN2|liam.jeong.c@fortra.com.uat|(GMT-07:00) Pacific Daylight Time (America/Los_Angeles)|GMT-07:00
21:55:16.340 (340426979)|EXECUTION_STARTED
21:55:16.340 (340435306)|CODE_UNIT_STARTED|[EXTERNAL]|Validation:Order:801WC00000ktJPM
21:55:16.340 (340485176)|VALIDATION_RULE|03dWC000001dRW1|Lock_Currency_At_Order_Activation
21:55:16.340 (341039285)|VALIDATION_FORMULA|AND(NOT($Permission.Data_Migration_Exclude_Business_Logic),
 ISCHANGED(CurrencyIsoCode),
 OR(
     ISPICKVAL(Status, 'Activated'),
     ISPICKVAL(Status, 'In Fulfillment'),
     ISPICKVAL(Status, 'Fulfilled'),
     ISPICKVAL(Status, 'Completed'),
     ISPICKVAL(Status, 'Closed')
 )
)|Status=Order Complete , $Permission.Data_Migration_Exclude_Business_Logic=false , CurrencyIsoCode=USD
21:55:16.340 (341060896)|VALIDATION_PASS
21:55:16.340 (341062987)|VALIDATION_RULE|03dWC000001pCD3|Order_BillToAddressAcct_Equal_OrderAcct
21:55:16.340 (341263898)|VALIDATION_FORMULA|AND(NOT($Permission.Data_Migration_Exclude_Business_Logic),NOT(ISBLANK(Bill_To_Address__r.Account__c)),
 Bill_To_Address__r.Account__c !=  AccountId 
)|AccountId=001WC00000WiR9Y , $Permission.Data_Migration_Exclude_Business_Logic=false , Bill_To_Address__r.Account__c=001WC00000WiR9Y
21:55:16.340 (341269211)|VALIDATION_PASS
21:55:16.340 (341270993)|VALIDATION_RULE|03dWC000001pCBR|Order_BillToContactAcct_Equal_OrderAcct
21:55:16.340 (341402655)|VALIDATION_FORMULA|AND(NOT($Permission.Data_Migration_Exclude_Business_Logic),NOT(ISBLANK(BillToContact.AccountId)),
 BillToContact.AccountId !=  AccountId 
)|AccountId=001WC00000WiR9Y , BillToContact.AccountId=001WC00000WiR9Y , $Permission.Data_Migration_Exclude_Business_Logic=false
21:55:16.340 (341407051)|VALIDATION_PASS
21:55:16.340 (341408593)|VALIDATION_RULE|03dWC000001pC9p|Order_BillToPlaceAcct_Equal_OrderAcct
21:55:16.340 (341517435)|VALIDATION_FORMULA|AND(NOT($Permission.Data_Migration_Exclude_Business_Logic),NOT(ISBLANK(Bill_To_Place__r.Account__c)),
 Bill_To_Place__r.Account__c !=  AccountId 
)|AccountId=001WC00000WiR9Y , $Permission.Data_Migration_Exclude_Business_Logic=false , Bill_To_Place__r.Account__c=001WC00000WiR9Y
21:55:16.340 (341521293)|VALIDATION_PASS
21:55:16.340 (341522741)|VALIDATION_RULE|03dWC000001pC8D|Order_ShipToAddressAcct_Equal_OrderAcct
21:55:16.340 (341628680)|VALIDATION_FORMULA|AND(NOT($Permission.Data_Migration_Exclude_Business_Logic),NOT(ISBLANK(Ship_To_Address__r.Account__c)),
 Ship_To_Address__r.Account__c != AccountId
)|AccountId=001WC00000WiR9Y , Ship_To_Address__r.Account__c=001WC00000WiR9Y , $Permission.Data_Migration_Exclude_Business_Logic=false
21:55:16.340 (341632677)|VALIDATION_PASS
21:55:16.340 (341633950)|VALIDATION_RULE|03dWC000001pC6b|Order_ShipToContactAcct_Equal_OrderAcct
21:55:16.340 (341736418)|VALIDATION_FORMULA|AND(NOT($Permission.Data_Migration_Exclude_Business_Logic),NOT(ISBLANK(ShipToContact.AccountId)),
 ShipToContact.AccountId  != AccountId
)|AccountId=001WC00000WiR9Y , ShipToContact.AccountId=001WC00000WiR9Y , $Permission.Data_Migration_Exclude_Business_Logic=false
21:55:16.340 (341740109)|VALIDATION_PASS
21:55:16.340 (341741818)|VALIDATION_RULE|03dWC000001pC4z|Order_ShipToPlaceAcct_Equal_OrderAcct
21:55:16.340 (341843239)|VALIDATION_FORMULA|AND(NOT($Permission.Data_Migration_Exclude_Business_Logic),NOT(ISBLANK(Ship_To_Place__r.Account__c)),
 Ship_To_Place__r.Account__c != AccountId 
)|AccountId=001WC00000WiR9Y , Ship_To_Place__r.Account__c=001WC00000WiR9Y , $Permission.Data_Migration_Exclude_Business_Logic=false
21:55:16.340 (341847063)|VALIDATION_PASS
21:55:16.340 (341855381)|CODE_UNIT_FINISHED|Validation:Order:801WC00000ktJPM
21:55:16.340 (341861201)|EXECUTION_FINISHED
21:55:16.382 (382785385)|USER_INFO|[EXTERNAL]|005WC00000MgTN2|liam.jeong.c@fortra.com.uat|(GMT-07:00) Pacific Daylight Time (America/Los_Angeles)|GMT-07:00
21:55:16.382 (382810653)|EXECUTION_STARTED
21:55:16.382 (382819076)|CODE_UNIT_STARTED|[EXTERNAL]|Flow:Order
21:55:16.385 (385001375)|FLOW_CREATE_INTERVIEW_BEGIN|00DWC000006eUFF|300WC00000PgHIz|301WC00000guXcg
21:55:16.385 (385106712)|FLOW_CREATE_INTERVIEW_END|1645e1b28f50d488480a4bdf94a319efd1fd2e0-6655|Fortra &#124; Order &#124; After Update - Platform Event (Workday)
21:55:16.386 (386509963)|FLOW_START_INTERVIEWS_BEGIN|1
21:55:16.386 (386559505)|FLOW_START_INTERVIEW_BEGIN|1645e1b28f50d488480a4bdf94a319efd1fd2e0-6655|Fortra &#124; Order &#124; After Update - Platform Event (Workday)
21:55:16.386 (386621835)|FLOW_START_INTERVIEW_LIMIT_USAGE|SOQL queries: 0 out of 100
21:55:16.386 (386628835)|FLOW_START_INTERVIEW_LIMIT_USAGE|SOQL query rows: 0 out of 50000
21:55:16.386 (386633018)|FLOW_START_INTERVIEW_LIMIT_USAGE|SOSL queries: 0 out of 20
21:55:16.386 (386637585)|FLOW_START_INTERVIEW_LIMIT_USAGE|DML statements: 0 out of 150
21:55:16.386 (386641488)|FLOW_START_INTERVIEW_LIMIT_USAGE|DML rows: 0 out of 10000
21:55:16.386 (386645270)|FLOW_START_INTERVIEW_LIMIT_USAGE|CPU time in ms: 163 out of 15000
21:55:16.386 (386656169)|FLOW_START_INTERVIEW_LIMIT_USAGE|Heap size in bytes: 0 out of 6000000
21:55:16.386 (386660105)|FLOW_START_INTERVIEW_LIMIT_USAGE|Callouts: 0 out of 100
21:55:16.386 (386663838)|FLOW_START_INTERVIEW_LIMIT_USAGE|Email invocations: 0 out of 10
21:55:16.386 (386667578)|FLOW_START_INTERVIEW_LIMIT_USAGE|Future calls: 0 out of 50
21:55:16.386 (386671263)|FLOW_START_INTERVIEW_LIMIT_USAGE|Jobs in queue: 0 out of 50
21:55:16.386 (386674958)|FLOW_START_INTERVIEW_LIMIT_USAGE|Push notifications: 0 out of 10
21:55:16.386 (389582841)|FLOW_VALUE_ASSIGNMENT|1645e1b28f50d488480a4bdf94a319efd1fd2e0-6655|$Record|{Id=801WC00000ktJPMYA2, OwnerId=005a500001J5WNBAA3, ContractId=800WC00000SP6oTYAT, AccountId=001WC00000WiR9YYAV, Pricebook2Id=01sWC0000022GHFYA2, OriginalOrderId=null, OpportunityId=006WC00000QbpscYAB, QuoteId=0Q0WC000003A8PB0A0, EffectiveDate=2026-06-16 00:00:00, EndDate=null, IsReductionOrder=false, Status=Order Complete, Description=null, CustomerAuthorizedById=null, CustomerAuthorizedDate=null, CompanyAuthorizedById=null, CompanyAuthorizedDate=null, Type=null, BillingStreet=17719 Scottsdale Boulevard, BillingCity=Shaker Heights, BillingState=Ohio, BillingPostalCode=44122, BillingCountry=United States, BillingStateCode=OH, BillingCountryCode=US, BillingLatitude=null, BillingLongitude=null, BillingGeocodeAccuracy=null, ShippingStreet=17719 Scottsdale Boulevard, ShippingCity=Shaker Heights, ShippingState=Ohio, ShippingPostalCode=44122, ShippingCountry=United States, ShippingStateCode=OH, ShippingCountryCode=US, ShippingLatitude=null, ShippingLongitude=null, ShippingGeocodeAccuracy=null, Name=Cancellation Quote, PoDate=null, PoNumber=null, OrderReferenceNumber=null, BillToContactId=003WC00000svbv1YAA, ShipToContactId=003WC00000svbv1YAA, ActivatedDate=2026-06-16 22:09:53, ActivatedById=005a500001J5WNBAA3, StatusCode=Activated, CurrencyIsoCode=USD, LegalEntityId=0fwWC000000034LYAQ, TaxLocaleType=null, OrderedDate=2026-06-16 00:00:00, BillingEmailAddress=null, BillingPhoneNumber=null, RelatedOrderId=null, SalesChannelId=null, OrderNumber=00095539, TotalAmount=0.0, TotalTaxAmount=0.0, GrandTotalAmount=0.0, TotalAdjustedProductAmount=0.0, TotalAdjustedDeliveryAmount=0.0, TotalProductAdjDistAmount=0.0, TotalDeliveryAdjDistAmount=0.0, TotalAdjustedProductTaxAmount=0.0, TotalAdjustedDeliveryTaxAmount=0.0, TotalProductAdjDistTaxAmount=0.0, TotalDeliveryAdjDistTaxAmount=0.0, TotalAdjProductAmtWithTax=0.0, TotalAdjDeliveryAmtWithTax=0.0, TotalProductAdjDistAmtWithTax=0.0, TotalDeliveryAdjDistAmtWithTax=0.0, PaymentTermId=null, LastPricedDate=null, FulfillmentPlanId=13VWC000001oxXN2AY, CalculationStatus=Saving, OrchestrationSbmsStatus=Completed, OriginalActionType=Cancel, ValidationResult=null, AdjustmentDistributionLogic=null, AppliedDiscountAmount=null, AppliedDiscount=null, TotalAmountOverride=null, SalesTransactionTypeId=null, PricingContractId=null, RelatedOrderType=null, TransactionType=Fortra_Advanced_Pricing, CreatedDate=2026-06-16 22:09:47, CreatedById=005a500001J5WNBAA3, LastModifiedDate=2026-06-25 04:55:17, LastModifiedById=005WC00000MgTN2YAN, IsDeleted=false, SystemModstamp=2026-06-25 04:55:17, LastViewedDate=null, LastReferencedDate=null, TotalRoundedLineAmount=null, DiscountPercent=null, Workday_Contract_ID__c=801WC00000ktJPMYA2, Workday_ID__c=00095539, Workday_Sync_Correlation_Id__c=51259e90-69d0-11f1-a80c-02c9adc31632, Workday_Sync_Message__c={
  "status": "success",
  "message": "Contract saved successfully",
  "id": "bb8604953fbc100123af11a2b2800000"
}, Workday_Sync_Payload__c={
  "sfContractId": "801WC00000ktJPMYA2",
  "orderId": "801WC00000ktJPMYA2",
  "sfAccountId": "001WC00000WiR9YYAV",
  "fortraSfdcExternalId": "801WC00000ktJPMYA2",
  "orderNumber": "00095539",
  "name": "Cancellation Quote",
  "opportunityId": "006WC00000QbpscYAB",
  "totalAmount": 0,
  "currencyIsoCode": "USD",
  "contractReferenceId": "801WC00000ktJPMYA2",
  "contractStatus": "Order Complete",
  "companyReference": "COM003",
  "currencyID": "USD",
  "shipToCustomerID": "124206",
  "soldToCustomerID": "124206",
  "billToCustomerID": "124206",
  "customerContractType": "Master_Contract",
  "contractEffectiveDate": "2026-06-16",
  "salespersonReference": "005a500001J5WNBAA3",
  "currentContractAmount": 0,
  "multipleElementRevenueAllocation": false,
  "contractLineData": [
    {
      "billingLineTemplate": "Yearly_Billing_Template",
      "contractLineReference": "802WC00000OugI7YAJ",
      "lineNumber": 1,
      "contractLineTypeID": "FIXED AMOUNT",
      "salesItemID": "GS-EFA-RSSH-ARCUS",
      "endDate": "2027-06-15",
      "serviceDate": "2026-06-16",
      "quantity": -1,
      "extendedAmount": 0,
      "billingScheduleFromDate": "2026-06-16",
      "billingScheduleToDate": "2027-06-15",
      "shipToCustomerID": "124206",
      "shipToAddressID": "001WC00000WIR9YYAV_17719SCOTTSDALEBOULEVARD_SHAKERHEIGHTS_OH_44122_US"
    }
  ]
}, QuoteTypeText__c=null, Legacy_Id__c=null, Bill_To_Place__c=a0lWC000004im8HYAQ, Hubspot_Overall_Status__c=Overall Success, Ship_To_Place__c=a0lWC000004im8HYAQ, Order_NARR__c=null, Source_Opportunity_Id__c=006WC00000Qbpsc, Source_Order_Id__c=null, Bill_To_Account__c=001WC00000WiR9YYAV, Bill_To_Address__c=a0lWC000004im8HYAQ, Ship_To_Account__c=001WC00000WiR9YYAV, Ship_To_Address__c=a0lWC000004im8HYAQ, Clawback_Repaid_Date__c=null, Commission_Date__c=null, Contract_Start_Date__c=null, Currency_Locked__c=false, MSYears__c=null, New_Licenses__c=null, New_Maintenance__c=null, New_Pro_Services__c=null, Partner_Account__c=null, Reseller_PO__c=null, Sales_Rep__c=null, Source_Quote_Currency__c=USD, gsOrderID__c=null, gsShipDate__c=null, Order_Displaced_ARR__c=0.0, VAT_Number__c=null, DoNotInvoicePS__c=false, IsDR__c=false, IsNotificationSent__c=false, IsRenewal__c=false, IsTAM__c=null, Is_Reversed__c=false, New_SaaSEftCloud__c=null, Total_List_Price__c=null, Account_Specialist__c=null, Billing_Day_of_Month__c=null, Customer_Success_Manager__c=null, Date_Fulfilled__c=null, Deal_Origin__c=null, Disable_Export_Control__c=false, Enterprise_Representative__c=null, HARP_Contact__c=null, Invoice_Contact_2__c=null, Invoice_Contact__c=null, License_Key_Contact__c=null, ShowHide_Discounts__c=null, Solutions_Engineer__c=null, Total_Discount_Amount__c=0.0, PO_Sync_Correlation_Id__c=null, PO_Sync_Message__c=null, PO_Sync_Payload__c=null, PO_Sync_Status__c=Pending, PO_URL__c=null, ALE__c=null, AWS_Marketplace_Agreement_ID__c=null, AWS_Marketplace_Offer_ID__c=null, Account_NameText__c=Cypress, Billing_Frequency__c=null, Contact__c=null, Cross_Sale_Type__c=null, Cross_Sale_User__c=null, Description__c=null, Disable_Tax__c=false, DistributorReseller__c=null, Line_Items_Complete__c=false, Maintenance_Date__c=null, Mark_Inv_Migration_Change__c=false, On_Hold_Time__c=null, OrderOne__c=1.0, POC_Invoice_Contact_On_Billing_Account__c=null, Payment_Portal__c=Fortra (default), Purchasing_Agent_Account__c=null, Purchasing_Agent_Contact__c=null, RSM_2__c=null, RSM_3__c=null, RSM_4__c=null, RSM_5__c=null, RSM__c=null, Referral_Partner__c=null, Renewal_Maintenance_Quote__c=null, Renewals_Specialist__c=null, Requested_Delivery_Date__c=null, Reseller_Partner__c=null, SA__c=null, Secondary_License_Key_Contact__c=null, Share_With_AWS__c=false, SingleYearMS__c=null, Skip_Price_Calculation__c=false, Source_Campaign__c=null, Source_Quote_Id__c=null, Workday_Sync_Status__c=Success, HS_Sync_Correlation_Id__c=null, HS_Sync_Message__c=null, HS_Sync_Payload__c=null, HS_Sync_Status__c=null, Deal_Type__c=null, GSW__c=false, Quote_Type__c=null, Total_Services__c=null, Total_Software__c=null, Total_Subscription__c=null, Order_NARR_Calculated__c=0.0, Exchange_Rate_To_USD__c=null, Legacy_Sync_Correlation_Id__c=583c7ff1-69d0-11f1-a80c-02c9adc31632, Legacy_Sync_Message__c={
  "tripwire": {
    "status": "success",
    "message": "Operation successful",
    "data": {
      "Id": "a2YTI0000060YhN2AU"
    }
  },
  "globalscape": {
    "status": "success",
    "message": "Operation successful",
    "data": {
      "Id": "a1HOy000004YBI5MAO"
    }
  },
  "dynamics": {
    "status": "success",
    "message": "Order and OrderLines  Created successfully",
    "data": ""
  }
}, Legacy_Sync_Payload__c={
  "sfContractId": "801WC00000ktJPMYA2",
  "orderId": "801WC00000ktJPMYA2",
  "sfAccountId": "001WC00000WiR9YYAV",
  "fortraSfdcExternalId": "801WC00000ktJPMYA2",
  "orderNumber": "00095539",
  "name": "Cancellation Quote",
  "opportunityId": "006WC00000QbpscYAB",
  "totalAmount": 0,
  "currencyIsoCode": "USD",
  "contractReferenceId": "801WC00000ktJPMYA2",
  "contractStatus": "Order Complete",
  "companyReference": "COM003",
  "currencyID": "USD",
  "shipToCustomerID": "124206",
  "soldToCustomerID": "124206",
  "billToCustomerID": "124206",
  "customerContractType": "Master_Contract",
  "contractEffectiveDate": "2026-06-16",
  "salespersonReference": "005a500001J5WNBAA3",
  "currentContractAmount": 0,
  "multipleElementRevenueAllocation": false,
  "contractLineData": [
    {
      "billingLineTemplate": "Yearly_Billing_Template",
      "contractLineReference": "802WC00000OugI7YAJ",
      "lineNumber": 1,
      "contractLineTypeID": "FIXED AMOUNT",
      "salesItemID": "GS-EFA-RSSH-ARCUS",
      "endDate": "2027-06-15",
      "serviceDate": "2026-06-16",
      "quantity": -1,
      "extendedAmount": 0,
      "billingScheduleFromDate": "2026-06-16",
      "billingScheduleToDate": "2027-06-15",
      "shipToCustomerID": "124206",
      "shipToAddressID": "001WC00000WIR9YYAV_17719SCOTTSDALEBOULEVARD_SHAKERHEIGHTS_OH_44122_US"
    }
  ]
}, Legacy_Sync_Status__c=Success, WorkdayReferenceID__c=COM003, Payment_Term_Workday_Reference_ID__c=null, Order_Integration_Error_Messages__c=null, Order_and_Related_Field_Status__c=Unknown, Legacy_Discount__c=null, Workday_Contract_Type__c=Master_Contract, Legacy_Overall_Status__c=Overall Success, Workday_Overall_Status__c=Not Success, Contract_Number_Text__c=00069316, MyCap__c=false}
21:55:16.386 (389756549)|FLOW_ELEMENT_BEGIN|1645e1b28f50d488480a4bdf94a319efd1fd2e0-6655|FlowDecision|Order_Completed_Decision
21:55:16.386 (389777504)|FLOW_ELEMENT_DEFERRED|FlowDecision|Order_Completed_Decision
21:55:16.386 (389821145)|FLOW_ELEMENT_LIMIT_USAGE|3 ms CPU time, total 166 out of 15000
21:55:16.386 (389828973)|FLOW_ELEMENT_END|1645e1b28f50d488480a4bdf94a319efd1fd2e0-6655|FlowDecision|Order_Completed_Decision
21:55:16.386 (391114056)|FLOW_START_INTERVIEW_END|1645e1b28f50d488480a4bdf94a319efd1fd2e0-6655|Fortra &#124; Order &#124; After Update - Platform Event (Workday)
21:55:16.386 (391164082)|FLOW_BULK_ELEMENT_BEGIN|FlowDecision|Order_Completed_Decision
21:55:16.386 (391297920)|FLOW_RULE_DETAIL|1645e1b28f50d488480a4bdf94a319efd1fd2e0-6655|Yes_Order_Completed_Outcome|false|false
21:55:16.386 (391321332)|FLOW_VALUE_ASSIGNMENT|1645e1b28f50d488480a4bdf94a319efd1fd2e0-6655|Yes_Order_Completed_Outcome|false
21:55:16.386 (391451577)|FLOW_BULK_ELEMENT_END|FlowDecision|Order_Completed_Decision|0|0
21:55:16.386 (391495183)|FLOW_ELEMENT_BEGIN|1645e1b28f50d488480a4bdf94a319efd1fd2e0-6655|FlowDecision|Order_Complete_and_WD_Status_is_Success_Decision
21:55:16.386 (391504877)|FLOW_ELEMENT_DEFERRED|FlowDecision|Order_Complete_and_WD_Status_is_Success_Decision
21:55:16.386 (391517881)|FLOW_ELEMENT_END|1645e1b28f50d488480a4bdf94a319efd1fd2e0-6655|FlowDecision|Order_Complete_and_WD_Status_is_Success_Decision
21:55:16.386 (391536389)|FLOW_BULK_ELEMENT_BEGIN|FlowDecision|Order_Complete_and_WD_Status_is_Success_Decision
21:55:16.386 (391615902)|FLOW_RULE_DETAIL|1645e1b28f50d488480a4bdf94a319efd1fd2e0-6655|Yes_Order_Complete_and_WD_Status_is_Success_Outcome|false|false
21:55:16.386 (391627025)|FLOW_VALUE_ASSIGNMENT|1645e1b28f50d488480a4bdf94a319efd1fd2e0-6655|Yes_Order_Complete_and_WD_Status_is_Success_Outcome|false
21:55:16.386 (391680183)|FLOW_BULK_ELEMENT_END|FlowDecision|Order_Complete_and_WD_Status_is_Success_Decision|0|0
21:55:16.386 (391698297)|FLOW_ELEMENT_BEGIN|1645e1b28f50d488480a4bdf94a319efd1fd2e0-6655|FlowDecision|PO_URL_Changed_Decision
21:55:16.386 (391704501)|FLOW_ELEMENT_DEFERRED|FlowDecision|PO_URL_Changed_Decision
21:55:16.386 (391712910)|FLOW_ELEMENT_END|1645e1b28f50d488480a4bdf94a319efd1fd2e0-6655|FlowDecision|PO_URL_Changed_Decision
21:55:16.386 (391727645)|FLOW_BULK_ELEMENT_BEGIN|FlowDecision|PO_URL_Changed_Decision
21:55:16.386 (391791331)|FLOW_RULE_DETAIL|1645e1b28f50d488480a4bdf94a319efd1fd2e0-6655|Yes_PO_URL_Changed_Outcome|false|false
21:55:16.386 (391799930)|FLOW_VALUE_ASSIGNMENT|1645e1b28f50d488480a4bdf94a319efd1fd2e0-6655|Yes_PO_URL_Changed_Outcome|false
21:55:16.386 (391874892)|FLOW_BULK_ELEMENT_END|FlowDecision|PO_URL_Changed_Decision|0|0
21:55:16.386 (392011321)|FLOW_START_INTERVIEWS_END|1
21:55:16.386 (392217348)|FLOW_INTERVIEW_FINISHED|1645e1b28f50d488480a4bdf94a319efd1fd2e0-6655|Fortra &#124; Order &#124; After Update - Platform Event (Workday)
21:55:16.386 (392246325)|FLOW_INTERVIEW_FINISHED_LIMIT_USAGE|SOQL queries: 0 out of 100
21:55:16.386 (392251265)|FLOW_INTERVIEW_FINISHED_LIMIT_USAGE|SOQL query rows: 0 out of 50000
21:55:16.386 (392254625)|FLOW_INTERVIEW_FINISHED_LIMIT_USAGE|SOSL queries: 0 out of 20
21:55:16.386 (392258468)|FLOW_INTERVIEW_FINISHED_LIMIT_USAGE|DML statements: 0 out of 150
21:55:16.386 (392261550)|FLOW_INTERVIEW_FINISHED_LIMIT_USAGE|DML rows: 0 out of 10000
21:55:16.386 (392264568)|FLOW_INTERVIEW_FINISHED_LIMIT_USAGE|CPU time in ms: 166 out of 15000
21:55:16.386 (392268694)|FLOW_INTERVIEW_FINISHED_LIMIT_USAGE|Heap size in bytes: 0 out of 6000000
21:55:16.386 (392272399)|FLOW_INTERVIEW_FINISHED_LIMIT_USAGE|Callouts: 0 out of 100
21:55:16.386 (392275466)|FLOW_INTERVIEW_FINISHED_LIMIT_USAGE|Email invocations: 0 out of 10
21:55:16.386 (392278387)|FLOW_INTERVIEW_FINISHED_LIMIT_USAGE|Future calls: 0 out of 50
21:55:16.386 (392281150)|FLOW_INTERVIEW_FINISHED_LIMIT_USAGE|Jobs in queue: 0 out of 50
21:55:16.382 (394587754)|CODE_UNIT_FINISHED|Flow:Order
21:55:16.382 (394600151)|EXECUTION_FINISHED
21:55:16.396 (396326124)|USER_INFO|[EXTERNAL]|005WC00000MgTN2|liam.jeong.c@fortra.com.uat|(GMT-07:00) Pacific Daylight Time (America/Los_Angeles)|GMT-07:00
21:55:16.396 (396345021)|EXECUTION_STARTED
21:55:16.396 (396350434)|CODE_UNIT_STARTED|[EXTERNAL]|Flow:Order
21:55:16.396 (396419487)|CODE_UNIT_FINISHED|Flow:Order
21:55:16.396 (396423377)|EXECUTION_FINISHED
21:55:17.148 (1148998838)|USER_INFO|[EXTERNAL]|005WC00000MgTN2|liam.jeong.c@fortra.com.uat|(GMT-07:00) Pacific Daylight Time (America/Los_Angeles)|GMT-07:00
21:55:17.148 (1149029628)|EXECUTION_STARTED
21:55:17.148 (1149038873)|CODE_UNIT_STARTED|[EXTERNAL]|Get context price for context id and record id ...26eb96:801WC00000ktJPMYA2
21:55:17.148 (1218632189)|RLM_PRICING_BEGIN|LineItemQuantity={802WC00000OugI7YAJ=-1.0}, 
PriceBooks={801WC00000ktJPMYA2=01sWC0000022GHFYA2}, 
AttributeValue={15vWC000005wvxVYAQ=Production, 15vWC000005wvxWYAQ=Advanced Workflow Engine, 15vWC000005wvxXYAQ=Hosted}, 
Product={802WC00000OugI7YAJ=01tWC00000DD11IYAT}, 
StartProrationPeriodMonth={802WC00000OugI7YAJ=6}, 
Total_Discount_Amount__c={801WC00000ktJPMYA2=0.0}, 
ListPrice={802WC00000OugI7YAJ=3000.0}, 
ItemIsDerived__std={802WC00000OugI7YAJ=false}, 
StartProrationPeriod={802WC00000OugI7YAJ=DayOfPeriod}, 
AllowPartialProrationPeriods={802WC00000OugI7YAJ=true}, 
Has_Attribute_Adjustment__c={802WC00000OugI7YAJ=false}, 
Subtotal={801WC00000ktJPMYA2=0.0}, 
Discount__std={801WC00000ktJPMYA2=0.0}, 
PriceImpactingAttribute={15vWC000005wvxVYAQ=true, 15vWC000005wvxWYAQ=true, 15vWC000005wvxXYAQ=true}, 
CurrencyIsoCode={801WC00000ktJPMYA2=USD}, 
PricingTermCount={802WC00000OugI7YAJ=1.0}, 
ItemSalesTransactionAction={802WC00000OugI7YAJ=8OAWC000002SxiL4AS}, 
SalesTransactionActionType={802WC00000OugI7YAJ=Cancel}, 
Attribute={15vWC000005wvxVYAQ=Server_Type, 15vWC000005wvxWYAQ=Feature_Options, 15vWC000005wvxXYAQ=Deployment_Option}, 
ProductSellingModel={802WC00000OugI7YAJ=0jPWC000000060b2AA}, 
PricingTermUnit={802WC00000OugI7YAJ=Annual}, 
ItemPricebookEntry={802WC00000OugI7YAJ=01uWC000005wrrCYAQ}, 
ItemTotalAdjustmentAmount={802WC00000OugI7YAJ=0.0}, 
SellingModelType={802WC00000OugI7YAJ=TermDefined}, 
AllowRegionalPricing__c={802WC00000OugI7YAJ=false}, 
TotalLineAmount={802WC00000OugI7YAJ=0.0}, 
GSW__c={801WC00000ktJPMYA2=false}, 
StartProrationPeriodDay={802WC00000OugI7YAJ=16}, 
LineItem={802WC00000OugI7YAJ=802WC00000OugI7YAJ}, 
TotalAmount={801WC00000ktJPMYA2=0.0}, 
ItemNetTotalPrice={802WC00000OugI7YAJ=0.0}, 
SalesTransactionSource={801WC00000ktJPMYA2=801WC00000ktJPMYA2}, 
EffectiveFrom={802WC00000OugI7YAJ=2026-06-16T00:00:00.000Z}, 
ItemTotalPrice={802WC00000OugI7YAJ=0.0}, 
EffectiveDate={801WC00000ktJPMYA2=2026-06-16T00:00:00.000Z}
21:55:17.148 (1218726769)|RLM_PRICING_BEGIN|Pricing beginning, line procedure plan setup=false, header procedure plan setup=false
21:55:18.548 (2548995397)|CODE_UNIT_FINISHED|Get context price for context id and record id ...26eb96:801WC00000ktJPMYA2
21:55:18.548 (2549019838)|EXECUTION_FINISHED
21:55:18.584 (2584441863)|USER_INFO|[EXTERNAL]|005WC00000MgTN2|liam.jeong.c@fortra.com.uat|(GMT-07:00) Pacific Daylight Time (America/Los_Angeles)|GMT-07:00
21:55:18.584 (2584464318)|EXECUTION_STARTED
21:55:18.584 (2584473433)|CODE_UNIT_STARTED|[EXTERNAL]|Flow:Order
21:55:18.584 (2584566532)|FLOW_CREATE_INTERVIEW_BEGIN|00DWC000006eUFF|300WC00000LcvHO|301WC00000gukzh
21:55:18.584 (2584649774)|FLOW_CREATE_INTERVIEW_END|2446e1b28f50d488480a4bdf94a319efd1fd2e0-6976|Fortra &#124; Order &#124; Before Insert/Update - Sync Status
21:55:18.586 (2586012310)|FLOW_START_INTERVIEWS_BEGIN|1
21:55:18.586 (2586046319)|FLOW_START_INTERVIEW_BEGIN|2446e1b28f50d488480a4bdf94a319efd1fd2e0-6976|Fortra &#124; Order &#124; Before Insert/Update - Sync Status
21:55:18.586 (2586100045)|FLOW_START_INTERVIEW_LIMIT_USAGE|SOQL queries: 0 out of 100
21:55:18.586 (2586106042)|FLOW_START_INTERVIEW_LIMIT_USAGE|SOQL query rows: 0 out of 50000
21:55:18.586 (2586110045)|FLOW_START_INTERVIEW_LIMIT_USAGE|SOSL queries: 0 out of 20
21:55:18.586 (2586114528)|FLOW_START_INTERVIEW_LIMIT_USAGE|DML statements: 0 out of 150
21:55:18.586 (2586118578)|FLOW_START_INTERVIEW_LIMIT_USAGE|DML rows: 0 out of 10000
21:55:18.586 (2586123044)|FLOW_START_INTERVIEW_LIMIT_USAGE|CPU time in ms: 1506 out of 15000
21:55:18.586 (2586133860)|FLOW_START_INTERVIEW_LIMIT_USAGE|Heap size in bytes: 0 out of 6000000
21:55:18.586 (2586138254)|FLOW_START_INTERVIEW_LIMIT_USAGE|Callouts: 0 out of 100
21:55:18.586 (2586142127)|FLOW_START_INTERVIEW_LIMIT_USAGE|Email invocations: 0 out of 10
21:55:18.586 (2586145892)|FLOW_START_INTERVIEW_LIMIT_USAGE|Future calls: 0 out of 50
21:55:18.586 (2586149708)|FLOW_START_INTERVIEW_LIMIT_USAGE|Jobs in queue: 0 out of 50
21:55:18.586 (2586153252)|FLOW_START_INTERVIEW_LIMIT_USAGE|Push notifications: 0 out of 10
21:55:18.586 (2631350951)|FLOW_VALUE_ASSIGNMENT|2446e1b28f50d488480a4bdf94a319efd1fd2e0-6976|$Record|{Id=801WC00000ktJPMYA2, OwnerId=005a500001J5WNBAA3, ContractId=800WC00000SP6oTYAT, AccountId=001WC00000WiR9YYAV, Pricebook2Id=01sWC0000022GHFYA2, OriginalOrderId=null, OpportunityId=006WC00000QbpscYAB, QuoteId=0Q0WC000003A8PB0A0, EffectiveDate=2026-06-16 00:00:00, EndDate=null, IsReductionOrder=false, Status=Order Complete, Description=null, CustomerAuthorizedById=null, CustomerAuthorizedDate=null, CompanyAuthorizedById=null, CompanyAuthorizedDate=null, Type=null, BillingStreet=17719 Scottsdale Boulevard, BillingCity=Shaker Heights, BillingState=Ohio, BillingPostalCode=44122, BillingCountry=United States, BillingStateCode=OH, BillingCountryCode=US, BillingLatitude=null, BillingLongitude=null, BillingGeocodeAccuracy=null, ShippingStreet=17719 Scottsdale Boulevard, ShippingCity=Shaker Heights, ShippingState=Ohio, ShippingPostalCode=44122, ShippingCountry=United States, ShippingStateCode=OH, ShippingCountryCode=US, ShippingLatitude=null, ShippingLongitude=null, ShippingGeocodeAccuracy=null, Name=Cancellation Quote, PoDate=null, PoNumber=null, OrderReferenceNumber=null, BillToContactId=003WC00000svbv1YAA, ShipToContactId=003WC00000svbv1YAA, ActivatedDate=2026-06-16 22:09:53, ActivatedById=005a500001J5WNBAA3, StatusCode=Activated, CurrencyIsoCode=USD, LegalEntityId=0fwWC000000034LYAQ, TaxLocaleType=null, OrderedDate=2026-06-16 00:00:00, BillingEmailAddress=null, BillingPhoneNumber=null, RelatedOrderId=null, SalesChannelId=null, OrderNumber=00095539, TotalAmount=0.0, TotalTaxAmount=0.0, GrandTotalAmount=0.0, TotalAdjustedProductAmount=0.0, TotalAdjustedDeliveryAmount=0.0, TotalProductAdjDistAmount=0.0, TotalDeliveryAdjDistAmount=0.0, TotalAdjustedProductTaxAmount=0.0, TotalAdjustedDeliveryTaxAmount=0.0, TotalProductAdjDistTaxAmount=0.0, TotalDeliveryAdjDistTaxAmount=0.0, TotalAdjProductAmtWithTax=0.0, TotalAdjDeliveryAmtWithTax=0.0, TotalProductAdjDistAmtWithTax=0.0, TotalDeliveryAdjDistAmtWithTax=0.0, PaymentTermId=null, LastPricedDate=null, FulfillmentPlanId=13VWC000001oxXN2AY, CalculationStatus=PriceCalculationFailed, OrchestrationSbmsStatus=Completed, OriginalActionType=Cancel, ValidationResult=null, AdjustmentDistributionLogic=null, AppliedDiscountAmount=null, AppliedDiscount=null, TotalAmountOverride=null, SalesTransactionTypeId=null, PricingContractId=null, RelatedOrderType=null, TransactionType=Fortra_Advanced_Pricing, CreatedDate=2026-06-16 22:09:47, CreatedById=005a500001J5WNBAA3, LastModifiedDate=2026-06-25 04:55:17, LastModifiedById=005WC00000MgTN2YAN, IsDeleted=false, SystemModstamp=2026-06-25 04:55:17, LastViewedDate=null, LastReferencedDate=null, TotalRoundedLineAmount=null, DiscountPercent=null, Workday_Contract_ID__c=801WC00000ktJPMYA2, Workday_ID__c=00095539, Workday_Sync_Correlation_Id__c=51259e90-69d0-11f1-a80c-02c9adc31632, Workday_Sync_Message__c={
  "status": "success",
  "message": "Contract saved successfully",
  "id": "bb8604953fbc100123af11a2b2800000"
}, Workday_Sync_Payload__c={
  "sfContractId": "801WC00000ktJPMYA2",
  "orderId": "801WC00000ktJPMYA2",
  "sfAccountId": "001WC00000WiR9YYAV",
  "fortraSfdcExternalId": "801WC00000ktJPMYA2",
  "orderNumber": "00095539",
  "name": "Cancellation Quote",
  "opportunityId": "006WC00000QbpscYAB",
  "totalAmount": 0,
  "currencyIsoCode": "USD",
  "contractReferenceId": "801WC00000ktJPMYA2",
  "contractStatus": "Order Complete",
  "companyReference": "COM003",
  "currencyID": "USD",
  "shipToCustomerID": "124206",
  "soldToCustomerID": "124206",
  "billToCustomerID": "124206",
  "customerContractType": "Master_Contract",
  "contractEffectiveDate": "2026-06-16",
  "salespersonReference": "005a500001J5WNBAA3",
  "currentContractAmount": 0,
  "multipleElementRevenueAllocation": false,
  "contractLineData": [
    {
      "billingLineTemplate": "Yearly_Billing_Template",
      "contractLineReference": "802WC00000OugI7YAJ",
      "lineNumber": 1,
      "contractLineTypeID": "FIXED AMOUNT",
      "salesItemID": "GS-EFA-RSSH-ARCUS",
      "endDate": "2027-06-15",
      "serviceDate": "2026-06-16",
      "quantity": -1,
      "extendedAmount": 0,
      "billingScheduleFromDate": "2026-06-16",
      "billingScheduleToDate": "2027-06-15",
      "shipToCustomerID": "124206",
      "shipToAddressID": "001WC00000WIR9YYAV_17719SCOTTSDALEBOULEVARD_SHAKERHEIGHTS_OH_44122_US"
    }
  ]
}, QuoteTypeText__c=null, Legacy_Id__c=null, Bill_To_Place__c=a0lWC000004im8HYAQ, Hubspot_Overall_Status__c=Overall Success, Ship_To_Place__c=a0lWC000004im8HYAQ, Order_NARR__c=null, Source_Opportunity_Id__c=006WC00000Qbpsc, Source_Order_Id__c=null, Bill_To_Account__c=001WC00000WiR9YYAV, Bill_To_Address__c=a0lWC000004im8HYAQ, Ship_To_Account__c=001WC00000WiR9YYAV, Ship_To_Address__c=a0lWC000004im8HYAQ, Clawback_Repaid_Date__c=null, Commission_Date__c=null, Contract_Start_Date__c=null, Currency_Locked__c=false, MSYears__c=null, New_Licenses__c=null, New_Maintenance__c=null, New_Pro_Services__c=null, Partner_Account__c=null, Reseller_PO__c=null, Sales_Rep__c=null, Source_Quote_Currency__c=USD, gsOrderID__c=null, gsShipDate__c=null, Order_Displaced_ARR__c=0.0, VAT_Number__c=null, DoNotInvoicePS__c=false, IsDR__c=false, IsNotificationSent__c=false, IsRenewal__c=false, IsTAM__c=null, Is_Reversed__c=false, New_SaaSEftCloud__c=null, Total_List_Price__c=null, Account_Specialist__c=null, Billing_Day_of_Month__c=null, Customer_Success_Manager__c=null, Date_Fulfilled__c=null, Deal_Origin__c=null, Disable_Export_Control__c=false, Enterprise_Representative__c=null, HARP_Contact__c=null, Invoice_Contact_2__c=null, Invoice_Contact__c=null, License_Key_Contact__c=null, ShowHide_Discounts__c=null, Solutions_Engineer__c=null, Total_Discount_Amount__c=0.0, PO_Sync_Correlation_Id__c=null, PO_Sync_Message__c=null, PO_Sync_Payload__c=null, PO_Sync_Status__c=Pending, PO_URL__c=null, ALE__c=null, AWS_Marketplace_Agreement_ID__c=null, AWS_Marketplace_Offer_ID__c=null, Account_NameText__c=Cypress, Billing_Frequency__c=null, Contact__c=null, Cross_Sale_Type__c=null, Cross_Sale_User__c=null, Description__c=null, Disable_Tax__c=false, DistributorReseller__c=null, Line_Items_Complete__c=false, Maintenance_Date__c=null, Mark_Inv_Migration_Change__c=false, On_Hold_Time__c=null, OrderOne__c=1.0, POC_Invoice_Contact_On_Billing_Account__c=null, Payment_Portal__c=Fortra (default), Purchasing_Agent_Account__c=null, Purchasing_Agent_Contact__c=null, RSM_2__c=null, RSM_3__c=null, RSM_4__c=null, RSM_5__c=null, RSM__c=null, Referral_Partner__c=null, Renewal_Maintenance_Quote__c=null, Renewals_Specialist__c=null, Requested_Delivery_Date__c=null, Reseller_Partner__c=null, SA__c=null, Secondary_License_Key_Contact__c=null, Share_With_AWS__c=false, SingleYearMS__c=null, Skip_Price_Calculation__c=false, Source_Campaign__c=null, Source_Quote_Id__c=null, Workday_Sync_Status__c=Success, HS_Sync_Correlation_Id__c=null, HS_Sync_Message__c=null, HS_Sync_Payload__c=null, HS_Sync_Status__c=null, Deal_Type__c=null, GSW__c=false, Quote_Type__c=null, Total_Services__c=null, Total_Software__c=null, Total_Subscription__c=null, Order_NARR_Calculated__c=0.0, Exchange_Rate_To_USD__c=null, Legacy_Sync_Correlation_Id__c=583c7ff1-69d0-11f1-a80c-02c9adc31632, Legacy_Sync_Message__c={
  "tripwire": {
    "status": "success",
    "message": "Operation successful",
    "data": {
      "Id": "a2YTI0000060YhN2AU"
    }
  },
  "globalscape": {
    "status": "success",
    "message": "Operation successful",
    "data": {
      "Id": "a1HOy000004YBI5MAO"
    }
  },
  "dynamics": {
    "status": "success",
    "message": "Order and OrderLines  Created successfully",
    "data": ""
  }
}, Legacy_Sync_Payload__c={
  "sfContractId": "801WC00000ktJPMYA2",
  "orderId": "801WC00000ktJPMYA2",
  "sfAccountId": "001WC00000WiR9YYAV",
  "fortraSfdcExternalId": "801WC00000ktJPMYA2",
  "orderNumber": "00095539",
  "name": "Cancellation Quote",
  "opportunityId": "006WC00000QbpscYAB",
  "totalAmount": 0,
  "currencyIsoCode": "USD",
  "contractReferenceId": "801WC00000ktJPMYA2",
  "contractStatus": "Order Complete",
  "companyReference": "COM003",
  "currencyID": "USD",
  "shipToCustomerID": "124206",
  "soldToCustomerID": "124206",
  "billToCustomerID": "124206",
  "customerContractType": "Master_Contract",
  "contractEffectiveDate": "2026-06-16",
  "salespersonReference": "005a500001J5WNBAA3",
  "currentContractAmount": 0,
  "multipleElementRevenueAllocation": false,
  "contractLineData": [
    {
      "billingLineTemplate": "Yearly_Billing_Template",
      "contractLineReference": "802WC00000OugI7YAJ",
      "lineNumber": 1,
      "contractLineTypeID": "FIXED AMOUNT",
      "salesItemID": "GS-EFA-RSSH-ARCUS",
      "endDate": "2027-06-15",
      "serviceDate": "2026-06-16",
      "quantity": -1,
      "extendedAmount": 0,
      "billingScheduleFromDate": "2026-06-16",
      "billingScheduleToDate": "2027-06-15",
      "shipToCustomerID": "124206",
      "shipToAddressID": "001WC00000WIR9YYAV_17719SCOTTSDALEBOULEVARD_SHAKERHEIGHTS_OH_44122_US"
    }
  ]
}, Legacy_Sync_Status__c=Success, WorkdayReferenceID__c=COM003, Payment_Term_Workday_Reference_ID__c=null, Order_Integration_Error_Messages__c=null, Order_and_Related_Field_Status__c=Unknown, Legacy_Discount__c=null, Workday_Contract_Type__c=Master_Contract, Legacy_Overall_Status__c=Overall Success, Workday_Overall_Status__c=Not Success, Contract_Number_Text__c=00069316, MyCap__c=false}
21:55:18.586 (2631554481)|FLOW_ELEMENT_BEGIN|2446e1b28f50d488480a4bdf94a319efd1fd2e0-6976|FlowDecision|Workday_Sync_Status_Decision
21:55:18.586 (2631580851)|FLOW_ELEMENT_DEFERRED|FlowDecision|Workday_Sync_Status_Decision
21:55:18.586 (2631642163)|FLOW_ELEMENT_LIMIT_USAGE|13 ms CPU time, total 1519 out of 15000
21:55:18.586 (2631649733)|FLOW_ELEMENT_END|2446e1b28f50d488480a4bdf94a319efd1fd2e0-6976|FlowDecision|Workday_Sync_Status_Decision
21:55:18.586 (2631710025)|FLOW_START_INTERVIEW_END|2446e1b28f50d488480a4bdf94a319efd1fd2e0-6976|Fortra &#124; Order &#124; Before Insert/Update - Sync Status
21:55:18.586 (2631748847)|FLOW_BULK_ELEMENT_BEGIN|FlowDecision|Workday_Sync_Status_Decision
21:55:18.586 (2631849186)|FLOW_RULE_DETAIL|2446e1b28f50d488480a4bdf94a319efd1fd2e0-6976|NOT_Success_Workday_Sync_Status_Outcome|false|false
21:55:18.586 (2631873238)|FLOW_RULE_DETAIL|2446e1b28f50d488480a4bdf94a319efd1fd2e0-6976|Success_Workday_Sync_Status_Outcome|true|false
21:55:18.586 (2631900078)|FLOW_VALUE_ASSIGNMENT|2446e1b28f50d488480a4bdf94a319efd1fd2e0-6976|NOT_Success_Workday_Sync_Status_Outcome|false
21:55:18.586 (2631903965)|FLOW_VALUE_ASSIGNMENT|2446e1b28f50d488480a4bdf94a319efd1fd2e0-6976|Success_Workday_Sync_Status_Outcome|true
21:55:18.586 (2632092408)|FLOW_BULK_ELEMENT_END|FlowDecision|Workday_Sync_Status_Decision|0|0
21:55:18.586 (2632153198)|FLOW_ELEMENT_BEGIN|2446e1b28f50d488480a4bdf94a319efd1fd2e0-6976|FlowDecision|Set_Legacy_Sync_Status_to_Pending_Decision
21:55:18.586 (2632167868)|FLOW_ELEMENT_DEFERRED|FlowDecision|Set_Legacy_Sync_Status_to_Pending_Decision
21:55:18.586 (2632189255)|FLOW_ELEMENT_END|2446e1b28f50d488480a4bdf94a319efd1fd2e0-6976|FlowDecision|Set_Legacy_Sync_Status_to_Pending_Decision
21:55:18.586 (2632219416)|FLOW_BULK_ELEMENT_BEGIN|FlowDecision|Set_Legacy_Sync_Status_to_Pending_Decision
21:55:18.586 (2632374413)|FLOW_RULE_DETAIL|2446e1b28f50d488480a4bdf94a319efd1fd2e0-6976|Yes_Set_Legacy_Sync_Status_to_Pending_Outcome|false|false
21:55:18.586 (2632397156)|FLOW_VALUE_ASSIGNMENT|2446e1b28f50d488480a4bdf94a319efd1fd2e0-6976|Yes_Set_Legacy_Sync_Status_to_Pending_Outcome|false
21:55:18.586 (2632530976)|FLOW_BULK_ELEMENT_LIMIT_USAGE|1 ms CPU time, total 1520 out of 15000
21:55:18.586 (2632585726)|FLOW_BULK_ELEMENT_END|FlowDecision|Set_Legacy_Sync_Status_to_Pending_Decision|0|0
21:55:18.586 (2632789001)|FLOW_START_INTERVIEWS_END|1
21:55:18.586 (2633048048)|FLOW_INTERVIEW_FINISHED|2446e1b28f50d488480a4bdf94a319efd1fd2e0-6976|Fortra &#124; Order &#124; Before Insert/Update - Sync Status
21:55:18.586 (2633089917)|FLOW_INTERVIEW_FINISHED_LIMIT_USAGE|SOQL queries: 0 out of 100
21:55:18.586 (2633106492)|FLOW_INTERVIEW_FINISHED_LIMIT_USAGE|SOQL query rows: 0 out of 50000
21:55:18.586 (2633114671)|FLOW_INTERVIEW_FINISHED_LIMIT_USAGE|SOSL queries: 0 out of 20
21:55:18.586 (2633120518)|FLOW_INTERVIEW_FINISHED_LIMIT_USAGE|DML statements: 0 out of 150
21:55:18.586 (2633125698)|FLOW_INTERVIEW_FINISHED_LIMIT_USAGE|DML rows: 0 out of 10000
21:55:18.586 (2633131022)|FLOW_INTERVIEW_FINISHED_LIMIT_USAGE|CPU time in ms: 1520 out of 15000
21:55:18.586 (2633139704)|FLOW_INTERVIEW_FINISHED_LIMIT_USAGE|Heap size in bytes: 0 out of 6000000
21:55:18.586 (2633145246)|FLOW_INTERVIEW_FINISHED_LIMIT_USAGE|Callouts: 0 out of 100
21:55:18.586 (2633150063)|FLOW_INTERVIEW_FINISHED_LIMIT_USAGE|Email invocations: 0 out of 10
21:55:18.586 (2633154906)|FLOW_INTERVIEW_FINISHED_LIMIT_USAGE|Future calls: 0 out of 50
21:55:18.586 (2633159716)|FLOW_INTERVIEW_FINISHED_LIMIT_USAGE|Jobs in queue: 0 out of 50
21:55:18.584 (2637516650)|CODE_UNIT_FINISHED|Flow:Order
21:55:18.584 (2637539121)|EXECUTION_FINISHED
21:55:18.679 (2679938472)|USER_INFO|[EXTERNAL]|005WC00000MgTN2|liam.jeong.c@fortra.com.uat|(GMT-07:00) Pacific Daylight Time (America/Los_Angeles)|GMT-07:00
21:55:18.679 (2679963196)|EXECUTION_STARTED
21:55:18.679 (2679971217)|CODE_UNIT_STARTED|[EXTERNAL]|Validation:Order:801WC00000ktJPM
21:55:18.679 (2679988528)|VALIDATION_RULE|03dWC000001dRW1|Lock_Currency_At_Order_Activation
21:55:18.679 (2680505847)|VALIDATION_FORMULA|AND(NOT($Permission.Data_Migration_Exclude_Business_Logic),
 ISCHANGED(CurrencyIsoCode),
 OR(
     ISPICKVAL(Status, 'Activated'),
     ISPICKVAL(Status, 'In Fulfillment'),
     ISPICKVAL(Status, 'Fulfilled'),
     ISPICKVAL(Status, 'Completed'),
     ISPICKVAL(Status, 'Closed')
 )
)|Status=Order Complete , $Permission.Data_Migration_Exclude_Business_Logic=false , CurrencyIsoCode=USD
21:55:18.679 (2680515473)|VALIDATION_PASS
21:55:18.679 (2680517488)|VALIDATION_RULE|03dWC000001pCD3|Order_BillToAddressAcct_Equal_OrderAcct
21:55:18.679 (2680975523)|VALIDATION_FORMULA|AND(NOT($Permission.Data_Migration_Exclude_Business_Logic),NOT(ISBLANK(Bill_To_Address__r.Account__c)),
 Bill_To_Address__r.Account__c !=  AccountId 
)|AccountId=001WC00000WiR9Y , $Permission.Data_Migration_Exclude_Business_Logic=false , Bill_To_Address__r.Account__c=001WC00000WiR9Y
21:55:18.679 (2680982587)|VALIDATION_PASS
21:55:18.679 (2680984224)|VALIDATION_RULE|03dWC000001pCBR|Order_BillToContactAcct_Equal_OrderAcct
21:55:18.679 (2681257517)|VALIDATION_FORMULA|AND(NOT($Permission.Data_Migration_Exclude_Business_Logic),NOT(ISBLANK(BillToContact.AccountId)),
 BillToContact.AccountId !=  AccountId 
)|AccountId=001WC00000WiR9Y , BillToContact.AccountId=001WC00000WiR9Y , $Permission.Data_Migration_Exclude_Business_Logic=false
21:55:18.679 (2681263231)|VALIDATION_PASS
21:55:18.679 (2681264720)|VALIDATION_RULE|03dWC000001pC9p|Order_BillToPlaceAcct_Equal_OrderAcct
21:55:18.679 (2681393334)|VALIDATION_FORMULA|AND(NOT($Permission.Data_Migration_Exclude_Business_Logic),NOT(ISBLANK(Bill_To_Place__r.Account__c)),
 Bill_To_Place__r.Account__c !=  AccountId 
)|AccountId=001WC00000WiR9Y , $Permission.Data_Migration_Exclude_Business_Logic=false , Bill_To_Place__r.Account__c=001WC00000WiR9Y
21:55:18.679 (2681397496)|VALIDATION_PASS
21:55:18.679 (2681398915)|VALIDATION_RULE|03dWC000001pC8D|Order_ShipToAddressAcct_Equal_OrderAcct
21:55:18.679 (2681514424)|VALIDATION_FORMULA|AND(NOT($Permission.Data_Migration_Exclude_Business_Logic),NOT(ISBLANK(Ship_To_Address__r.Account__c)),
 Ship_To_Address__r.Account__c != AccountId
)|AccountId=001WC00000WiR9Y , Ship_To_Address__r.Account__c=001WC00000WiR9Y , $Permission.Data_Migration_Exclude_Business_Logic=false
21:55:18.679 (2681518638)|VALIDATION_PASS
21:55:18.679 (2681519971)|VALIDATION_RULE|03dWC000001pC6b|Order_ShipToContactAcct_Equal_OrderAcct
21:55:18.679 (2681631631)|VALIDATION_FORMULA|AND(NOT($Permission.Data_Migration_Exclude_Business_Logic),NOT(ISBLANK(ShipToContact.AccountId)),
 ShipToContact.AccountId  != AccountId
)|AccountId=001WC00000WiR9Y , ShipToContact.AccountId=001WC00000WiR9Y , $Permission.Data_Migration_Exclude_Business_Logic=false
21:55:18.679 (2681635070)|VALIDATION_PASS
21:55:18.679 (2681636215)|VALIDATION_RULE|03dWC000001pC4z|Order_ShipToPlaceAcct_Equal_OrderAcct
21:55:18.679 (2681780683)|VALIDATION_FORMULA|AND(NOT($Permission.Data_Migration_Exclude_Business_Logic),NOT(ISBLANK(Ship_To_Place__r.Account__c)),
 Ship_To_Place__r.Account__c != AccountId 
)|AccountId=001WC00000WiR9Y , Ship_To_Place__r.Account__c=001WC00000WiR9Y , $Permission.Data_Migration_Exclude_Business_Logic=false
21:55:18.679 (2681788313)|VALIDATION_PASS
21:55:18.679 (2681797714)|CODE_UNIT_FINISHED|Validation:Order:801WC00000ktJPM
21:55:18.679 (2681804815)|EXECUTION_FINISHED
21:55:18.702 (2702854706)|USER_INFO|[EXTERNAL]|005WC00000MgTN2|liam.jeong.c@fortra.com.uat|(GMT-07:00) Pacific Daylight Time (America/Los_Angeles)|GMT-07:00
21:55:18.702 (2702878951)|EXECUTION_STARTED
21:55:18.702 (2702888795)|CODE_UNIT_STARTED|[EXTERNAL]|Flow:Order
21:55:18.703 (2703751346)|FLOW_CREATE_INTERVIEW_BEGIN|00DWC000006eUFF|300WC00000PgHIz|301WC00000guXcg
21:55:18.703 (2703832492)|FLOW_CREATE_INTERVIEW_END|2647e1b28f50d488480a4bdf94a319efd1fd2e0-6a3f|Fortra &#124; Order &#124; After Update - Platform Event (Workday)
21:55:18.705 (2705198909)|FLOW_START_INTERVIEWS_BEGIN|1
21:55:18.705 (2705234618)|FLOW_START_INTERVIEW_BEGIN|2647e1b28f50d488480a4bdf94a319efd1fd2e0-6a3f|Fortra &#124; Order &#124; After Update - Platform Event (Workday)
21:55:18.705 (2705296909)|FLOW_START_INTERVIEW_LIMIT_USAGE|SOQL queries: 0 out of 100
21:55:18.705 (2705304335)|FLOW_START_INTERVIEW_LIMIT_USAGE|SOQL query rows: 0 out of 50000
21:55:18.705 (2705308778)|FLOW_START_INTERVIEW_LIMIT_USAGE|SOSL queries: 0 out of 20
21:55:18.705 (2705313391)|FLOW_START_INTERVIEW_LIMIT_USAGE|DML statements: 0 out of 150
21:55:18.705 (2705317626)|FLOW_START_INTERVIEW_LIMIT_USAGE|DML rows: 0 out of 10000
21:55:18.705 (2705322228)|FLOW_START_INTERVIEW_LIMIT_USAGE|CPU time in ms: 1551 out of 15000
21:55:18.705 (2705333527)|FLOW_START_INTERVIEW_LIMIT_USAGE|Heap size in bytes: 0 out of 6000000
21:55:18.705 (2705337643)|FLOW_START_INTERVIEW_LIMIT_USAGE|Callouts: 0 out of 100
21:55:18.705 (2705341409)|FLOW_START_INTERVIEW_LIMIT_USAGE|Email invocations: 0 out of 10
21:55:18.705 (2705345113)|FLOW_START_INTERVIEW_LIMIT_USAGE|Future calls: 0 out of 50
21:55:18.705 (2705348769)|FLOW_START_INTERVIEW_LIMIT_USAGE|Jobs in queue: 0 out of 50
21:55:18.705 (2705352496)|FLOW_START_INTERVIEW_LIMIT_USAGE|Push notifications: 0 out of 10
21:55:18.705 (2708126571)|FLOW_VALUE_ASSIGNMENT|2647e1b28f50d488480a4bdf94a319efd1fd2e0-6a3f|$Record|{Id=801WC00000ktJPMYA2, OwnerId=005a500001J5WNBAA3, ContractId=800WC00000SP6oTYAT, AccountId=001WC00000WiR9YYAV, Pricebook2Id=01sWC0000022GHFYA2, OriginalOrderId=null, OpportunityId=006WC00000QbpscYAB, QuoteId=0Q0WC000003A8PB0A0, EffectiveDate=2026-06-16 00:00:00, EndDate=null, IsReductionOrder=false, Status=Order Complete, Description=null, CustomerAuthorizedById=null, CustomerAuthorizedDate=null, CompanyAuthorizedById=null, CompanyAuthorizedDate=null, Type=null, BillingStreet=17719 Scottsdale Boulevard, BillingCity=Shaker Heights, BillingState=Ohio, BillingPostalCode=44122, BillingCountry=United States, BillingStateCode=OH, BillingCountryCode=US, BillingLatitude=null, BillingLongitude=null, BillingGeocodeAccuracy=null, ShippingStreet=17719 Scottsdale Boulevard, ShippingCity=Shaker Heights, ShippingState=Ohio, ShippingPostalCode=44122, ShippingCountry=United States, ShippingStateCode=OH, ShippingCountryCode=US, ShippingLatitude=null, ShippingLongitude=null, ShippingGeocodeAccuracy=null, Name=Cancellation Quote, PoDate=null, PoNumber=null, OrderReferenceNumber=null, BillToContactId=003WC00000svbv1YAA, ShipToContactId=003WC00000svbv1YAA, ActivatedDate=2026-06-16 22:09:53, ActivatedById=005a500001J5WNBAA3, StatusCode=Activated, CurrencyIsoCode=USD, LegalEntityId=0fwWC000000034LYAQ, TaxLocaleType=null, OrderedDate=2026-06-16 00:00:00, BillingEmailAddress=null, BillingPhoneNumber=null, RelatedOrderId=null, SalesChannelId=null, OrderNumber=00095539, TotalAmount=0.0, TotalTaxAmount=0.0, GrandTotalAmount=0.0, TotalAdjustedProductAmount=0.0, TotalAdjustedDeliveryAmount=0.0, TotalProductAdjDistAmount=0.0, TotalDeliveryAdjDistAmount=0.0, TotalAdjustedProductTaxAmount=0.0, TotalAdjustedDeliveryTaxAmount=0.0, TotalProductAdjDistTaxAmount=0.0, TotalDeliveryAdjDistTaxAmount=0.0, TotalAdjProductAmtWithTax=0.0, TotalAdjDeliveryAmtWithTax=0.0, TotalProductAdjDistAmtWithTax=0.0, TotalDeliveryAdjDistAmtWithTax=0.0, PaymentTermId=null, LastPricedDate=null, FulfillmentPlanId=13VWC000001oxXN2AY, CalculationStatus=PriceCalculationFailed, OrchestrationSbmsStatus=Completed, OriginalActionType=Cancel, ValidationResult=null, AdjustmentDistributionLogic=null, AppliedDiscountAmount=null, AppliedDiscount=null, TotalAmountOverride=null, SalesTransactionTypeId=null, PricingContractId=null, RelatedOrderType=null, TransactionType=Fortra_Advanced_Pricing, CreatedDate=2026-06-16 22:09:47, CreatedById=005a500001J5WNBAA3, LastModifiedDate=2026-06-25 04:55:19, LastModifiedById=005WC00000MgTN2YAN, IsDeleted=false, SystemModstamp=2026-06-25 04:55:19, LastViewedDate=null, LastReferencedDate=null, TotalRoundedLineAmount=null, DiscountPercent=null, Workday_Contract_ID__c=801WC00000ktJPMYA2, Workday_ID__c=00095539, Workday_Sync_Correlation_Id__c=51259e90-69d0-11f1-a80c-02c9adc31632, Workday_Sync_Message__c={
  "status": "success",
  "message": "Contract saved successfully",
  "id": "bb8604953fbc100123af11a2b2800000"
}, Workday_Sync_Payload__c={
  "sfContractId": "801WC00000ktJPMYA2",
  "orderId": "801WC00000ktJPMYA2",
  "sfAccountId": "001WC00000WiR9YYAV",
  "fortraSfdcExternalId": "801WC00000ktJPMYA2",
  "orderNumber": "00095539",
  "name": "Cancellation Quote",
  "opportunityId": "006WC00000QbpscYAB",
  "totalAmount": 0,
  "currencyIsoCode": "USD",
  "contractReferenceId": "801WC00000ktJPMYA2",
  "contractStatus": "Order Complete",
  "companyReference": "COM003",
  "currencyID": "USD",
  "shipToCustomerID": "124206",
  "soldToCustomerID": "124206",
  "billToCustomerID": "124206",
  "customerContractType": "Master_Contract",
  "contractEffectiveDate": "2026-06-16",
  "salespersonReference": "005a500001J5WNBAA3",
  "currentContractAmount": 0,
  "multipleElementRevenueAllocation": false,
  "contractLineData": [
    {
      "billingLineTemplate": "Yearly_Billing_Template",
      "contractLineReference": "802WC00000OugI7YAJ",
      "lineNumber": 1,
      "contractLineTypeID": "FIXED AMOUNT",
      "salesItemID": "GS-EFA-RSSH-ARCUS",
      "endDate": "2027-06-15",
      "serviceDate": "2026-06-16",
      "quantity": -1,
      "extendedAmount": 0,
      "billingScheduleFromDate": "2026-06-16",
      "billingScheduleToDate": "2027-06-15",
      "shipToCustomerID": "124206",
      "shipToAddressID": "001WC00000WIR9YYAV_17719SCOTTSDALEBOULEVARD_SHAKERHEIGHTS_OH_44122_US"
    }
  ]
}, QuoteTypeText__c=null, Legacy_Id__c=null, Bill_To_Place__c=a0lWC000004im8HYAQ, Hubspot_Overall_Status__c=Overall Success, Ship_To_Place__c=a0lWC000004im8HYAQ, Order_NARR__c=null, Source_Opportunity_Id__c=006WC00000Qbpsc, Source_Order_Id__c=null, Bill_To_Account__c=001WC00000WiR9YYAV, Bill_To_Address__c=a0lWC000004im8HYAQ, Ship_To_Account__c=001WC00000WiR9YYAV, Ship_To_Address__c=a0lWC000004im8HYAQ, Clawback_Repaid_Date__c=null, Commission_Date__c=null, Contract_Start_Date__c=null, Currency_Locked__c=false, MSYears__c=null, New_Licenses__c=null, New_Maintenance__c=null, New_Pro_Services__c=null, Partner_Account__c=null, Reseller_PO__c=null, Sales_Rep__c=null, Source_Quote_Currency__c=USD, gsOrderID__c=null, gsShipDate__c=null, Order_Displaced_ARR__c=0.0, VAT_Number__c=null, DoNotInvoicePS__c=false, IsDR__c=false, IsNotificationSent__c=false, IsRenewal__c=false, IsTAM__c=null, Is_Reversed__c=false, New_SaaSEftCloud__c=null, Total_List_Price__c=null, Account_Specialist__c=null, Billing_Day_of_Month__c=null, Customer_Success_Manager__c=null, Date_Fulfilled__c=null, Deal_Origin__c=null, Disable_Export_Control__c=false, Enterprise_Representative__c=null, HARP_Contact__c=null, Invoice_Contact_2__c=null, Invoice_Contact__c=null, License_Key_Contact__c=null, ShowHide_Discounts__c=null, Solutions_Engineer__c=null, Total_Discount_Amount__c=0.0, PO_Sync_Correlation_Id__c=null, PO_Sync_Message__c=null, PO_Sync_Payload__c=null, PO_Sync_Status__c=Pending, PO_URL__c=null, ALE__c=null, AWS_Marketplace_Agreement_ID__c=null, AWS_Marketplace_Offer_ID__c=null, Account_NameText__c=Cypress, Billing_Frequency__c=null, Contact__c=null, Cross_Sale_Type__c=null, Cross_Sale_User__c=null, Description__c=null, Disable_Tax__c=false, DistributorReseller__c=null, Line_Items_Complete__c=false, Maintenance_Date__c=null, Mark_Inv_Migration_Change__c=false, On_Hold_Time__c=null, OrderOne__c=1.0, POC_Invoice_Contact_On_Billing_Account__c=null, Payment_Portal__c=Fortra (default), Purchasing_Agent_Account__c=null, Purchasing_Agent_Contact__c=null, RSM_2__c=null, RSM_3__c=null, RSM_4__c=null, RSM_5__c=null, RSM__c=null, Referral_Partner__c=null, Renewal_Maintenance_Quote__c=null, Renewals_Specialist__c=null, Requested_Delivery_Date__c=null, Reseller_Partner__c=null, SA__c=null, Secondary_License_Key_Contact__c=null, Share_With_AWS__c=false, SingleYearMS__c=null, Skip_Price_Calculation__c=false, Source_Campaign__c=null, Source_Quote_Id__c=null, Workday_Sync_Status__c=Success, HS_Sync_Correlation_Id__c=null, HS_Sync_Message__c=null, HS_Sync_Payload__c=null, HS_Sync_Status__c=null, Deal_Type__c=null, GSW__c=false, Quote_Type__c=null, Total_Services__c=null, Total_Software__c=null, Total_Subscription__c=null, Order_NARR_Calculated__c=0.0, Exchange_Rate_To_USD__c=null, Legacy_Sync_Correlation_Id__c=583c7ff1-69d0-11f1-a80c-02c9adc31632, Legacy_Sync_Message__c={
  "tripwire": {
    "status": "success",
    "message": "Operation successful",
    "data": {
      "Id": "a2YTI0000060YhN2AU"
    }
  },
  "globalscape": {
    "status": "success",
    "message": "Operation successful",
    "data": {
      "Id": "a1HOy000004YBI5MAO"
    }
  },
  "dynamics": {
    "status": "success",
    "message": "Order and OrderLines  Created successfully",
    "data": ""
  }
}, Legacy_Sync_Payload__c={
  "sfContractId": "801WC00000ktJPMYA2",
  "orderId": "801WC00000ktJPMYA2",
  "sfAccountId": "001WC00000WiR9YYAV",
  "fortraSfdcExternalId": "801WC00000ktJPMYA2",
  "orderNumber": "00095539",
  "name": "Cancellation Quote",
  "opportunityId": "006WC00000QbpscYAB",
  "totalAmount": 0,
  "currencyIsoCode": "USD",
  "contractReferenceId": "801WC00000ktJPMYA2",
  "contractStatus": "Order Complete",
  "companyReference": "COM003",
  "currencyID": "USD",
  "shipToCustomerID": "124206",
  "soldToCustomerID": "124206",
  "billToCustomerID": "124206",
  "customerContractType": "Master_Contract",
  "contractEffectiveDate": "2026-06-16",
  "salespersonReference": "005a500001J5WNBAA3",
  "currentContractAmount": 0,
  "multipleElementRevenueAllocation": false,
  "contractLineData": [
    {
      "billingLineTemplate": "Yearly_Billing_Template",
      "contractLineReference": "802WC00000OugI7YAJ",
      "lineNumber": 1,
      "contractLineTypeID": "FIXED AMOUNT",
      "salesItemID": "GS-EFA-RSSH-ARCUS",
      "endDate": "2027-06-15",
      "serviceDate": "2026-06-16",
      "quantity": -1,
      "extendedAmount": 0,
      "billingScheduleFromDate": "2026-06-16",
      "billingScheduleToDate": "2027-06-15",
      "shipToCustomerID": "124206",
      "shipToAddressID": "001WC00000WIR9YYAV_17719SCOTTSDALEBOULEVARD_SHAKERHEIGHTS_OH_44122_US"
    }
  ]
}, Legacy_Sync_Status__c=Success, WorkdayReferenceID__c=COM003, Payment_Term_Workday_Reference_ID__c=null, Order_Integration_Error_Messages__c=null, Order_and_Related_Field_Status__c=Unknown, Legacy_Discount__c=null, Workday_Contract_Type__c=Master_Contract, Legacy_Overall_Status__c=Overall Success, Workday_Overall_Status__c=Not Success, Contract_Number_Text__c=00069316, MyCap__c=false}
21:55:18.705 (2708297620)|FLOW_ELEMENT_BEGIN|2647e1b28f50d488480a4bdf94a319efd1fd2e0-6a3f|FlowDecision|Order_Completed_Decision
21:55:18.705 (2708320350)|FLOW_ELEMENT_DEFERRED|FlowDecision|Order_Completed_Decision
21:55:18.705 (2708366185)|FLOW_ELEMENT_LIMIT_USAGE|3 ms CPU time, total 1554 out of 15000
21:55:18.705 (2708373400)|FLOW_ELEMENT_END|2647e1b28f50d488480a4bdf94a319efd1fd2e0-6a3f|FlowDecision|Order_Completed_Decision
21:55:18.705 (2708422384)|FLOW_START_INTERVIEW_END|2647e1b28f50d488480a4bdf94a319efd1fd2e0-6a3f|Fortra &#124; Order &#124; After Update - Platform Event (Workday)
21:55:18.705 (2708452426)|FLOW_BULK_ELEMENT_BEGIN|FlowDecision|Order_Completed_Decision
21:55:18.705 (2708553906)|FLOW_RULE_DETAIL|2647e1b28f50d488480a4bdf94a319efd1fd2e0-6a3f|Yes_Order_Completed_Outcome|false|false
21:55:18.705 (2708576112)|FLOW_VALUE_ASSIGNMENT|2647e1b28f50d488480a4bdf94a319efd1fd2e0-6a3f|Yes_Order_Completed_Outcome|false
21:55:18.705 (2708722967)|FLOW_BULK_ELEMENT_END|FlowDecision|Order_Completed_Decision|0|0
21:55:18.705 (2708753785)|FLOW_ELEMENT_BEGIN|2647e1b28f50d488480a4bdf94a319efd1fd2e0-6a3f|FlowDecision|Order_Complete_and_WD_Status_is_Success_Decision
21:55:18.705 (2708761215)|FLOW_ELEMENT_DEFERRED|FlowDecision|Order_Complete_and_WD_Status_is_Success_Decision
21:55:18.705 (2708771748)|FLOW_ELEMENT_END|2647e1b28f50d488480a4bdf94a319efd1fd2e0-6a3f|FlowDecision|Order_Complete_and_WD_Status_is_Success_Decision
21:55:18.705 (2708787788)|FLOW_BULK_ELEMENT_BEGIN|FlowDecision|Order_Complete_and_WD_Status_is_Success_Decision
21:55:18.705 (2708857288)|FLOW_RULE_DETAIL|2647e1b28f50d488480a4bdf94a319efd1fd2e0-6a3f|Yes_Order_Complete_and_WD_Status_is_Success_Outcome|false|false
21:55:18.705 (2708867325)|FLOW_VALUE_ASSIGNMENT|2647e1b28f50d488480a4bdf94a319efd1fd2e0-6a3f|Yes_Order_Complete_and_WD_Status_is_Success_Outcome|false
21:55:18.705 (2708919874)|FLOW_BULK_ELEMENT_LIMIT_USAGE|1 ms CPU time, total 1555 out of 15000
21:55:18.705 (2708924311)|FLOW_BULK_ELEMENT_END|FlowDecision|Order_Complete_and_WD_Status_is_Success_Decision|0|0
21:55:18.705 (2708940992)|FLOW_ELEMENT_BEGIN|2647e1b28f50d488480a4bdf94a319efd1fd2e0-6a3f|FlowDecision|PO_URL_Changed_Decision
21:55:18.705 (2708947230)|FLOW_ELEMENT_DEFERRED|FlowDecision|PO_URL_Changed_Decision
21:55:18.705 (2708975726)|FLOW_ELEMENT_END|2647e1b28f50d488480a4bdf94a319efd1fd2e0-6a3f|FlowDecision|PO_URL_Changed_Decision
21:55:18.705 (2708990190)|FLOW_BULK_ELEMENT_BEGIN|FlowDecision|PO_URL_Changed_Decision
21:55:18.705 (2709053670)|FLOW_RULE_DETAIL|2647e1b28f50d488480a4bdf94a319efd1fd2e0-6a3f|Yes_PO_URL_Changed_Outcome|false|false
21:55:18.705 (2709062375)|FLOW_VALUE_ASSIGNMENT|2647e1b28f50d488480a4bdf94a319efd1fd2e0-6a3f|Yes_PO_URL_Changed_Outcome|false
21:55:18.705 (2709102732)|FLOW_BULK_ELEMENT_END|FlowDecision|PO_URL_Changed_Decision|0|0
21:55:18.705 (2709228327)|FLOW_START_INTERVIEWS_END|1
21:55:18.705 (2709402773)|FLOW_INTERVIEW_FINISHED|2647e1b28f50d488480a4bdf94a319efd1fd2e0-6a3f|Fortra &#124; Order &#124; After Update - Platform Event (Workday)
21:55:18.705 (2709426494)|FLOW_INTERVIEW_FINISHED_LIMIT_USAGE|SOQL queries: 0 out of 100
21:55:18.705 (2709431477)|FLOW_INTERVIEW_FINISHED_LIMIT_USAGE|SOQL query rows: 0 out of 50000
21:55:18.705 (2709434928)|FLOW_INTERVIEW_FINISHED_LIMIT_USAGE|SOSL queries: 0 out of 20
21:55:18.705 (2709438789)|FLOW_INTERVIEW_FINISHED_LIMIT_USAGE|DML statements: 0 out of 150
21:55:18.705 (2709441982)|FLOW_INTERVIEW_FINISHED_LIMIT_USAGE|DML rows: 0 out of 10000
21:55:18.705 (2709445294)|FLOW_INTERVIEW_FINISHED_LIMIT_USAGE|CPU time in ms: 1555 out of 15000
21:55:18.705 (2709449390)|FLOW_INTERVIEW_FINISHED_LIMIT_USAGE|Heap size in bytes: 0 out of 6000000
21:55:18.705 (2709452688)|FLOW_INTERVIEW_FINISHED_LIMIT_USAGE|Callouts: 0 out of 100
21:55:18.705 (2709455616)|FLOW_INTERVIEW_FINISHED_LIMIT_USAGE|Email invocations: 0 out of 10
21:55:18.705 (2709458826)|FLOW_INTERVIEW_FINISHED_LIMIT_USAGE|Future calls: 0 out of 50
21:55:18.705 (2709461465)|FLOW_INTERVIEW_FINISHED_LIMIT_USAGE|Jobs in queue: 0 out of 50
21:55:18.702 (2711705295)|CODE_UNIT_FINISHED|Flow:Order
21:55:18.702 (2711717629)|EXECUTION_FINISHED
21:55:18.735 (2735445018)|USER_INFO|[EXTERNAL]|005WC00000MgTN2|liam.jeong.c@fortra.com.uat|(GMT-07:00) Pacific Daylight Time (America/Los_Angeles)|GMT-07:00
21:55:18.735 (2735473776)|EXECUTION_STARTED
21:55:18.735 (2735481950)|CODE_UNIT_STARTED|[EXTERNAL]|Flow:Order
21:55:18.735 (2735588895)|CODE_UNIT_FINISHED|Flow:Order
21:55:18.735 (2735595522)|EXECUTION_FINISHED
21:55:18.813 (2813180720)|CUMULATIVE_PROFILING_BEGIN
21:55:18.813 (2813180720)|CUMULATIVE_PROFILING|No profiling information for SOQL operations
21:55:18.813 (2813180720)|CUMULATIVE_PROFILING|No profiling information for SOSL operations
21:55:18.813 (2813180720)|CUMULATIVE_PROFILING|No profiling information for DML operations
21:55:18.813 (2813180720)|CUMULATIVE_PROFILING|No profiling information for method invocations
21:55:18.813 (2813180720)|CUMULATIVE_PROFILING_END

