67.0 APEX_CODE,DEBUG;APEX_PROFILING,INFO
Execute Anonymous: Id quoteId = '0Q0WC0000038aXd0AI';
Execute Anonymous: System.debug('RMPS-TEST-START: invoking V27 Fortra_Quote_Reprice for ' + quoteId);
Execute Anonymous: Flow.Interview.Fortra_Quote_Reprice f = new Flow.Interview.Fortra_Quote_Reprice(new Map<String,Object>{'QuoteId' => quoteId});
Execute Anonymous: f.start();
Execute Anonymous: System.debug('RMPS-TEST-END: flow completed');
17:14:50.53 (53901522)|USER_INFO|[EXTERNAL]|005WC00000MgTN2|liam.jeong.c@fortra.com.uat|(GMT-07:00) Pacific Daylight Time (America/Los_Angeles)|GMT-07:00
17:14:50.53 (53943229)|EXECUTION_STARTED
17:14:50.53 (53969486)|CODE_UNIT_STARTED|[EXTERNAL]|execute_anonymous_apex
17:14:50.53 (82447333)|USER_DEBUG|[2]|DEBUG|RMPS-TEST-START: invoking V27 Fortra_Quote_Reprice for 0Q0WC0000038aXd0AI
17:14:51.997 (1997854811)|CODE_UNIT_STARTED|[EXTERNAL]|01pWC000002WYBt|RenewalMaintenancePricingService.applyRenewalMaintenanceNetPrices(List<RenewalMaintenancePricingService.RepriceRequest>)
17:14:51.997 (2050334629)|USER_DEBUG|[202]|INFO|RenewalMaintenancePricingService updating 1 line(s)
17:14:51.997 (2056662283)|USER_DEBUG|[238]|INFO|RenewalMaintenancePricingService update result={isSuccess=true}
17:14:52.56 (2056810419)|CUMULATIVE_LIMIT_USAGE
17:14:52.56 (2056810419)|LIMIT_USAGE_FOR_NS|(default)|
  Number of SOQL queries: 1 out of 100
  Number of query rows: 1 out of 50000
  Number of SOSL queries: 0 out of 20
  Number of DML statements: 0 out of 150
  Number of Publish Immediate DML: 0 out of 150
  Number of DML rows: 0 out of 10000
  Maximum CPU time: 18 out of 10000
  Maximum heap size: 0 out of 6000000
  Number of callouts: 1 out of 100
  Number of Email Invocations: 0 out of 10
  Number of future calls: 0 out of 50
  Number of queueable jobs added to the queue: 0 out of 50
  Number of Mobile Apex push calls: 0 out of 10

17:14:52.56 (2056810419)|CUMULATIVE_LIMIT_USAGE_END

17:14:51.997 (2056892067)|CODE_UNIT_FINISHED|RenewalMaintenancePricingService.applyRenewalMaintenanceNetPrices(List<RenewalMaintenancePricingService.RepriceRequest>)
17:14:52.131 (2131318750)|CODE_UNIT_STARTED|[EXTERNAL]|industries.pricing.rulesengine.runtime.processtype.DefaultPricingProcessTypeHandler
17:14:52.131 (2328460139)|CODE_UNIT_FINISHED|industries.pricing.rulesengine.runtime.processtype.DefaultPricingProcessTypeHandler
17:14:52.433 (2433194145)|CODE_UNIT_STARTED|[EXTERNAL]|01pWC000002VmiL|PartnerNetPricePosthook.applyPostPricingNetPrices(List<PartnerNetPricePosthook.PostPricingContextRequest>)
17:14:52.443 (2443963589)|CUMULATIVE_LIMIT_USAGE
17:14:52.443 (2443963589)|LIMIT_USAGE_FOR_NS|(default)|
  Number of SOQL queries: 1 out of 100
  Number of query rows: 1 out of 50000
  Number of SOSL queries: 0 out of 20
  Number of DML statements: 0 out of 150
  Number of Publish Immediate DML: 0 out of 150
  Number of DML rows: 0 out of 10000
  Maximum CPU time: 360 out of 10000
  Maximum heap size: 0 out of 6000000
  Number of callouts: 1 out of 100
  Number of Email Invocations: 0 out of 10
  Number of future calls: 0 out of 50
  Number of queueable jobs added to the queue: 0 out of 50
  Number of Mobile Apex push calls: 0 out of 10

17:14:52.443 (2443963589)|CUMULATIVE_LIMIT_USAGE_END

17:14:52.433 (2444050209)|CODE_UNIT_FINISHED|PartnerNetPricePosthook.applyPostPricingNetPrices(List<PartnerNetPricePosthook.PostPricingContextRequest>)
17:14:52.526 (2526404787)|CODE_UNIT_STARTED|[EXTERNAL]|01pWC000002WYBt|RenewalMaintenancePricingService.applyRenewalMaintenanceNetPrices(List<RenewalMaintenancePricingService.RepriceRequest>)
17:14:52.526 (2544920951)|USER_DEBUG|[289]|INFO|RenewalMaintenancePricingService finalizing 1 line(s)
17:14:52.526 (2550253108)|USER_DEBUG|[297]|INFO|RenewalMaintenancePricingService finalize result={isSuccess=true}
17:14:52.550 (2550387409)|CUMULATIVE_LIMIT_USAGE
17:14:52.550 (2550387409)|LIMIT_USAGE_FOR_NS|(default)|
  Number of SOQL queries: 2 out of 100
  Number of query rows: 2 out of 50000
  Number of SOSL queries: 0 out of 20
  Number of DML statements: 0 out of 150
  Number of Publish Immediate DML: 0 out of 150
  Number of DML rows: 0 out of 10000
  Maximum CPU time: 418 out of 10000
  Maximum heap size: 0 out of 6000000
  Number of callouts: 1 out of 100
  Number of Email Invocations: 0 out of 10
  Number of future calls: 0 out of 50
  Number of queueable jobs added to the queue: 0 out of 50
  Number of Mobile Apex push calls: 0 out of 10

17:14:52.550 (2550387409)|CUMULATIVE_LIMIT_USAGE_END

17:14:52.526 (2550461117)|CODE_UNIT_FINISHED|RenewalMaintenancePricingService.applyRenewalMaintenanceNetPrices(List<RenewalMaintenancePricingService.RepriceRequest>)
17:14:52.775 (2775919314)|USER_DEBUG|[5]|DEBUG|RMPS-TEST-END: flow completed
17:14:52.796 (2796975902)|CUMULATIVE_LIMIT_USAGE
17:14:52.796 (2796975902)|LIMIT_USAGE_FOR_NS|(default)|
  Number of SOQL queries: 2 out of 100
  Number of query rows: 2 out of 50000
  Number of SOSL queries: 0 out of 20
  Number of DML statements: 0 out of 150
  Number of Publish Immediate DML: 0 out of 150
  Number of DML rows: 0 out of 10000
  Maximum CPU time: 593 out of 10000
  Maximum heap size: 0 out of 6000000
  Number of callouts: 2 out of 100
  Number of Email Invocations: 0 out of 10
  Number of future calls: 0 out of 50
  Number of queueable jobs added to the queue: 0 out of 50
  Number of Mobile Apex push calls: 0 out of 10

17:14:52.796 (2796975902)|CUMULATIVE_LIMIT_USAGE_END

17:14:52.775 (2797100204)|CODE_UNIT_FINISHED|execute_anonymous_apex
17:14:52.775 (2797136132)|EXECUTION_FINISHED

