62.0 APEX_CODE,FINEST;APEX_PROFILING,FINEST;CALLOUT,FINEST;DATA_ACCESS,INFO;DB,FINEST;NBA,FINE;SYSTEM,FINE;VALIDATION,INFO;VISUALFORCE,FINER;WAVE,FINEST;WORKFLOW,FINER
19:59:57.0 (797320)|USER_INFO|[EXTERNAL]|005WC00000MgTN2|liam.jeong.c@fortra.com.uat|(GMT-07:00) Pacific Daylight Time (America/Los_Angeles)|GMT-07:00
19:59:57.0 (871325)|EXECUTION_STARTED
19:59:57.0 (903230)|CODE_UNIT_STARTED|[EXTERNAL]|01pWC000002WMkD|RenewalQuoteLineCleanupQueueable
19:59:57.0 (1127885)|HEAP_ALLOCATE|[95]|Bytes:3
19:59:57.0 (1206135)|HEAP_ALLOCATE|[100]|Bytes:152
19:59:57.0 (1220470)|HEAP_ALLOCATE|[417]|Bytes:408
19:59:57.0 (1232173)|HEAP_ALLOCATE|[430]|Bytes:408
19:59:57.0 (1251774)|HEAP_ALLOCATE|[317]|Bytes:6
19:59:57.0 (1291062)|HEAP_ALLOCATE|[EXTERNAL]|Bytes:5
19:59:57.0 (1311957)|SYSTEM_METHOD_ENTRY|[14]|QueueableContextImpl.QueueableContextImpl()
19:59:57.0 (1316614)|STATEMENT_EXECUTE|[14]
19:59:57.0 (1420334)|SYSTEM_METHOD_EXIT|[14]|QueueableContextImpl
19:59:57.0 (1427013)|HEAP_ALLOCATE|[EXTERNAL]|Bytes:8
19:59:57.0 (1429410)|HEAP_ALLOCATE|[EXTERNAL]|Bytes:4
19:59:57.0 (1433694)|VARIABLE_SCOPE_BEGIN|[21]|this|System.QueueableContextImpl|true|false
19:59:57.0 (1544257)|VARIABLE_ASSIGNMENT|[21]|this|{}|0x69cca88f
19:59:57.0 (1547677)|VARIABLE_SCOPE_BEGIN|[21]|jobId|Id|false|false
19:59:57.0 (1656821)|VARIABLE_ASSIGNMENT|[21]|jobId|"707WC00002z5nHRYAY"
19:59:57.0 (4094169)|HEAP_ALLOCATE|[EXTERNAL]|Bytes:4
19:59:57.0 (4126325)|METHOD_ENTRY|[5]|01pWC000002WMkD|RenewalQuoteLineCleanupQueueable.RenewalQuoteLineCleanupQueueable()
19:59:57.0 (4131373)|STATEMENT_EXECUTE|[5]
19:59:57.0 (4144326)|STATEMENT_EXECUTE|[5]
19:59:57.0 (4163874)|HEAP_ALLOCATE|[68]|Bytes:5
19:59:57.0 (4195109)|HEAP_ALLOCATE|[74]|Bytes:5
19:59:57.0 (4201807)|HEAP_ALLOCATE|[82]|Bytes:7
19:59:57.0 (5108408)|SYSTEM_MODE_ENTER|false
19:59:57.0 (5477804)|HEAP_ALLOCATE|[EXTERNAL]|Bytes:5
19:59:57.0 (5494709)|SYSTEM_MODE_EXIT|false
19:59:57.0 (5514834)|METHOD_EXIT|[5]|RenewalQuoteLineCleanupQueueable
19:59:57.0 (5524739)|HEAP_ALLOCATE|[EXTERNAL]|Bytes:8
19:59:57.0 (5527606)|HEAP_ALLOCATE|[EXTERNAL]|Bytes:8
19:59:57.0 (5535110)|VARIABLE_SCOPE_BEGIN|[13]|this|RenewalQuoteLineCleanupQueueable|true|false
19:59:57.0 (5675739)|VARIABLE_ASSIGNMENT|[13]|this|{"quoteIds":"0x7947c19f"}|0x56d1325f
19:59:57.0 (5682704)|VARIABLE_SCOPE_BEGIN|[13]|context|System.QueueableContext|true|false
19:59:57.0 (5784722)|VARIABLE_ASSIGNMENT|[13]|context|{"jobId":"707WC00002z5nHRYAY"}|0x69cca88f
19:59:57.0 (5799377)|SYSTEM_MODE_ENTER|false
19:59:57.0 (5804721)|HEAP_ALLOCATE|[14]|Bytes:5
19:59:57.0 (5808107)|STATEMENT_EXECUTE|[13]
19:59:57.0 (5808972)|STATEMENT_EXECUTE|[14]
19:59:57.0 (8097603)|VARIABLE_SCOPE_BEGIN|[21]|RenewalQuoteLineHandler.CARRYOVER_PRODUCT_TYPES|Set<String>|true|true
19:59:57.0 (8111242)|VARIABLE_SCOPE_BEGIN|[16]|RenewalQuoteLineHandler.PRODUCT_TYPE_NEW_MAINTENANCE|String|false|true
19:59:57.0 (8115210)|VARIABLE_SCOPE_BEGIN|[18]|RenewalQuoteLineHandler.PRODUCT_TYPE_PERPETUAL|String|false|true
19:59:57.0 (8118390)|VARIABLE_SCOPE_BEGIN|[17]|RenewalQuoteLineHandler.PRODUCT_TYPE_RENEWAL_MAINTENANCE|String|false|true
19:59:57.0 (8132027)|HEAP_ALLOCATE|[14]|Bytes:31
19:59:57.0 (8138108)|HEAP_ALLOCATE|[14]|Bytes:15
19:59:57.0 (8149521)|VARIABLE_ASSIGNMENT|[14]|RenewalQuoteLineHandler.PRODUCT_TYPE_NEW_MAINTENANCE|"New Maintenance"
19:59:57.0 (8152004)|HEAP_ALLOCATE|[14]|Bytes:9
19:59:57.0 (8161405)|VARIABLE_ASSIGNMENT|[14]|RenewalQuoteLineHandler.PRODUCT_TYPE_PERPETUAL|"Perpetual"
19:59:57.0 (8168861)|HEAP_ALLOCATE|[14]|Bytes:19
19:59:57.0 (8172142)|VARIABLE_ASSIGNMENT|[14]|RenewalQuoteLineHandler.PRODUCT_TYPE_RENEWAL_MAINTENANCE|"Renewal Maintenance"
19:59:57.0 (8203536)|METHOD_ENTRY|[14]|01pWC000002VWVX|RenewalQuoteLineHandler.RenewalQuoteLineHandler()
19:59:57.0 (8208513)|STATEMENT_EXECUTE|[14]
19:59:57.0 (8217266)|STATEMENT_EXECUTE|[14]
19:59:57.0 (8226995)|HEAP_ALLOCATE|[21]|Bytes:5
19:59:57.0 (8230192)|STATEMENT_EXECUTE|[21]
19:59:57.0 (8244536)|HEAP_ALLOCATE|[21]|Bytes:4
19:59:57.0 (8274971)|SYSTEM_CONSTRUCTOR_ENTRY|[21]|<init>(Integer)
19:59:57.0 (8341841)|SYSTEM_CONSTRUCTOR_EXIT|[21]|<init>(Integer)
19:59:57.0 (8413910)|SYSTEM_METHOD_ENTRY|[21]|Set<String>.add(Object)
19:59:57.0 (8437312)|SYSTEM_METHOD_EXIT|[21]|Set<String>.add(Object)
19:59:57.0 (8443808)|SYSTEM_METHOD_ENTRY|[21]|Set<String>.add(Object)
19:59:57.0 (8447523)|SYSTEM_METHOD_EXIT|[21]|Set<String>.add(Object)
19:59:57.0 (8489601)|VARIABLE_ASSIGNMENT|[21]|RenewalQuoteLineHandler.CARRYOVER_PRODUCT_TYPES|["New Maintenance","Perpetual"]|0x4f36b150
19:59:57.0 (8508890)|METHOD_EXIT|[14]|RenewalQuoteLineHandler
19:59:57.0 (8534219)|METHOD_ENTRY|[14]|01pWC000002VWVX|RenewalQuoteLineHandler.removeNewMaintenanceCarryoverForQuotes(Set<Id>)
19:59:57.0 (8555510)|VARIABLE_SCOPE_BEGIN|[63]|quoteIds|Set<Id>|true|false
19:59:57.0 (8563122)|VARIABLE_ASSIGNMENT|[63]|quoteIds|["0Q0WC0000039Is10AE"]|0x7947c19f
19:59:57.0 (8570972)|HEAP_ALLOCATE|[64]|Bytes:5
19:59:57.0 (8573362)|STATEMENT_EXECUTE|[63]
19:59:57.0 (8574314)|STATEMENT_EXECUTE|[64]
19:59:57.0 (8687308)|HEAP_ALLOCATE|[64]|Bytes:4
19:59:57.0 (8737298)|SYSTEM_CONSTRUCTOR_ENTRY|[64]|<init>()
19:59:57.0 (8802882)|SYSTEM_CONSTRUCTOR_EXIT|[64]|<init>()
19:59:57.0 (8812184)|METHOD_ENTRY|[64]|01pWC000002VWVX|RenewalQuoteLineHandler.removeNewMaintenanceCarryoverForQuotes(Set<Id>, List<QuoteLineItem>)
19:59:57.0 (8818354)|VARIABLE_SCOPE_BEGIN|[68]|quoteIds|Set<Id>|true|false
19:59:57.0 (8826584)|VARIABLE_ASSIGNMENT|[68]|quoteIds|["0Q0WC0000039Is10AE"]|0x7947c19f
19:59:57.0 (8844564)|VARIABLE_SCOPE_BEGIN|[68]|insertedLines|List<QuoteLineItem>|true|false
19:59:57.0 (8851541)|HEAP_ALLOCATE|[EXTERNAL]|Bytes:4
19:59:57.0 (8863424)|VARIABLE_ASSIGNMENT|[68]|insertedLines|[]|0x204809e6
19:59:57.0 (8871236)|HEAP_ALLOCATE|[72]|Bytes:5
19:59:57.0 (8873537)|STATEMENT_EXECUTE|[71]
19:59:57.0 (8879911)|SYSTEM_METHOD_ENTRY|[72]|Set<Id>.isEmpty()
19:59:57.0 (8891106)|SYSTEM_METHOD_EXIT|[72]|Set<Id>.isEmpty()
19:59:57.0 (8899420)|STATEMENT_EXECUTE|[72]
19:59:57.0 (8900640)|STATEMENT_EXECUTE|[76]
19:59:57.0 (8904424)|METHOD_ENTRY|[76]|01pWC000002VWVX|RenewalQuoteLineHandler.resolveRenewalQuoteIds(Set<Id>)
19:59:57.0 (8911486)|VARIABLE_SCOPE_BEGIN|[148]|quoteIds|Set<Id>|true|false
19:59:57.0 (8916493)|VARIABLE_ASSIGNMENT|[148]|quoteIds|["0Q0WC0000039Is10AE"]|0x7947c19f
19:59:57.0 (8921259)|HEAP_ALLOCATE|[149]|Bytes:5
19:59:57.0 (8923180)|STATEMENT_EXECUTE|[148]
19:59:57.0 (8924044)|STATEMENT_EXECUTE|[149]
19:59:57.0 (8929423)|HEAP_ALLOCATE|[149]|Bytes:4
19:59:57.0 (8936731)|SYSTEM_CONSTRUCTOR_ENTRY|[149]|<init>(Integer)
19:59:57.0 (8944744)|SYSTEM_CONSTRUCTOR_EXIT|[149]|<init>(Integer)
19:59:57.0 (8947442)|VARIABLE_SCOPE_BEGIN|[149]|renewalQuoteIds|Set<Id>|true|false
19:59:57.0 (8962411)|VARIABLE_ASSIGNMENT|[149]|renewalQuoteIds|[]|0x7e39a207
19:59:57.0 (8967856)|HEAP_ALLOCATE|[150]|Bytes:106
19:59:57.0 (8981664)|HEAP_ALLOCATE|[150]|Bytes:4
19:59:57.0 (8988070)|HEAP_ALLOCATE|[150]|Bytes:7
19:59:57.0 (8997476)|HEAP_ALLOCATE|[150]|Bytes:7
19:59:57.0 (10348799)|VARIABLE_SCOPE_BEGIN|[9]|QuoteRenewalTypeHandler.ORIGINAL_ACTION_RENEW|String|false|true
19:59:57.0 (10360340)|VARIABLE_SCOPE_BEGIN|[8]|QuoteRenewalTypeHandler.QUOTE_TYPE_RENEWAL|String|false|true
19:59:57.0 (10371327)|HEAP_ALLOCATE|[155]|Bytes:5
19:59:57.0 (10376694)|HEAP_ALLOCATE|[155]|Bytes:5
19:59:57.0 (10385614)|VARIABLE_ASSIGNMENT|[155]|QuoteRenewalTypeHandler.ORIGINAL_ACTION_RENEW|"Renew"
19:59:57.0 (10388042)|HEAP_ALLOCATE|[155]|Bytes:7
19:59:57.0 (10391325)|VARIABLE_ASSIGNMENT|[155]|QuoteRenewalTypeHandler.QUOTE_TYPE_RENEWAL|"Renewal"
19:59:57.0 (10418442)|METHOD_ENTRY|[6]|01pWC000002VWVV|QuoteRenewalTypeHandler.QuoteRenewalTypeHandler()
19:59:57.0 (10423764)|STATEMENT_EXECUTE|[6]
19:59:57.0 (10427989)|STATEMENT_EXECUTE|[6]
19:59:57.0 (10435611)|HEAP_ALLOCATE|[155]|Bytes:5
19:59:57.0 (10444608)|METHOD_EXIT|[6]|QuoteRenewalTypeHandler
19:59:57.0 (10456860)|HEAP_ALLOCATE|[150]|Bytes:7
19:59:57.0 (13643765)|SOQL_EXECUTE_BEGIN|[150]|Aggregations:0|SELECT Id FROM Quote WHERE (Id = :tmpVar1 AND (OriginalActionType = :tmpVar2 OR Quote_Type__c = :tmpVar3))
19:59:57.0 (13685559)|LIMIT_USAGE|[150]|SOQL|1|200
19:59:57.0 (13691326)|LIMIT_USAGE|[150]|AGGS|0|600
19:59:57.0 (30048789)|SOQL_EXECUTE_EXPLAIN|[150]|Index on Quote : [Id], cardinality: 1, sobjectCardinality: 166355, relativeCost 0
19:59:57.0 (30078667)|SOQL_EXECUTE_END|[150]|Rows:1
19:59:57.0 (30100495)|LIMIT_USAGE|[150]|SOQL_ROWS|1|50000
19:59:57.0 (30109761)|HEAP_ALLOCATE|[EXTERNAL]|Bytes:8
19:59:57.0 (30186114)|SYSTEM_METHOD_ENTRY|[150]|Database.QueryLocator.iterator()
19:59:57.0 (30342979)|HEAP_ALLOCATE|[150]|Bytes:54
19:59:57.0 (30347853)|HEAP_ALLOCATE|[150]|Bytes:8
19:59:57.0 (30368758)|SYSTEM_METHOD_ENTRY|[7]|QueryLocatorIterator.QueryLocatorIterator()
19:59:57.0 (30372962)|STATEMENT_EXECUTE|[7]
19:59:57.0 (30384714)|SYSTEM_METHOD_EXIT|[7]|QueryLocatorIterator
19:59:57.0 (30392313)|HEAP_ALLOCATE|[150]|Bytes:28
19:59:57.0 (30465422)|HEAP_ALLOCATE|[150]|Bytes:8
19:59:57.0 (30473815)|HEAP_ALLOCATE|[150]|Bytes:8
19:59:57.0 (30475437)|HEAP_ALLOCATE|[150]|Bytes:8
19:59:57.0 (30480142)|VARIABLE_SCOPE_BEGIN|[15]|this|Database.QueryLocatorIterator|true|false
19:59:57.0 (30559161)|VARIABLE_ASSIGNMENT|[15]|this|{}|0x42ad0dc2
19:59:57.0 (30562365)|VARIABLE_SCOPE_BEGIN|[15]|values|List<SObject>|true|false
19:59:57.0 (30633568)|VARIABLE_ASSIGNMENT|[15]|values|[{"Id":"0Q0WC0000039Is10AE"}]|0x2815e87f
19:59:57.0 (30636559)|VARIABLE_SCOPE_BEGIN|[15]|ql|Database.QueryLocator|true|false
19:59:57.0 (30650939)|VARIABLE_ASSIGNMENT|[15]|ql|{"query":"SELECT Id FROM Quote (86 more) ..."}|0x91f39f4
19:59:57.0 (30653773)|VARIABLE_SCOPE_BEGIN|[15]|totalNumRecords|Integer|false|false
19:59:57.0 (30659914)|VARIABLE_ASSIGNMENT|[15]|totalNumRecords|1
19:59:57.0 (30662301)|VARIABLE_SCOPE_BEGIN|[15]|queryMoreSize|Integer|false|false
19:59:57.0 (30666349)|VARIABLE_ASSIGNMENT|[15]|queryMoreSize|49999
19:59:57.0 (30731048)|HEAP_ALLOCATE|[150]|Bytes:28
19:59:57.0 (30763239)|SYSTEM_METHOD_EXIT|[150]|Database.QueryLocator.iterator()
19:59:57.0 (30791480)|METHOD_ENTRY|[150]||Database.QueryLocatorIterator.hasNext()
19:59:57.0 (30875759)|METHOD_EXIT|[150]||Database.QueryLocatorIterator.hasNext()
19:59:57.0 (30880644)|METHOD_ENTRY|[150]||Database.QueryLocatorIterator.next()
19:59:57.0 (30948383)|METHOD_EXIT|[150]||Database.QueryLocatorIterator.next()
19:59:57.0 (30953604)|VARIABLE_SCOPE_BEGIN|[150]|quote|Quote|true|false
19:59:57.0 (30977592)|VARIABLE_ASSIGNMENT|[150]|quote|{"Id":"0Q0WC0000039Is10AE"}|0x3f1d73f5
19:59:57.0 (30982164)|STATEMENT_EXECUTE|[158]
19:59:57.0 (30983251)|STATEMENT_EXECUTE|[159]
19:59:57.0 (31026523)|SYSTEM_METHOD_ENTRY|[159]|Set<Id>.add(Object)
19:59:57.0 (31042434)|HEAP_ALLOCATE|[EXTERNAL]|Bytes:4
19:59:57.0 (31049026)|SYSTEM_METHOD_EXIT|[159]|Set<Id>.add(Object)
19:59:57.0 (31053067)|METHOD_ENTRY|[150]||Database.QueryLocatorIterator.hasNext()
19:59:57.0 (31061301)|METHOD_EXIT|[150]||Database.QueryLocatorIterator.hasNext()
19:59:57.0 (31065697)|VARIABLE_ASSIGNMENT|[150]|quote|null|
19:59:57.0 (31085439)|STATEMENT_EXECUTE|[161]
19:59:57.0 (31090373)|METHOD_EXIT|[76]|01pWC000002VWVX|RenewalQuoteLineHandler.resolveRenewalQuoteIds(Set<Id>)
19:59:57.0 (31093558)|VARIABLE_SCOPE_BEGIN|[76]|renewalQuoteIds|Set<Id>|true|false
19:59:57.0 (31103517)|VARIABLE_ASSIGNMENT|[76]|renewalQuoteIds|["0Q0WC0000039Is10AE"]|0x7e39a207
19:59:57.0 (31108135)|SYSTEM_METHOD_ENTRY|[77]|Set<Id>.isEmpty()
19:59:57.0 (31113721)|SYSTEM_METHOD_EXIT|[77]|Set<Id>.isEmpty()
19:59:57.0 (31116296)|STATEMENT_EXECUTE|[77]
19:59:57.0 (31117110)|STATEMENT_EXECUTE|[81]
19:59:57.0 (31119701)|VARIABLE_SCOPE_BEGIN|[81]|contextLines|List<QuoteLineItem>|true|false
19:59:57.0 (31125604)|VARIABLE_ASSIGNMENT|[81]|contextLines|[]|0x204809e6
19:59:57.0 (31128221)|STATEMENT_EXECUTE|[85]
19:59:57.0 (31136693)|METHOD_ENTRY|[85]|01pWC000002VWVX|RenewalQuoteLineHandler.findQuotesWithRenewalMaintenance(Set<Id>, List<QuoteLineItem>)
19:59:57.0 (31147392)|VARIABLE_SCOPE_BEGIN|[165]|renewalQuoteIds|Set<Id>|true|false
19:59:57.0 (31152086)|VARIABLE_ASSIGNMENT|[165]|renewalQuoteIds|["0Q0WC0000039Is10AE"]|0x7e39a207
19:59:57.0 (31154978)|VARIABLE_SCOPE_BEGIN|[165]|newLines|List<QuoteLineItem>|true|false
19:59:57.0 (31158804)|VARIABLE_ASSIGNMENT|[165]|newLines|[]|0x204809e6
19:59:57.0 (31169437)|HEAP_ALLOCATE|[169]|Bytes:5
19:59:57.0 (31171939)|STATEMENT_EXECUTE|[168]
19:59:57.0 (31172855)|STATEMENT_EXECUTE|[169]
19:59:57.0 (31183381)|HEAP_ALLOCATE|[169]|Bytes:4
19:59:57.0 (31209888)|SYSTEM_CONSTRUCTOR_ENTRY|[169]|<init>(Integer)
19:59:57.0 (31224376)|SYSTEM_CONSTRUCTOR_EXIT|[169]|<init>(Integer)
19:59:57.0 (31226685)|VARIABLE_SCOPE_BEGIN|[169]|quotesWithRenewalMaint|Set<Id>|true|false
19:59:57.0 (31247555)|VARIABLE_ASSIGNMENT|[169]|quotesWithRenewalMaint|[]|0x486c7c1d
19:59:57.0 (31250333)|STATEMENT_EXECUTE|[171]
19:59:57.0 (31253248)|HEAP_ALLOCATE|[171]|Bytes:4
19:59:57.0 (31256995)|SYSTEM_CONSTRUCTOR_ENTRY|[171]|<init>(Integer)
19:59:57.0 (31261858)|SYSTEM_CONSTRUCTOR_EXIT|[171]|<init>(Integer)
19:59:57.0 (31263671)|VARIABLE_SCOPE_BEGIN|[171]|newPbeIds|Set<Id>|true|false
19:59:57.0 (31270320)|VARIABLE_ASSIGNMENT|[171]|newPbeIds|[]|0x78d4f21b
19:59:57.0 (31278680)|SYSTEM_METHOD_ENTRY|[172]|List<QuoteLineItem>.iterator()
19:59:57.0 (31356741)|SYSTEM_METHOD_EXIT|[172]|List<QuoteLineItem>.iterator()
19:59:57.0 (31371626)|SYSTEM_METHOD_ENTRY|[172]|system.ListIterator.hasNext()
19:59:57.0 (31377748)|HEAP_ALLOCATE|[172]|Bytes:5
19:59:57.0 (31382728)|SYSTEM_METHOD_EXIT|[172]|system.ListIterator.hasNext()
19:59:57.0 (31395774)|VARIABLE_ASSIGNMENT|[172]|line|null|
19:59:57.0 (31398220)|STATEMENT_EXECUTE|[172]
19:59:57.0 (31399044)|STATEMENT_EXECUTE|[178]
19:59:57.0 (31405058)|METHOD_ENTRY|[178]|01pWC000002VWVX|RenewalQuoteLineHandler.loadProductTypeByPbeId(Set<Id>)
19:59:57.0 (31415680)|VARIABLE_SCOPE_BEGIN|[200]|pbeIds|Set<Id>|true|false
19:59:57.0 (31420509)|VARIABLE_ASSIGNMENT|[200]|pbeIds|[]|0x78d4f21b
19:59:57.0 (31426005)|HEAP_ALLOCATE|[201]|Bytes:5
19:59:57.0 (31428278)|STATEMENT_EXECUTE|[200]
19:59:57.0 (31429105)|STATEMENT_EXECUTE|[201]
19:59:57.0 (31439148)|HEAP_ALLOCATE|[201]|Bytes:4
19:59:57.0 (31445987)|VARIABLE_SCOPE_BEGIN|[201]|productTypeByPbeId|Map<Id,String>|true|false
19:59:57.0 (31459286)|VARIABLE_ASSIGNMENT|[201]|productTypeByPbeId|{}|0x38220834
19:59:57.0 (31463773)|SYSTEM_METHOD_ENTRY|[202]|Set<Id>.isEmpty()
19:59:57.0 (31468694)|SYSTEM_METHOD_EXIT|[202]|Set<Id>.isEmpty()
19:59:57.0 (31471127)|STATEMENT_EXECUTE|[202]
19:59:57.0 (31472010)|STATEMENT_EXECUTE|[203]
19:59:57.0 (31476106)|METHOD_EXIT|[178]|01pWC000002VWVX|RenewalQuoteLineHandler.loadProductTypeByPbeId(Set<Id>)
19:59:57.0 (31478484)|VARIABLE_SCOPE_BEGIN|[178]|productTypeByPbeId|Map<Id,String>|true|false
19:59:57.0 (31482744)|VARIABLE_ASSIGNMENT|[178]|productTypeByPbeId|{}|0x38220834
19:59:57.0 (31487123)|SYSTEM_METHOD_ENTRY|[179]|List<QuoteLineItem>.iterator()
19:59:57.0 (31491108)|SYSTEM_METHOD_EXIT|[179]|List<QuoteLineItem>.iterator()
19:59:57.0 (31494571)|SYSTEM_METHOD_ENTRY|[179]|system.ListIterator.hasNext()
19:59:57.0 (31497433)|HEAP_ALLOCATE|[179]|Bytes:5
19:59:57.0 (31499927)|SYSTEM_METHOD_EXIT|[179]|system.ListIterator.hasNext()
19:59:57.0 (31503738)|VARIABLE_ASSIGNMENT|[179]|line|null|
19:59:57.0 (31505977)|STATEMENT_EXECUTE|[179]
19:59:57.0 (31508768)|HEAP_ALLOCATE|[188]|Bytes:107
19:59:57.0 (31514988)|HEAP_ALLOCATE|[188]|Bytes:4
19:59:57.0 (35703046)|SOQL_EXECUTE_BEGIN|[188]|Aggregations:0|SELECT QuoteId FROM QuoteLineItem WHERE (QuoteId = :tmpVar1 AND Product2.Fortra_Product_Type__c = :tmpVar2)
19:59:57.0 (35729063)|LIMIT_USAGE|[188]|SOQL|2|200
19:59:57.0 (35734187)|LIMIT_USAGE|[188]|AGGS|0|600
19:59:57.0 (52264632)|SOQL_EXECUTE_EXPLAIN|[188]|Index on Quote : [Id], cardinality: 1, sobjectCardinality: 166355, relativeCost 0
19:59:57.0 (52294194)|SOQL_EXECUTE_END|[188]|Rows:0
19:59:57.0 (52377255)|SYSTEM_METHOD_ENTRY|[188]|Database.QueryLocator.iterator()
19:59:57.0 (52496188)|HEAP_ALLOCATE|[188]|Bytes:28
19:59:57.0 (52516636)|HEAP_ALLOCATE|[188]|Bytes:8
19:59:57.0 (52519734)|HEAP_ALLOCATE|[188]|Bytes:8
19:59:57.0 (52527030)|VARIABLE_SCOPE_BEGIN|[15]|this|Database.QueryLocatorIterator|true|false
19:59:57.0 (52620627)|VARIABLE_ASSIGNMENT|[15]|this|{}|0x3d373466
19:59:57.0 (52627243)|VARIABLE_SCOPE_BEGIN|[15]|values|List<SObject>|true|false
19:59:57.0 (52634880)|VARIABLE_ASSIGNMENT|[15]|values|null|
19:59:57.0 (52638367)|VARIABLE_SCOPE_BEGIN|[15]|ql|Database.QueryLocator|true|false
19:59:57.0 (52660842)|VARIABLE_ASSIGNMENT|[15]|ql|{"query":"SELECT QuoteId FROM  (87 more) ..."}|0x17e6c2f7
19:59:57.0 (52665188)|VARIABLE_SCOPE_BEGIN|[15]|totalNumRecords|Integer|false|false
19:59:57.0 (52672064)|VARIABLE_ASSIGNMENT|[15]|totalNumRecords|0
19:59:57.0 (52675044)|VARIABLE_SCOPE_BEGIN|[15]|queryMoreSize|Integer|false|false
19:59:57.0 (52679759)|VARIABLE_ASSIGNMENT|[15]|queryMoreSize|49999
19:59:57.0 (52766347)|HEAP_ALLOCATE|[188]|Bytes:28
19:59:57.0 (52776302)|SYSTEM_METHOD_EXIT|[188]|Database.QueryLocator.iterator()
19:59:57.0 (52801571)|METHOD_ENTRY|[188]||Database.QueryLocatorIterator.hasNext()
19:59:57.0 (52826576)|METHOD_EXIT|[188]||Database.QueryLocatorIterator.hasNext()
19:59:57.0 (52838924)|VARIABLE_ASSIGNMENT|[188]|existing|null|
19:59:57.0 (52845979)|STATEMENT_EXECUTE|[188]
19:59:57.0 (52862724)|STATEMENT_EXECUTE|[197]
19:59:57.0 (52873541)|METHOD_EXIT|[85]|01pWC000002VWVX|RenewalQuoteLineHandler.findQuotesWithRenewalMaintenance(Set<Id>, List<QuoteLineItem>)
19:59:57.0 (52880866)|VARIABLE_SCOPE_BEGIN|[85]|quotesWithRenewalMaint|Set<Id>|true|false
19:59:57.0 (52896488)|VARIABLE_ASSIGNMENT|[85]|quotesWithRenewalMaint|[]|0x486c7c1d
19:59:57.0 (52909715)|SYSTEM_METHOD_ENTRY|[89]|Set<Id>.isEmpty()
19:59:57.0 (52935741)|SYSTEM_METHOD_EXIT|[89]|Set<Id>.isEmpty()
19:59:57.0 (52941105)|STATEMENT_EXECUTE|[89]
19:59:57.0 (52942545)|STATEMENT_EXECUTE|[90]
19:59:57.0 (52948424)|METHOD_EXIT|[64]|01pWC000002VWVX|RenewalQuoteLineHandler.removeNewMaintenanceCarryoverForQuotes(Set<Id>, List<QuoteLineItem>)
19:59:57.0 (52955975)|METHOD_EXIT|[14]|01pWC000002VWVX|RenewalQuoteLineHandler.removeNewMaintenanceCarryoverForQuotes(Set<Id>)
19:59:57.0 (52965918)|SYSTEM_MODE_EXIT|false
19:59:57.0 (53020580)|CODE_UNIT_FINISHED|RenewalQuoteLineCleanupQueueable
19:59:57.0 (53033920)|EXECUTION_FINISHED
19:59:57.89 (89588063)|CUMULATIVE_PROFILING_BEGIN
19:59:57.89 (89588063)|CUMULATIVE_PROFILING|SOQL operations|
Class.RenewalQuoteLineHandler.findQuotesWithRenewalMaintenance: line 188, column 1: [
            SELECT QuoteId
            FROM QuoteLineItem
            WHERE QuoteId IN :renewalQuoteIds
              AND Product2.Fortra_Product_Type__c = :PRODUCT_TYPE_RENEWAL_MAINTENANCE
        ]: executed 3 times in 21 ms
Class.RenewalQuoteLineHandler.resolveRenewalQuoteIds: line 150, column 1: [
            SELECT Id
            FROM Quote
            WHERE Id IN :quoteIds
              AND (
                  OriginalActionType = :QuoteRenewalTypeHandler.ORIGINAL_ACTION_RENEW
                  OR Quote_Type__c = :QuoteRenewalTypeHandler.QUOTE_TYPE_RENEWAL
              )
        ]: executed 5 times in 20 ms

19:59:57.89 (89588063)|CUMULATIVE_PROFILING|No profiling information for SOSL operations
19:59:57.89 (89588063)|CUMULATIVE_PROFILING|No profiling information for DML operations
19:59:57.89 (89588063)|CUMULATIVE_PROFILING|method invocations|
External entry point: public void execute(System.QueueableContext): executed 1 time in 49 ms
Class.RenewalQuoteLineCleanupQueueable.execute: line 14, column 1: public static void removeNewMaintenanceCarryoverForQuotes(Set<Id>): executed 1 time in 44 ms
Class.RenewalQuoteLineHandler.removeNewMaintenanceCarryoverForQuotes: line 64, column 1: global public List<QuoteLineItem>(): executed 2 times in 44 ms
Class.RenewalQuoteLineHandler.removeNewMaintenanceCarryoverForQuotes: line 76, column 1: private static Set<Id> resolveRenewalQuoteIds(Set<Id>): executed 1 time in 23 ms
Class.RenewalQuoteLineHandler.removeNewMaintenanceCarryoverForQuotes: line 85, column 1: private static Set<Id> findQuotesWithRenewalMaintenance(Set<Id>, List<QuoteLineItem>): executed 1 time in 21 ms
Class.RenewalQuoteLineHandler.removeNewMaintenanceCarryoverForQuotes: line 72, column 1: global public Boolean isEmpty(): executed 1 time in 0 ms
Class.RenewalQuoteLineHandler.findQuotesWithRenewalMaintenance: line 169, column 1: public Set<Id>(Integer): executed 1 time in 0 ms
Class.RenewalQuoteLineHandler.loadProductTypeByPbeId: line 202, column 1: global public Boolean isEmpty(): executed 1 time in 0 ms
Class.RenewalQuoteLineHandler.findQuotesWithRenewalMaintenance: line 171, column 1: public Set<Id>(Integer): executed 1 time in 0 ms
Class.RenewalQuoteLineHandler.findQuotesWithRenewalMaintenance: line 172, column 1: global public System.Iterator iterator(): executed 2 times in 0 ms
Class.RenewalQuoteLineHandler.removeNewMaintenanceCarryoverForQuotes: line 77, column 1: global public Boolean isEmpty(): executed 1 time in 0 ms

19:59:57.89 (89588063)|CUMULATIVE_PROFILING_END

