67.0 APEX_CODE,FINEST;APEX_PROFILING,FINEST;CALLOUT,FINEST;DATA_ACCESS,INFO;DB,FINEST;NBA,FINE;SYSTEM,FINE;VALIDATION,INFO;VISUALFORCE,FINER;WAVE,FINEST;WORKFLOW,FINER
17:09:15.1 (1466319)|USER_INFO|[EXTERNAL]|005WC00000MgTN2|liam.jeong.c@fortra.com.uat|(GMT-07:00) Pacific Daylight Time (America/Los_Angeles)|GMT-07:00
17:09:15.1 (1536962)|EXECUTION_STARTED
17:09:15.1 (1560420)|CODE_UNIT_STARTED|[EXTERNAL]|01pWC000002ZJd1|QuotePriceStampQueueable
17:09:15.1 (1855911)|HEAP_ALLOCATE|[95]|Bytes:3
17:09:15.1 (1969295)|HEAP_ALLOCATE|[100]|Bytes:152
17:09:15.1 (1986308)|HEAP_ALLOCATE|[417]|Bytes:408
17:09:15.1 (2022620)|HEAP_ALLOCATE|[430]|Bytes:408
17:09:15.1 (2052366)|HEAP_ALLOCATE|[317]|Bytes:6
17:09:15.1 (2098700)|HEAP_ALLOCATE|[EXTERNAL]|Bytes:5
17:09:15.1 (2121362)|SYSTEM_METHOD_ENTRY|[14]|QueueableContextImpl.QueueableContextImpl()
17:09:15.1 (2133334)|STATEMENT_EXECUTE|[14]
17:09:15.1 (2148567)|SYSTEM_METHOD_EXIT|[14]|QueueableContextImpl
17:09:15.1 (2155539)|HEAP_ALLOCATE|[EXTERNAL]|Bytes:8
17:09:15.1 (2158817)|HEAP_ALLOCATE|[EXTERNAL]|Bytes:4
17:09:15.1 (2178916)|VARIABLE_SCOPE_BEGIN|[21]|this|System.QueueableContextImpl|true|false
17:09:15.1 (2312645)|VARIABLE_ASSIGNMENT|[21]|this|{}|0x21fcab16
17:09:15.1 (2317353)|VARIABLE_SCOPE_BEGIN|[21]|jobId|Id|false|false
17:09:15.1 (2457119)|VARIABLE_ASSIGNMENT|[21]|jobId|"707WC000035I7vbYAC"
17:09:15.1 (5366259)|HEAP_ALLOCATE|[EXTERNAL]|Bytes:4
17:09:15.1 (5393836)|METHOD_ENTRY|[5]|01pWC000002ZJd1|QuotePriceStampQueueable.QuotePriceStampQueueable()
17:09:15.1 (5400744)|STATEMENT_EXECUTE|[5]
17:09:15.1 (5406416)|STATEMENT_EXECUTE|[5]
17:09:15.1 (5432003)|HEAP_ALLOCATE|[68]|Bytes:5
17:09:15.1 (5462538)|HEAP_ALLOCATE|[74]|Bytes:5
17:09:15.1 (5472744)|HEAP_ALLOCATE|[82]|Bytes:7
17:09:15.1 (6867795)|SYSTEM_MODE_ENTER|false
17:09:15.1 (7366997)|HEAP_ALLOCATE|[EXTERNAL]|Bytes:5
17:09:15.1 (7385935)|SYSTEM_MODE_EXIT|false
17:09:15.1 (7401949)|METHOD_EXIT|[5]|QuotePriceStampQueueable
17:09:15.1 (7415556)|HEAP_ALLOCATE|[EXTERNAL]|Bytes:8
17:09:15.1 (7419071)|HEAP_ALLOCATE|[EXTERNAL]|Bytes:8
17:09:15.1 (7433568)|VARIABLE_SCOPE_BEGIN|[12]|this|QuotePriceStampQueueable|true|false
17:09:15.1 (7539717)|VARIABLE_ASSIGNMENT|[12]|this|{"quoteId":"0Q0WC000003GWzt0AG"}|0x63926bc
17:09:15.1 (7545534)|VARIABLE_SCOPE_BEGIN|[12]|context|System.QueueableContext|true|false
17:09:15.1 (7571493)|VARIABLE_ASSIGNMENT|[12]|context|{"jobId":"707WC000035I7vbYAC"}|0x21fcab16
17:09:15.1 (7589566)|SYSTEM_MODE_ENTER|false
17:09:15.1 (7595211)|HEAP_ALLOCATE|[13]|Bytes:5
17:09:15.1 (7599663)|STATEMENT_EXECUTE|[12]
17:09:15.1 (7600971)|STATEMENT_EXECUTE|[13]
17:09:15.1 (19352994)|VARIABLE_SCOPE_BEGIN|[30]|PartnerNetPricePosthook.CONTEXT_DEFINITION_NAME|String|false|true
17:09:15.1 (19372833)|VARIABLE_SCOPE_BEGIN|[29]|PartnerNetPricePosthook.MODEL_DISCOUNT|String|false|true
17:09:15.1 (19378419)|VARIABLE_SCOPE_BEGIN|[28]|PartnerNetPricePosthook.MODEL_GUARANTEED_MARGIN|String|false|true
17:09:15.1 (19383747)|VARIABLE_SCOPE_BEGIN|[26]|PartnerNetPricePosthook.PARTNER_SOURCE_PROCEDURE|String|false|true
17:09:15.1 (19390520)|VARIABLE_SCOPE_BEGIN|[32]|PartnerNetPricePosthook.isProcessing|Boolean|false|true
17:09:15.1 (19455355)|HEAP_ALLOCATE|[13]|Bytes:134
17:09:15.1 (19464165)|HEAP_ALLOCATE|[13]|Bytes:353
17:09:15.1 (19467053)|HEAP_ALLOCATE|[13]|Bytes:66
17:09:15.1 (19469565)|HEAP_ALLOCATE|[13]|Bytes:29
17:09:15.1 (19505865)|VARIABLE_ASSIGNMENT|[13]|PartnerNetPricePosthook.CONTEXT_DEFINITION_NAME|"SalesTransactionCont (9 more) ..."
17:09:15.1 (19509327)|HEAP_ALLOCATE|[13]|Bytes:8
17:09:15.1 (19513657)|VARIABLE_ASSIGNMENT|[13]|PartnerNetPricePosthook.MODEL_DISCOUNT|"Discount"
17:09:15.1 (19516772)|HEAP_ALLOCATE|[13]|Bytes:17
17:09:15.1 (19521544)|VARIABLE_ASSIGNMENT|[13]|PartnerNetPricePosthook.MODEL_GUARANTEED_MARGIN|"Guaranteed Margin"
17:09:15.1 (19524554)|HEAP_ALLOCATE|[13]|Bytes:29
17:09:15.1 (19529724)|VARIABLE_ASSIGNMENT|[13]|PartnerNetPricePosthook.PARTNER_SOURCE_PROCEDURE|"System Calculated (P (9 more) ..."
17:09:15.1 (19554941)|METHOD_ENTRY|[24]|01pWC000002VmiL|PartnerNetPricePosthook.PartnerNetPricePosthook()
17:09:15.1 (19560031)|STATEMENT_EXECUTE|[24]
17:09:15.1 (19564112)|STATEMENT_EXECUTE|[24]
17:09:15.1 (19565392)|STATEMENT_EXECUTE|[32]
17:09:15.1 (19581164)|HEAP_ALLOCATE|[32]|Bytes:5
17:09:15.1 (19589428)|VARIABLE_ASSIGNMENT|[32]|PartnerNetPricePosthook.isProcessing|false
17:09:15.1 (19592468)|STATEMENT_EXECUTE|[35]
17:09:15.1 (19593568)|STATEMENT_EXECUTE|[48]
17:09:15.1 (19594694)|STATEMENT_EXECUTE|[1268]
17:09:15.1 (19595778)|STATEMENT_EXECUTE|[1302]
17:09:15.1 (19596645)|STATEMENT_EXECUTE|[1309]
17:09:15.1 (19597763)|STATEMENT_EXECUTE|[2410]
17:09:15.1 (19603592)|METHOD_EXIT|[24]|PartnerNetPricePosthook
17:09:15.1 (19646001)|METHOD_ENTRY|[13]|01pWC000002VmiL|PartnerNetPricePosthook.stampAttributeListPricesForQuote(Id)
17:09:15.1 (19676859)|VARIABLE_SCOPE_BEGIN|[2440]|quoteId|Id|false|false
17:09:15.1 (19722873)|VARIABLE_ASSIGNMENT|[2440]|quoteId|"0Q0WC000003GWzt0AG"
17:09:15.1 (19728853)|STATEMENT_EXECUTE|[2440]
17:09:15.1 (19731410)|STATEMENT_EXECUTE|[2441]
17:09:15.1 (19732482)|STATEMENT_EXECUTE|[2445]
17:09:15.1 (19749690)|HEAP_ALLOCATE|[2445]|Bytes:4
17:09:15.1 (19771672)|CONSTRUCTOR_ENTRY|[2445]|01pWC000002VmiL|<init>()|PartnerNetPricePosthook
17:09:15.1 (19969734)|VARIABLE_SCOPE_BEGIN|[24]|this|PartnerNetPricePosthook|true|false
17:09:15.1 (20006535)|VARIABLE_ASSIGNMENT|[24]|this|{}|0x3909a07d
17:09:15.1 (20027989)|STATEMENT_EXECUTE|[24]
17:09:15.1 (20037406)|CONSTRUCTOR_EXIT|[2445]|01pWC000002VmiL|<init>()|PartnerNetPricePosthook
17:09:15.1 (20051740)|METHOD_ENTRY|[2445]|01pWC000002VmiL|PartnerNetPricePosthook.loadMaintenanceRates()
17:09:15.1 (20056053)|VARIABLE_SCOPE_BEGIN|[1986]|this|PartnerNetPricePosthook|true|false
17:09:15.1 (20064226)|VARIABLE_ASSIGNMENT|[1986]|this|{}|0x3909a07d
17:09:15.1 (20069618)|STATEMENT_EXECUTE|[1986]
17:09:15.1 (20070720)|STATEMENT_EXECUTE|[1987]
17:09:15.1 (20090553)|HEAP_ALLOCATE|[1987]|Bytes:4
17:09:15.1 (20102215)|VARIABLE_SCOPE_BEGIN|[1987]|rateByType|Map<String,Decimal>|true|false
17:09:15.1 (20119873)|VARIABLE_ASSIGNMENT|[1987]|rateByType|{}|0x2464e6b7
17:09:15.1 (20127509)|HEAP_ALLOCATE|[1988]|Bytes:61
17:09:15.1 (20135629)|HEAP_ALLOCATE|[1988]|Bytes:4
17:09:15.1 (21614300)|SOQL_EXECUTE_BEGIN|[1988]|Aggregations:0|SELECT MaintenanceType__c, Rate__c FROM Maintenance_Rate__mdt
17:09:15.1 (26921982)|SOQL_EXECUTE_EXPLAIN|[1988]|No explain plan is available
17:09:15.1 (26938788)|SOQL_EXECUTE_END|[1988]|Rows:7
17:09:15.1 (26963870)|LIMIT_USAGE|[1988]|SOQL_ROWS|7|50000
17:09:15.1 (26993727)|HEAP_ALLOCATE|[EXTERNAL]|Bytes:32
17:09:15.1 (27157883)|SYSTEM_METHOD_ENTRY|[1988]|Database.QueryLocator.iterator()
17:09:15.1 (27284475)|HEAP_ALLOCATE|[1988]|Bytes:54
17:09:15.1 (27291413)|HEAP_ALLOCATE|[1988]|Bytes:8
17:09:15.1 (27303003)|SYSTEM_METHOD_ENTRY|[7]|QueryLocatorIterator.QueryLocatorIterator()
17:09:15.1 (27306300)|STATEMENT_EXECUTE|[7]
17:09:15.1 (27314375)|SYSTEM_METHOD_EXIT|[7]|QueryLocatorIterator
17:09:15.1 (27322747)|HEAP_ALLOCATE|[1988]|Bytes:28
17:09:15.1 (27417800)|HEAP_ALLOCATE|[1988]|Bytes:32
17:09:15.1 (27430145)|HEAP_ALLOCATE|[1988]|Bytes:8
17:09:15.1 (27432343)|HEAP_ALLOCATE|[1988]|Bytes:8
17:09:15.1 (27437253)|VARIABLE_SCOPE_BEGIN|[15]|this|Database.QueryLocatorIterator|true|false
17:09:15.1 (27478047)|VARIABLE_ASSIGNMENT|[15]|this|{}|0x543635df
17:09:15.1 (27482335)|VARIABLE_SCOPE_BEGIN|[15]|values|List<SObject>|true|false
17:09:15.1 (27499345)|VARIABLE_ASSIGNMENT|[15]|values|"List of size 7 too large to display"|0x2d87d8dd
17:09:15.1 (27503360)|VARIABLE_SCOPE_BEGIN|[15]|ql|Database.QueryLocator|true|false
17:09:15.1 (27525782)|VARIABLE_ASSIGNMENT|[15]|ql|{"query":"SELECT MaintenanceTy (41 more) ..."}|0xba2b3ff
17:09:15.1 (27529934)|VARIABLE_SCOPE_BEGIN|[15]|totalNumRecords|Integer|false|false
17:09:15.1 (27538167)|VARIABLE_ASSIGNMENT|[15]|totalNumRecords|7
17:09:15.1 (27541412)|VARIABLE_SCOPE_BEGIN|[15]|queryMoreSize|Integer|false|false
17:09:15.1 (27546680)|VARIABLE_ASSIGNMENT|[15]|queryMoreSize|49993
17:09:15.1 (27601977)|HEAP_ALLOCATE|[1988]|Bytes:28
17:09:15.1 (27628951)|SYSTEM_METHOD_EXIT|[1988]|Database.QueryLocator.iterator()
17:09:15.1 (27653576)|METHOD_ENTRY|[1988]||Database.QueryLocatorIterator.hasNext()
17:09:15.1 (27754922)|METHOD_EXIT|[1988]||Database.QueryLocatorIterator.hasNext()
17:09:15.1 (27760854)|METHOD_ENTRY|[1988]||Database.QueryLocatorIterator.next()
17:09:15.1 (27838514)|METHOD_EXIT|[1988]||Database.QueryLocatorIterator.next()
17:09:15.1 (27844892)|VARIABLE_SCOPE_BEGIN|[1988]|rateRecord|Maintenance_Rate__mdt|true|false
17:09:15.1 (27929787)|VARIABLE_ASSIGNMENT|[1988]|rateRecord|{"Rate__c":0.15000,"MaintenanceType__c":"Basic","Id":"m16WC000002SfYXYA0"}|0x314d966b
17:09:15.1 (27936133)|STATEMENT_EXECUTE|[1990]
17:09:15.1 (28009817)|SYSTEM_METHOD_ENTRY|[1991]|String.isNotBlank(String)
17:09:15.1 (28036050)|SYSTEM_METHOD_EXIT|[1991]|String.isNotBlank(String)
17:09:15.1 (28072011)|STATEMENT_EXECUTE|[1991]
17:09:15.1 (28073631)|STATEMENT_EXECUTE|[1992]
17:09:15.1 (28100003)|SYSTEM_METHOD_ENTRY|[1992]|Map<String,Decimal>.put(Object, Object)
17:09:15.1 (28118121)|HEAP_ALLOCATE|[EXTERNAL]|Bytes:-4
17:09:15.1 (28125889)|SYSTEM_METHOD_EXIT|[1992]|Map<String,Decimal>.put(Object, Object)
17:09:15.1 (28131310)|METHOD_ENTRY|[1988]||Database.QueryLocatorIterator.hasNext()
17:09:15.1 (28145049)|METHOD_EXIT|[1988]||Database.QueryLocatorIterator.hasNext()
17:09:15.1 (28148429)|METHOD_ENTRY|[1988]||Database.QueryLocatorIterator.next()
17:09:15.1 (28184061)|METHOD_EXIT|[1988]||Database.QueryLocatorIterator.next()
17:09:15.1 (28188165)|VARIABLE_SCOPE_BEGIN|[1988]|rateRecord|Maintenance_Rate__mdt|true|false
17:09:15.1 (28219420)|VARIABLE_ASSIGNMENT|[1988]|rateRecord|{"Rate__c":0.35000,"MaintenanceType__c":"Expert","Id":"m16WC000002SfYYYA0"}|0x3c3c9358
17:09:15.1 (28224089)|STATEMENT_EXECUTE|[1990]
17:09:15.1 (28232734)|SYSTEM_METHOD_ENTRY|[1991]|String.isNotBlank(String)
17:09:15.1 (28238727)|SYSTEM_METHOD_EXIT|[1991]|String.isNotBlank(String)
17:09:15.1 (28244061)|STATEMENT_EXECUTE|[1991]
17:09:15.1 (28245128)|STATEMENT_EXECUTE|[1992]
17:09:15.1 (28253738)|SYSTEM_METHOD_ENTRY|[1992]|Map<String,Decimal>.put(Object, Object)
17:09:15.1 (28256945)|HEAP_ALLOCATE|[EXTERNAL]|Bytes:-4
17:09:15.1 (28262784)|SYSTEM_METHOD_EXIT|[1992]|Map<String,Decimal>.put(Object, Object)
17:09:15.1 (28266634)|METHOD_ENTRY|[1988]||Database.QueryLocatorIterator.hasNext()
17:09:15.1 (28278023)|METHOD_EXIT|[1988]||Database.QueryLocatorIterator.hasNext()
17:09:15.1 (28281264)|METHOD_ENTRY|[1988]||Database.QueryLocatorIterator.next()
17:09:15.1 (28313883)|METHOD_EXIT|[1988]||Database.QueryLocatorIterator.next()
17:09:15.1 (28316951)|VARIABLE_SCOPE_BEGIN|[1988]|rateRecord|Maintenance_Rate__mdt|true|false
17:09:15.1 (28338289)|VARIABLE_ASSIGNMENT|[1988]|rateRecord|{"Rate__c":0.30000,"MaintenanceType__c":"Express","Id":"m16WC000002SfYZYA0"}|0x6e11da81
17:09:15.1 (28342333)|STATEMENT_EXECUTE|[1990]
17:09:15.1 (28349563)|SYSTEM_METHOD_ENTRY|[1991]|String.isNotBlank(String)
17:09:15.1 (28354908)|SYSTEM_METHOD_EXIT|[1991]|String.isNotBlank(String)
17:09:15.1 (28359569)|STATEMENT_EXECUTE|[1991]
17:09:15.1 (28360651)|STATEMENT_EXECUTE|[1992]
17:09:15.1 (28380483)|SYSTEM_METHOD_ENTRY|[1992]|Map<String,Decimal>.put(Object, Object)
17:09:15.1 (28384118)|HEAP_ALLOCATE|[EXTERNAL]|Bytes:-4
17:09:15.1 (28389990)|SYSTEM_METHOD_EXIT|[1992]|Map<String,Decimal>.put(Object, Object)
17:09:15.1 (28393642)|METHOD_ENTRY|[1988]||Database.QueryLocatorIterator.hasNext()
17:09:15.1 (28405400)|METHOD_EXIT|[1988]||Database.QueryLocatorIterator.hasNext()
17:09:15.1 (28408514)|METHOD_ENTRY|[1988]||Database.QueryLocatorIterator.next()
17:09:15.1 (28437950)|METHOD_EXIT|[1988]||Database.QueryLocatorIterator.next()
17:09:15.1 (28441455)|VARIABLE_SCOPE_BEGIN|[1988]|rateRecord|Maintenance_Rate__mdt|true|false
17:09:15.1 (28463246)|VARIABLE_ASSIGNMENT|[1988]|rateRecord|{"Rate__c":0.30000,"MaintenanceType__c":"Premier","Id":"m16WC000002SfYaYAK"}|0x33b2f7e6
17:09:15.1 (28467244)|STATEMENT_EXECUTE|[1990]
17:09:15.1 (28473789)|SYSTEM_METHOD_ENTRY|[1991]|String.isNotBlank(String)
17:09:15.1 (28478943)|SYSTEM_METHOD_EXIT|[1991]|String.isNotBlank(String)
17:09:15.1 (28484071)|STATEMENT_EXECUTE|[1991]
17:09:15.1 (28485054)|STATEMENT_EXECUTE|[1992]
17:09:15.1 (28492441)|SYSTEM_METHOD_ENTRY|[1992]|Map<String,Decimal>.put(Object, Object)
17:09:15.1 (28495400)|HEAP_ALLOCATE|[EXTERNAL]|Bytes:-4
17:09:15.1 (28501159)|SYSTEM_METHOD_EXIT|[1992]|Map<String,Decimal>.put(Object, Object)
17:09:15.1 (28504339)|METHOD_ENTRY|[1988]||Database.QueryLocatorIterator.hasNext()
17:09:15.1 (28514550)|METHOD_EXIT|[1988]||Database.QueryLocatorIterator.hasNext()
17:09:15.1 (28517538)|METHOD_ENTRY|[1988]||Database.QueryLocatorIterator.next()
17:09:15.1 (28545134)|METHOD_EXIT|[1988]||Database.QueryLocatorIterator.next()
17:09:15.1 (28548291)|VARIABLE_SCOPE_BEGIN|[1988]|rateRecord|Maintenance_Rate__mdt|true|false
17:09:15.1 (28567581)|VARIABLE_ASSIGNMENT|[1988]|rateRecord|{"Rate__c":0.24000,"MaintenanceType__c":"Premium","Id":"m16WC000002SfezYAC"}|0x6e7d6aa6
17:09:15.1 (28571381)|STATEMENT_EXECUTE|[1990]
17:09:15.1 (28577891)|SYSTEM_METHOD_ENTRY|[1991]|String.isNotBlank(String)
17:09:15.1 (28583236)|SYSTEM_METHOD_EXIT|[1991]|String.isNotBlank(String)
17:09:15.1 (28588108)|STATEMENT_EXECUTE|[1991]
17:09:15.1 (28589231)|STATEMENT_EXECUTE|[1992]
17:09:15.1 (28596458)|SYSTEM_METHOD_ENTRY|[1992]|Map<String,Decimal>.put(Object, Object)
17:09:15.1 (28599243)|HEAP_ALLOCATE|[EXTERNAL]|Bytes:-4
17:09:15.1 (28604873)|SYSTEM_METHOD_EXIT|[1992]|Map<String,Decimal>.put(Object, Object)
17:09:15.1 (28607972)|METHOD_ENTRY|[1988]||Database.QueryLocatorIterator.hasNext()
17:09:15.1 (28618295)|METHOD_EXIT|[1988]||Database.QueryLocatorIterator.hasNext()
17:09:15.1 (28621215)|METHOD_ENTRY|[1988]||Database.QueryLocatorIterator.next()
17:09:15.1 (28649483)|METHOD_EXIT|[1988]||Database.QueryLocatorIterator.next()
17:09:15.1 (28652283)|VARIABLE_SCOPE_BEGIN|[1988]|rateRecord|Maintenance_Rate__mdt|true|false
17:09:15.1 (28671205)|VARIABLE_ASSIGNMENT|[1988]|rateRecord|{"Rate__c":0.20000,"MaintenanceType__c":"Professional","Id":"m16WC000002SfYbYAK"}|0x36039262
17:09:15.1 (28674964)|STATEMENT_EXECUTE|[1990]
17:09:15.1 (28681189)|SYSTEM_METHOD_ENTRY|[1991]|String.isNotBlank(String)
17:09:15.1 (28686287)|SYSTEM_METHOD_EXIT|[1991]|String.isNotBlank(String)
17:09:15.1 (28690894)|STATEMENT_EXECUTE|[1991]
17:09:15.1 (28691914)|STATEMENT_EXECUTE|[1992]
17:09:15.1 (28699067)|SYSTEM_METHOD_ENTRY|[1992]|Map<String,Decimal>.put(Object, Object)
17:09:15.1 (28701843)|HEAP_ALLOCATE|[EXTERNAL]|Bytes:-4
17:09:15.1 (28707521)|SYSTEM_METHOD_EXIT|[1992]|Map<String,Decimal>.put(Object, Object)
17:09:15.1 (28711045)|METHOD_ENTRY|[1988]||Database.QueryLocatorIterator.hasNext()
17:09:15.1 (28721499)|METHOD_EXIT|[1988]||Database.QueryLocatorIterator.hasNext()
17:09:15.1 (28724485)|METHOD_ENTRY|[1988]||Database.QueryLocatorIterator.next()
17:09:15.1 (28751435)|METHOD_EXIT|[1988]||Database.QueryLocatorIterator.next()
17:09:15.1 (28754312)|VARIABLE_SCOPE_BEGIN|[1988]|rateRecord|Maintenance_Rate__mdt|true|false
17:09:15.1 (28773180)|VARIABLE_ASSIGNMENT|[1988]|rateRecord|{"Rate__c":0.20000,"MaintenanceType__c":"Standard","Id":"m16WC000002SfYcYAK"}|0x56a693f1
17:09:15.1 (28776982)|STATEMENT_EXECUTE|[1990]
17:09:15.1 (28783278)|SYSTEM_METHOD_ENTRY|[1991]|String.isNotBlank(String)
17:09:15.1 (28788318)|SYSTEM_METHOD_EXIT|[1991]|String.isNotBlank(String)
17:09:15.1 (28792879)|STATEMENT_EXECUTE|[1991]
17:09:15.1 (28793988)|STATEMENT_EXECUTE|[1992]
17:09:15.1 (28801052)|SYSTEM_METHOD_ENTRY|[1992]|Map<String,Decimal>.put(Object, Object)
17:09:15.1 (28803788)|HEAP_ALLOCATE|[EXTERNAL]|Bytes:-4
17:09:15.1 (28809315)|SYSTEM_METHOD_EXIT|[1992]|Map<String,Decimal>.put(Object, Object)
17:09:15.1 (28812543)|METHOD_ENTRY|[1988]||Database.QueryLocatorIterator.hasNext()
17:09:15.1 (28820378)|METHOD_EXIT|[1988]||Database.QueryLocatorIterator.hasNext()
17:09:15.1 (28825685)|VARIABLE_ASSIGNMENT|[1988]|rateRecord|null|
17:09:15.1 (28849048)|STATEMENT_EXECUTE|[1995]
17:09:15.1 (28851884)|METHOD_EXIT|[2445]|01pWC000002VmiL|PartnerNetPricePosthook.loadMaintenanceRates()
17:09:15.1 (28856318)|VARIABLE_SCOPE_BEGIN|[2445]|rateByType|Map<String,Decimal>|true|false
17:09:15.1 (28876252)|VARIABLE_ASSIGNMENT|[2445]|rateByType|"Map of size 7 too large to display"|0x2464e6b7
17:09:15.1 (28880365)|STATEMENT_EXECUTE|[2446]
17:09:15.1 (28900707)|HEAP_ALLOCATE|[2446]|Bytes:4
17:09:15.1 (28911677)|VARIABLE_SCOPE_BEGIN|[2446]|tierByLine|Map<Id,String>|true|false
17:09:15.1 (28922446)|VARIABLE_ASSIGNMENT|[2446]|tierByLine|{}|0x728f4304
17:09:15.1 (28929149)|HEAP_ALLOCATE|[2447]|Bytes:193
17:09:15.1 (28936782)|HEAP_ALLOCATE|[2447]|Bytes:4
17:09:15.1 (28940420)|HEAP_ALLOCATE|[2447]|Bytes:7
17:09:15.1 (30850259)|SOQL_EXECUTE_BEGIN|[2447]|Aggregations:0|SELECT QuoteLineItemId, AttributeValue FROM QuoteLineItemAttribute WHERE (QuoteLineItemId IN (SELECT Id FROM QuoteLineItem WHERE QuoteId = :tmpVar1) AND AttributeName = 'Maintenance Type Defn')
17:09:15.1 (30876826)|LIMIT_USAGE|[2447]|SOQL|1|200
17:09:15.1 (30883699)|LIMIT_USAGE|[2447]|AGGS|0|600
17:09:15.1 (533623251)|SOQL_EXECUTE_EXPLAIN|[2447]|No explain plan is available
17:09:15.1 (533643114)|SOQL_EXECUTE_END|[2447]|Rows:0
17:09:15.1 (533699924)|HEAP_ALLOCATE|[2447]|Bytes:20
17:09:15.1 (533741859)|SYSTEM_METHOD_ENTRY|[2447]|Database.QueryLocator.iterator()
17:09:15.1 (533848814)|HEAP_ALLOCATE|[2447]|Bytes:28
17:09:15.1 (533857981)|HEAP_ALLOCATE|[2447]|Bytes:20
17:09:15.1 (533861420)|HEAP_ALLOCATE|[2447]|Bytes:8
17:09:15.1 (533862943)|HEAP_ALLOCATE|[2447]|Bytes:8
17:09:15.1 (533869443)|VARIABLE_SCOPE_BEGIN|[15]|this|Database.QueryLocatorIterator|true|false
17:09:15.1 (533918529)|VARIABLE_ASSIGNMENT|[15]|this|{}|0x20c293ce
17:09:15.1 (533921867)|VARIABLE_SCOPE_BEGIN|[15]|values|List<SObject>|true|false
17:09:15.1 (533928075)|VARIABLE_ASSIGNMENT|[15]|values|null|
17:09:15.1 (533930200)|VARIABLE_SCOPE_BEGIN|[15]|ql|Database.QueryLocator|true|false
17:09:15.1 (533950647)|VARIABLE_ASSIGNMENT|[15]|ql|{"query":"SELECT QuoteLineItem (173 more) ..."}|0x1bdb08f9
17:09:15.1 (533953703)|VARIABLE_SCOPE_BEGIN|[15]|totalNumRecords|Integer|false|false
17:09:15.1 (533958518)|VARIABLE_ASSIGNMENT|[15]|totalNumRecords|0
17:09:15.1 (533960458)|VARIABLE_SCOPE_BEGIN|[15]|queryMoreSize|Integer|false|false
17:09:15.1 (533963933)|VARIABLE_ASSIGNMENT|[15]|queryMoreSize|49993
17:09:15.1 (534014599)|HEAP_ALLOCATE|[2447]|Bytes:28
17:09:15.1 (534019693)|SYSTEM_METHOD_EXIT|[2447]|Database.QueryLocator.iterator()
17:09:15.1 (534037501)|METHOD_ENTRY|[2447]||Database.QueryLocatorIterator.hasNext()
17:09:15.1 (534054848)|METHOD_EXIT|[2447]||Database.QueryLocatorIterator.hasNext()
17:09:15.1 (534179002)|VARIABLE_ASSIGNMENT|[2447]|attr|null|
17:09:15.1 (534184911)|STATEMENT_EXECUTE|[2447]
17:09:15.1 (534203048)|STATEMENT_EXECUTE|[2460]
17:09:15.1 (534249481)|HEAP_ALLOCATE|[2460]|Bytes:4
17:09:15.1 (534315312)|SYSTEM_CONSTRUCTOR_ENTRY|[2460]|<init>()
17:09:15.1 (534345986)|SYSTEM_CONSTRUCTOR_EXIT|[2460]|<init>()
17:09:15.1 (534348308)|VARIABLE_SCOPE_BEGIN|[2460]|updates|List<QuoteLineItem>|true|false
17:09:15.1 (534355114)|HEAP_ALLOCATE|[EXTERNAL]|Bytes:4
17:09:15.1 (534365845)|VARIABLE_ASSIGNMENT|[2460]|updates|[]|0x2a6a31c7
17:09:15.1 (534373107)|HEAP_ALLOCATE|[2461]|Bytes:251
17:09:15.1 (534386492)|HEAP_ALLOCATE|[2461]|Bytes:4
17:09:15.1 (535055776)|SOQL_EXECUTE_BEGIN|[2461]|Aggregations:0|SELECT Id, Fortra_Product_Type__c, Base_Price__c, Pre_Partner_Price__c, ListPrice, UnitPrice, NetUnitPrice, PartnerUnitPrice, Source_List_Price__c, PartnerDiscountPercent, Discount, Partner_Pricing_Source__c FROM QuoteLineItem WHERE QuoteId = :tmpVar1
17:09:15.1 (535081864)|LIMIT_USAGE|[2461]|SOQL|2|200
17:09:15.1 (535088016)|LIMIT_USAGE|[2461]|AGGS|0|600
17:09:15.1 (542366631)|SOQL_EXECUTE_EXPLAIN|[2461]|No explain plan is available
17:09:15.1 (542383888)|SOQL_EXECUTE_END|[2461]|Rows:1
17:09:15.1 (542403724)|LIMIT_USAGE|[2461]|SOQL_ROWS|8|50000
17:09:15.1 (542413344)|HEAP_ALLOCATE|[EXTERNAL]|Bytes:8
17:09:15.1 (542489331)|SYSTEM_METHOD_ENTRY|[2461]|Database.QueryLocator.iterator()
17:09:15.1 (542588604)|HEAP_ALLOCATE|[2461]|Bytes:28
17:09:15.1 (542631866)|HEAP_ALLOCATE|[2461]|Bytes:8
17:09:15.1 (542638911)|HEAP_ALLOCATE|[2461]|Bytes:8
17:09:15.1 (542640436)|HEAP_ALLOCATE|[2461]|Bytes:8
17:09:15.1 (542646471)|VARIABLE_SCOPE_BEGIN|[15]|this|Database.QueryLocatorIterator|true|false
17:09:15.1 (542694351)|VARIABLE_ASSIGNMENT|[15]|this|{}|0x19a94619
17:09:15.1 (542697930)|VARIABLE_SCOPE_BEGIN|[15]|values|List<SObject>|true|false
17:09:15.1 (542826504)|VARIABLE_ASSIGNMENT|[15]|values|[{"ListPrice":5900.00,"NetUnitPrice":0.00,"Id":"0QLWC000003lizx4AA"}]|0x78497a0e
17:09:15.1 (542830419)|VARIABLE_SCOPE_BEGIN|[15]|ql|Database.QueryLocator|true|false
17:09:15.1 (542847462)|VARIABLE_ASSIGNMENT|[15]|ql|{"query":"SELECT Id, Fortra_Pr (231 more) ..."}|0x23585308
17:09:15.1 (542850469)|VARIABLE_SCOPE_BEGIN|[15]|totalNumRecords|Integer|false|false
17:09:15.1 (542855324)|VARIABLE_ASSIGNMENT|[15]|totalNumRecords|1
17:09:15.1 (542857338)|VARIABLE_SCOPE_BEGIN|[15]|queryMoreSize|Integer|false|false
17:09:15.1 (542860614)|VARIABLE_ASSIGNMENT|[15]|queryMoreSize|49992
17:09:15.1 (542912703)|HEAP_ALLOCATE|[2461]|Bytes:28
17:09:15.1 (542918003)|SYSTEM_METHOD_EXIT|[2461]|Database.QueryLocator.iterator()
17:09:15.1 (542937072)|METHOD_ENTRY|[2461]||Database.QueryLocatorIterator.hasNext()
17:09:15.1 (542973584)|METHOD_EXIT|[2461]||Database.QueryLocatorIterator.hasNext()
17:09:15.1 (542978102)|METHOD_ENTRY|[2461]||Database.QueryLocatorIterator.next()
17:09:15.1 (543032230)|METHOD_EXIT|[2461]||Database.QueryLocatorIterator.next()
17:09:15.1 (543040110)|VARIABLE_SCOPE_BEGIN|[2461]|qli|QuoteLineItem|true|false
17:09:15.1 (543063030)|VARIABLE_ASSIGNMENT|[2461]|qli|{"ListPrice":5900.00,"NetUnitPrice":0.00,"Id":"0QLWC000003lizx4AA"}|0x3cb70474
17:09:15.1 (543068708)|STATEMENT_EXECUTE|[2467]
17:09:15.1 (543069911)|STATEMENT_EXECUTE|[2468]
17:09:15.1 (543092741)|METHOD_ENTRY|[2468]|01pWC000002VmiL|PartnerNetPricePosthook.buildAttributeListPriceStampUpdate(QuoteLineItem, Map<String,Decimal>, Map<Id,String>)
17:09:15.1 (543114443)|VARIABLE_SCOPE_BEGIN|[2481]|qli|QuoteLineItem|true|false
17:09:15.1 (543138618)|VARIABLE_ASSIGNMENT|[2481]|qli|{"ListPrice":5900.00,"NetUnitPrice":0.00,"Id":"0QLWC000003lizx4AA"}|0x3cb70474
17:09:15.1 (543143620)|VARIABLE_SCOPE_BEGIN|[2481]|rateByType|Map<String,Decimal>|true|false
17:09:15.1 (543155254)|VARIABLE_ASSIGNMENT|[2481]|rateByType|"Map of size 7 too large to display"|0x2464e6b7
17:09:15.1 (543158875)|VARIABLE_SCOPE_BEGIN|[2481]|tierByLine|Map<Id,String>|true|false
17:09:15.1 (543166890)|VARIABLE_ASSIGNMENT|[2481]|tierByLine|{}|0x728f4304
17:09:15.1 (543173045)|STATEMENT_EXECUTE|[2485]
17:09:15.1 (543174882)|STATEMENT_EXECUTE|[2486]
17:09:15.1 (543175970)|STATEMENT_EXECUTE|[2490]
17:09:15.1 (543196609)|HEAP_ALLOCATE|[2490]|Bytes:4
17:09:15.1 (543377769)|VARIABLE_ASSIGNMENT|[2490]|this.Id|"0QLWC000003lizx4AA"|0x69b63c2b
17:09:15.1 (543400442)|VARIABLE_SCOPE_BEGIN|[2490]|upd|QuoteLineItem|true|false
17:09:15.1 (543411468)|VARIABLE_ASSIGNMENT|[2490]|upd|{"Id":"0QLWC000003lizx4AA"}|0x69b63c2b
17:09:15.1 (543414220)|STATEMENT_EXECUTE|[2491]
17:09:15.1 (543418046)|VARIABLE_SCOPE_BEGIN|[2491]|changed|Boolean|false|false
17:09:15.1 (543427973)|HEAP_ALLOCATE|[2491]|Bytes:5
17:09:15.1 (543431821)|VARIABLE_ASSIGNMENT|[2491]|changed|false
17:09:15.1 (543433623)|STATEMENT_EXECUTE|[2492]
17:09:15.1 (543438492)|VARIABLE_SCOPE_BEGIN|[2492]|productType|String|false|false
17:09:15.1 (543442904)|VARIABLE_ASSIGNMENT|[2492]|productType|null
17:09:15.1 (543449347)|STATEMENT_EXECUTE|[2494]
17:09:15.1 (543450193)|STATEMENT_EXECUTE|[2523]
17:09:15.1 (543454884)|METHOD_EXIT|[2468]|01pWC000002VmiL|PartnerNetPricePosthook.buildAttributeListPriceStampUpdate(QuoteLineItem, Map<String,Decimal>, Map<Id,String>)
17:09:15.1 (543458301)|VARIABLE_SCOPE_BEGIN|[2468]|upd|QuoteLineItem|true|false
17:09:15.1 (543462246)|VARIABLE_ASSIGNMENT|[2468]|upd|null|
17:09:15.1 (543464607)|STATEMENT_EXECUTE|[2469]
17:09:15.1 (543468988)|METHOD_ENTRY|[2461]||Database.QueryLocatorIterator.hasNext()
17:09:15.1 (543478007)|METHOD_EXIT|[2461]||Database.QueryLocatorIterator.hasNext()
17:09:15.1 (543480962)|VARIABLE_ASSIGNMENT|[2461]|qli|null|
17:09:15.1 (543499671)|SYSTEM_METHOD_ENTRY|[2474]|List<QuoteLineItem>.isEmpty()
17:09:15.1 (543516290)|SYSTEM_METHOD_EXIT|[2474]|List<QuoteLineItem>.isEmpty()
17:09:15.1 (543519831)|STATEMENT_EXECUTE|[2474]
17:09:15.1 (543520601)|STATEMENT_EXECUTE|[2477]
17:09:15.1 (543522521)|SYSTEM_METHOD_ENTRY|[2477]|List<QuoteLineItem>.size()
17:09:15.1 (543526782)|SYSTEM_METHOD_EXIT|[2477]|List<QuoteLineItem>.size()
17:09:15.1 (543531008)|METHOD_EXIT|[13]|01pWC000002VmiL|PartnerNetPricePosthook.stampAttributeListPricesForQuote(Id)
17:09:15.1 (543538111)|SYSTEM_MODE_EXIT|false
17:09:15.1 (543568336)|CODE_UNIT_FINISHED|QuotePriceStampQueueable
17:09:15.1 (543579711)|EXECUTION_FINISHED
17:09:15.584 (584674524)|CUMULATIVE_PROFILING_BEGIN
17:09:15.584 (584674524)|CUMULATIVE_PROFILING|SOQL operations|
Class.PartnerNetPricePosthook.stampAttributeListPricesForQuote: line 2447, column 1: [
            SELECT QuoteLineItemId, AttributeValue
            FROM QuoteLineItemAttribute
            WHERE QuoteLineItemId IN (
                SELECT Id FROM QuoteLineItem WHERE QuoteId = :quoteId
            )
            AND AttributeName = 'Maintenance Type Defn'
        ]: executed 3 times in 505 ms
Class.PartnerNetPricePosthook.stampAttributeListPricesForQuote: line 2461, column 1: [
            SELECT Id, Fortra_Product_Type__c, Base_Price__c, Pre_Partner_Price__c,
                   ListPrice, UnitPrice, NetUnitPrice, PartnerUnitPrice, Source_List_Price__c,
                   PartnerDiscountPercent, Discount, Partner_Pricing_Source__c
            FROM QuoteLineItem
            WHERE QuoteId = :quoteId
        ]: executed 5 times in 9 ms
Class.PartnerNetPricePosthook.loadMaintenanceRates: line 1988, column 1: [
            SELECT MaintenanceType__c, Rate__c FROM Maintenance_Rate__mdt
        ]: executed 17 times in 8 ms

17:09:15.584 (584674524)|CUMULATIVE_PROFILING|No profiling information for SOSL operations
17:09:15.584 (584674524)|CUMULATIVE_PROFILING|No profiling information for DML operations
17:09:15.584 (584674524)|CUMULATIVE_PROFILING|method invocations|
External entry point: public void execute(System.QueueableContext): executed 1 time in 539 ms
Class.QuotePriceStampQueueable.execute: line 13, column 1: public static Integer stampAttributeListPricesForQuote(Id): executed 1 time in 524 ms
Class.PartnerNetPricePosthook.stampAttributeListPricesForQuote: line 2445, column 1: global PartnerNetPricePosthook(): executed 2 times in 9 ms
Class.PartnerNetPricePosthook.stampAttributeListPricesForQuote: line 2468, column 1: private static QuoteLineItem buildAttributeListPriceStampUpdate(QuoteLineItem, Map<String,Decimal>, Map<Id,String>): executed 1 time in 1 ms
Class.PartnerNetPricePosthook.loadMaintenanceRates: line 1991, column 1: public static Boolean isNotBlank(String): executed 7 times in 0 ms
Class.PartnerNetPricePosthook.loadMaintenanceRates: line 1992, column 1: global public Object put(Object, Object): executed 7 times in 0 ms
Class.PartnerNetPricePosthook.stampAttributeListPricesForQuote: line 2474, column 1: global public Boolean isEmpty(): executed 1 time in 0 ms
Class.PartnerNetPricePosthook.stampAttributeListPricesForQuote: line 2460, column 1: global public List<QuoteLineItem>(): executed 1 time in 0 ms
Class.PartnerNetPricePosthook.stampAttributeListPricesForQuote: line 2477, column 1: global public Integer size(): executed 1 time in 0 ms

17:09:15.584 (584674524)|CUMULATIVE_PROFILING_END

