Total load-ready: 134; remaining after pilot skip: 133
  [  1/133] OK  OrderEntitiesMapping / AWSMarketplaceOfferId2__c -> 11Rct000000hVmvEAE
  [  2/133] OK  OrderEntitiesMapping / Billing_Place__c -> 11Rct000000hVoXEAU
  [  3/133] OK  OrderEntitiesMapping / CrossSaleType2__c -> 11Rct000000hVlKEAU
  [  4/133] OK  OrderEntitiesMapping / Deal_Type__c -> 11Rct000000hVq9EAE
  [  5/133] OK  OrderEntitiesMapping / DisableExportControl2__c -> 11Rct000000hVrlEAE
  [  6/133] OK  OrderEntitiesMapping / GSW__c -> 11Rct000000hVtNEAU
  [  7/133] OK  OrderEntitiesMapping / MyCap__c -> 11Rct000000hVuzEAE
  [  8/133] OK  OrderEntitiesMapping / PaymentPortal2__c -> 11Rct000000hVwbEAE
  [  9/133] OK  OrderEntitiesMapping / QuoteTypeText__c -> 11Rct000000hVyDEAU
  [ 10/133] OK  OrderEntitiesMapping / QuoteType__c -> 11Rct000000hVzpEAE
  [ 11/133] OK  OrderEntitiesMapping / Quote_NARR__c -> 11Rct000000hW1REAU
  [ 12/133] OK  OrderEntitiesMapping / Referral_Partner__c -> 11Rct000000hW33EAE
  [ 13/133] OK  OrderEntitiesMapping / Shipping_Place__c -> 11Rct000000hW4fEAE
  [ 14/133] OK  OrderEntitiesMapping / Total_Discount_Amount__c -> 11Rct000000hW6HEAU
  [ 15/133] OK  OrderEntitiesMapping / Total_Services__c -> 11Rct000000hW7tEAE
  [ 16/133] OK  OrderEntitiesMapping / Total_Software__c -> 11Rct000000hW34EAE
  [ 17/133] OK  OrderEntitiesMapping / Total_Subscription__c -> 11Rct000000hW9VEAU
  [ 18/133] OK  OrderEntitiesMapping / AllowRegionalPricing__c -> 11Rct000000hWB7EAM
  [ 19/133] OK  OrderEntitiesMapping / Attribute_Multiplier_Pct__c -> 11Rct000000hWCjEAM
  [ 20/133] OK  OrderEntitiesMapping / Attribute_Price_Mode__c -> 11Rct000000hWELEA2
  [ 21/133] OK  OrderEntitiesMapping / Base_Price__c -> 11Rct000000hVjiEAE
  [ 22/133] OK  OrderEntitiesMapping / COLACalculatedPrice__c -> 11Rct000000hWFxEAM
  [ 23/133] OK  OrderEntitiesMapping / COLA_Uplift_Percent__c -> 11Rct000000hWHZEA2
  [ 24/133] OK  OrderEntitiesMapping / Currency__c -> 11Rct000000hWJBEA2
  [ 25/133] OK  OrderEntitiesMapping / Fortra_Product_Type__c -> 11Rct000000hWKnEAM
  [ 26/133] OK  OrderEntitiesMapping / GSA__c -> 11Rct000000hWMPEA2
  [ 27/133] OK  OrderEntitiesMapping / Hardware_ID__c -> 11Rct000000hWO1EAM
  [ 28/133] OK  OrderEntitiesMapping / Hardware__c -> 11Rct000000hWPdEAM
  [ 29/133] OK  OrderEntitiesMapping / Has_Attribute_Adjustment__c -> 11Rct000000hWRFEA2
  [ 30/133] OK  OrderEntitiesMapping / Hostname__c -> 11Rct000000hWSrEAM
  [ 31/133] OK  OrderEntitiesMapping / Instances__c -> 11Rct000000hWUTEA2
  [ 32/133] OK  OrderEntitiesMapping / LPAR_Number__c -> 11Rct000000hWW5EAM
  [ 33/133] OK  OrderEntitiesMapping / LPAR_System_Name__c -> 11Rct000000hWXhEAM
  [ 34/133] OK  OrderEntitiesMapping / Model__c -> 11Rct000000hWZJEA2
  [ 35/133] OK  OrderEntitiesMapping / OrderLineARR__c -> 11Rct000000hWavEAE
  [ 36/133] OK  OrderEntitiesMapping / Order_Product_Displaced_ARR__c -> 11Rct000000hWcXEAU
  [ 37/133] OK  OrderEntitiesMapping / Partition__c -> 11Rct000000hWe9EAE
  [ 38/133] OK  OrderEntitiesMapping / QLI_Displaced_ARR__c -> 11Rct000000hWflEAE
  [ 39/133] OK  OrderEntitiesMapping / QuoteLine_NARR__c -> 11Rct000000hWhNEAU
  [ 40/133] OK  OrderEntitiesMapping / RegionalNetUnitPrice__c -> 11Rct000000hWizEAE
  [ 41/133] OK  OrderEntitiesMapping / Sales_Support_Notes__c -> 11Rct000000hWkbEAE
  [ 42/133] OK  OrderEntitiesMapping / Serial_Number__c -> 11Rct000000hWmDEAU
  [ 43/133] OK  OrderEntitiesMapping / Swap__c -> 11Rct000000hWnpEAE
  [ 44/133] OK  OrderEntitiesMapping / System_Type__c -> 11Rct000000hUkREAU
  [ 45/133] OK  OrderEntitiesMapping / TwoYearsAfterStartDate__c -> 11Rct000000hWpREAU
  [ 46/133] OK  OrderEntitiesMapping / YearAfterStartDate__c -> 11Rct000000hWr3EAE
  [ 47/133] OK  QuoteEntitiesMapping / AWSMarketplaceAgreementId2__c -> 11Rct000000hWsfEAE
  [ 48/133] OK  QuoteEntitiesMapping / AWSMarketplaceOfferId2__c -> 11Rct000000hWuHEAU
  [ 49/133] OK  QuoteEntitiesMapping / Billing_Partner__c -> 11Rct000000hWvtEAE
  [ 50/133] OK  QuoteEntitiesMapping / Billing_Place__c -> 11Rct000000hWxVEAU
  [ 51/133] OK  QuoteEntitiesMapping / CrossSaleType2__c -> 11Rct000000hWz7EAE
  [ 52/133] OK  QuoteEntitiesMapping / Deal_Type__c -> 11Rct000000hW9WEAU
  [ 53/133] OK  QuoteEntitiesMapping / DisableExportControl2__c -> 11Rct000000hX0jEAE
  [ 54/133] OK  QuoteEntitiesMapping / Distributor__c -> 11Rct000000hX2LEAU
  [ 55/133] OK  QuoteEntitiesMapping / GSW__c -> 11Rct000000hWr4EAE
  [ 56/133] OK  QuoteEntitiesMapping / Header_Discount_Type__c -> 11Rct000000hX3xEAE
  [ 57/133] OK  QuoteEntitiesMapping / Header_Discount_Value__c -> 11Rct000000hX5ZEAU
  [ 58/133] OK  QuoteEntitiesMapping / Header_Distribution_Logic__c -> 11Rct000000hX7BEAU
  [ 59/133] OK  QuoteEntitiesMapping / Header_Distribution_Type__c -> 11Rct000000hX8nEAE
  [ 60/133] OK  QuoteEntitiesMapping / Header_Remainder_Amount__c -> 11Rct000000hXAPEA2
  [ 61/133] OK  QuoteEntitiesMapping / ManualDiscountPercent__c -> 11Rct000000hXC1EAM
  [ 62/133] OK  QuoteEntitiesMapping / MyCap__c -> 11Rct000000hXDdEAM
  [ 63/133] OK  QuoteEntitiesMapping / OriginalOrderId__c -> 11Rct000000hWkcEAE
  [ 64/133] OK  QuoteEntitiesMapping / Partner_Account__c -> 11Rct000000hX0kEAE
  [ 65/133] OK  QuoteEntitiesMapping / Partner_Pricing_Model__c -> 11Rct000000hUkSEAU
  [ 66/133] OK  QuoteEntitiesMapping / PaymentPortal2__c -> 11Rct000000hXFFEA2
  [ 67/133] OK  QuoteEntitiesMapping / QuoteTypeText__c -> 11Rct000000hXGrEAM
  [ 68/133] OK  QuoteEntitiesMapping / QuoteType__c -> 11Rct000000hWawEAE
  [ 69/133] OK  QuoteEntitiesMapping / Quote_NARR__c -> 11Rct000000hXITEA2
  [ 70/133] OK  QuoteEntitiesMapping / Referral_Partner__c -> 11Rct000000hXK5EAM
  [ 71/133] OK  QuoteEntitiesMapping / Reseller__c -> 11Rct000000hXLhEAM
  [ 72/133] OK  QuoteEntitiesMapping / Shipping_Place__c -> 11Rct000000hXNJEA2
  [ 73/133] OK  QuoteEntitiesMapping / Total_Discount_Amount__c -> 11Rct000000hXOvEAM
  [ 74/133] OK  QuoteEntitiesMapping / Total_Services__c -> 11Rct000000hXQXEA2
  [ 75/133] OK  QuoteEntitiesMapping / Total_Software__c -> 11Rct000000hXS9EAM
  [ 76/133] OK  QuoteEntitiesMapping / Total_Subscription__c -> 11Rct000000hXTlEAM
  [ 77/133] OK  QuoteEntitiesMapping / AllowRegionalPricing__c -> 11Rct000000hXVNEA2
  [ 78/133] OK  QuoteEntitiesMapping / Attribute_Multiplier_Pct__c -> 11Rct000000hXWzEAM
  [ 79/133] OK  QuoteEntitiesMapping / Attribute_Picklist_Value__c -> 11Rct000000hWZKEA2
  [ 80/133] OK  QuoteEntitiesMapping / Attribute_Price_Mode__c -> 11Rct000000hXYbEAM
  [ 81/133] OK  QuoteEntitiesMapping / Base_Price__c -> 11Rct000000hXaDEAU
  [ 82/133] OK  QuoteEntitiesMapping / COLACalculatedPrice__c -> 11Rct000000hVwcEAE
  [ 83/133] OK  QuoteEntitiesMapping / COLAUpliftPercent2__c -> 11Rct000000hW4gEAE
  [ 84/133] OK  QuoteEntitiesMapping / COLAUpliftPercent__c -> 11Rct000000hXbpEAE
  [ 85/133] OK  QuoteEntitiesMapping / COLA_Applied_Date__c -> 11Rct000000hXdREAU
  [ 86/133] OK  QuoteEntitiesMapping / COLA_Solution_Category__c -> 11Rct000000hW1SEAU
  [ 87/133] OK  QuoteEntitiesMapping / COLA_Source__c -> 11Rct000000hXf3EAE
  [ 88/133] OK  QuoteEntitiesMapping / COLA_Uplift_Percent__c -> 11Rct000000hVjjEAE
  [ 89/133] OK  QuoteEntitiesMapping / Currency__c -> 11Rct000000hXgfEAE
  [ 90/133] OK  QuoteEntitiesMapping / Custom_Product_Name__c -> 11Rct000000hXiHEAU
  [ 91/133] OK  QuoteEntitiesMapping / Fortra_Product_Type__c -> 11Rct000000hXjtEAE
  [ 92/133] OK  QuoteEntitiesMapping / GSA__c -> 11Rct000000hXlVEAU
  [ 93/133] OK  QuoteEntitiesMapping / Hardware_ID__c -> 11Rct000000hXn7EAE
  [ 94/133] OK  QuoteEntitiesMapping / Hardware__c -> 11Rct000000hXojEAE
  [ 95/133] OK  QuoteEntitiesMapping / Has_Attribute_Adjustment__c -> 11Rct000000hXf4EAE
  [ 96/133] OK  QuoteEntitiesMapping / Hostname__c -> 11Rct000000hXqLEAU
  [ 97/133] OK  QuoteEntitiesMapping / Instances__c -> 11Rct000000hXrxEAE
  [ 98/133] OK  QuoteEntitiesMapping / IsAssetizable -> 11Rct000000hXtZEAU
  [ 99/133] OK  QuoteEntitiesMapping / IsCOLAOverridden__c -> 11Rct000000hXvBEAU
  [100/133] OK  QuoteEntitiesMapping / Is_COLA_Overridden__c -> 11Rct000000hXwnEAE
  [101/133] OK  QuoteEntitiesMapping / Is_Partner_Price_Overridden__c -> 11Rct000000hXyPEAU
  [102/133] OK  QuoteEntitiesMapping / ItemTotalAdjustmentDistAmount -> 11Rct000000hXokEAE
  [103/133] OK  QuoteEntitiesMapping / LPAR_Number__c -> 11Rct000000hY01EAE
  [104/133] OK  QuoteEntitiesMapping / LPAR_System_Name__c -> 11Rct000000hXX0EAM
  [105/133] OK  QuoteEntitiesMapping / MaintenanceType__c -> 11Rct000000hY1dEAE
  [106/133] OK  QuoteEntitiesMapping / Model__c -> 11Rct000000hY3FEAU
  [107/133] OK  QuoteEntitiesMapping / ParentReference -> 11Rct000000hY4rEAE
  [108/133] OK  QuoteEntitiesMapping / Partition__c -> 11Rct000000hY6TEAU
  [109/133] OK  QuoteEntitiesMapping / Partner_Adjusted_Price__c -> 11Rct000000hY85EAE
  [110/133] OK  QuoteEntitiesMapping / Partner_Discount_Percent__c -> 11Rct000000hY9hEAE
  [111/133] OK  QuoteEntitiesMapping / Partner_Margin_Detail__c -> 11Rct000000hYBJEA2
  [112/133] OK  QuoteEntitiesMapping / Partner_Pricing_Model_Applied__c -> 11Rct000000hYCvEAM
  [113/133] OK  QuoteEntitiesMapping / Partner_Pricing_Source__c -> 11Rct000000hXdSEAU
  [114/133] OK  QuoteEntitiesMapping / Partner_Pricing_Warning__c -> 11Rct000000hYEXEA2
  [115/133] OK  QuoteEntitiesMapping / Pre_COLA_Price__c -> 11Rct000000hYG9EAM
  [116/133] OK  QuoteEntitiesMapping / Pre_Partner_Price__c -> 11Rct000000hYHlEAM
  [117/133] OK  QuoteEntitiesMapping / PricingTerm -> 11Rct000000hXDeEAM
  [118/133] OK  QuoteEntitiesMapping / ProformaBillingPeriodAmount -> 11Rct000000hYJNEA2
  [119/133] OK  QuoteEntitiesMapping / QLI_Displaced_ARR__c -> 11Rct000000hWkdEAE
  [120/133] OK  QuoteEntitiesMapping / QuoteLine_NARR__c -> 11Rct000000hYKzEAM
  [121/133] OK  QuoteEntitiesMapping / RegionalNetUnitPrice__c -> 11Rct000000hYMbEAM
  [122/133] OK  QuoteEntitiesMapping / RoundedLineAmount -> 11Rct000000hWCkEAM
  [123/133] OK  QuoteEntitiesMapping / SalesItemType -> 11Rct000000hYODEA2
  [124/133] OK  QuoteEntitiesMapping / Sales_Support_Notes__c -> 11Rct000000hYPpEAM
  [125/133] OK  QuoteEntitiesMapping / Serial_Number__c -> 11Rct000000hY4sEAE
  [126/133] OK  QuoteEntitiesMapping / Swap__c -> 11Rct000000hYT3EAM
  [127/133] OK  QuoteEntitiesMapping / System_Type__c -> 11Rct000000hYUfEAM
  [128/133] OK  QuoteEntitiesMapping / Test__c -> 11Rct000000hXn8EAE
  [129/133] OK  QuoteEntitiesMapping / TotalTaxAmount -> 11Rct000000hYWHEA2
  [130/133] OK  QuoteEntitiesMapping / TwoYearsAfterStartDate__c -> 11Rct000000hYJOEA2
  [131/133] OK  QuoteEntitiesMapping / YearAfterStartDate__c -> 11Rct000000hYXtEAM
  [132/133] OK  SalesTransaction / Custom_Product_Name__c -> 11Rct000000hVdGEAU
  [133/133] OK  SalesTransaction / Fortra_Product_Type__c -> 11Rct000000hYZVEA2

Summary: 133 succeeded, 0 failed (out of 133)
