Inserting 26 PPOMs into MergeBuild...

  [ 1/26] OK  src=17rWJ000000cdWbYAI -> mb=17rct000000KCJZAA4
  [ 2/26] OK  src=17rWJ000000cdWcYAI -> mb=17rct000000KCLBAA4
  [ 3/26] OK  src=17rWJ000000cdWdYAI -> mb=17rct000000KCMnAAO
  [ 4/26] OK  src=17rWJ000000cdWeYAI -> mb=17rct000000KCOPAA4
  [ 5/26] OK  src=17rWJ000000cdWfYAI -> mb=17rct000000KCQ1AAO
  [ 6/26] OK  src=17rWJ000000cdWgYAI -> mb=17rct000000KCRdAAO
  [ 7/26] OK  src=17rWJ000000cdWhYAI -> mb=17rct000000KCTFAA4
  [ 8/26] OK  src=17rWJ000000cdWiYAI -> mb=17rct000000KCUrAAO
  [ 9/26] OK  src=17rWJ000000cdWjYAI -> mb=17rct000000KCWTAA4
  [10/26] OK  src=17rWJ000000cdWkYAI -> mb=17rct000000KCY5AAO
  [11/26] OK  src=17rWJ000000cdWlYAI -> mb=17rct000000KCZhAAO
  [12/26] OK  src=17rWJ000000cdWmYAI -> mb=17rct000000KCbJAAW
  [13/26] OK  src=17rWJ000000cdWnYAI -> mb=17rct000000KCcvAAG
  [14/26] OK  src=17rWJ000000cdWoYAI -> mb=17rct000000KCeXAAW
  [15/26] OK  src=17rWJ000000cdWpYAI -> mb=17rct000000KCg9AAG
  [16/26] OK  src=17rWJ000000cdWqYAI -> mb=17rct000000KChlAAG
  [17/26] OK  src=17rWJ000000cdWrYAI -> mb=17rct000000KCjNAAW
  [18/26] OK  src=17rWJ000000cdWsYAI -> mb=17rct000000KCkzAAG
  [19/26] OK  src=17rWJ000000cdWtYAI -> mb=17rct000000KCmbAAG
  [20/26] OK  src=17rWJ000000cdWuYAI -> mb=17rct000000KCoDAAW
  [21/26] OK  src=17rWJ000000cdWvYAI -> mb=17rct000000KCppAAG
  [22/26] OK  src=17rWJ000000cdWwYAI -> mb=17rct000000KCrRAAW
  [23/26] OK  src=17rWJ000000cdWxYAI -> mb=17rct000000KCt3AAG
  [24/26] OK  src=17rWJ000000cdWyYAI -> mb=17rct000000KCufAAG
  [25/26] OK  src=17rWJ000000cdWzYAI -> mb=17rct000000KCwHAAW
  [26/26] OK  src=17rWJ000000cdX0YAI -> mb=17rct000000KCxtAAG

Summary: 26 succeeded, 0 failed (out of 26)
